----------------------------------------------------------------------
Log file created at :2026-07-26_20-35-53
----------------------------------------------------------------------

-----------------------System Report-----------------------------
Number of Active CPU Cores : 4
CPU Usage : 2.7 %
----------------------------------------------------------------------

RAM Usage : 90.1 %
Total RAM available : 4157890560
----------------------------------------------------------------------

Network Usage Report
Sent : 8.35 MB
Receive : 172.44 MB
----------------------------------------------------------------------

PID : 0
Name : System Idle Process
PID : 0
UserName : NT AUTHORITY\SYSTEM
Status : running
CPU Usage : 0.00
RAM (memory) Usage : 0.00
----------------------------------------------------------------------
PID : 4
Name : System
PID : 4
UserName : NT AUTHORITY\SYSTEM
Status : running
CPU Usage : 0.00
RAM (memory) Usage : 0.00
----------------------------------------------------------------------
PID : 100
Name : Registry
PID : 100
UserName : None
Status : running
CPU Usage : 0.00
RAM (memory) Usage : 0.22
----------------------------------------------------------------------
PID : 408
Name : svchost.exe
PID : 408
UserName : None
Status : running
CPU Usage : 0.00
RAM (memory) Usage : 0.39
----------------------------------------------------------------------
PID : 448
Name : fontdrvhost.exe
PID : 448
UserName : None
Status : running
CPU Usage : 0.00
RAM (memory) Usage : 0.01
----------------------------------------------------------------------
PID : 484
Name : smss.exe
PID : 484
UserName : None
Status : running
CPU Usage : 0.00
RAM (memory) Usage : 0.00
----------------------------------------------------------------------
PID : 528
Name : fontdrvhost.exe
PID : 528
UserName : None
Status : running
CPU Usage : 0.00
RAM (memory) Usage : 0.06
----------------------------------------------------------------------
PID : 728
Name : csrss.exe
PID : 728
UserName : None
Status : running
CPU Usage : 0.00
RAM (memory) Usage : 0.03
----------------------------------------------------------------------
PID : 732
Name : svchost.exe
PID : 732
UserName : None
Status : running
CPU Usage : 0.00
RAM (memory) Usage : 0.44
----------------------------------------------------------------------
PID : 832
Name : wininit.exe
PID : 832
UserName : None
Status : running
CPU Usage : 0.00
RAM (memory) Usage : 0.00
----------------------------------------------------------------------
PID : 840
Name : csrss.exe
PID : 840
UserName : None
Status : running
CPU Usage : 0.00
RAM (memory) Usage : 0.03
----------------------------------------------------------------------
PID : 932
Name : winlogon.exe
PID : 932
UserName : None
Status : running
CPU Usage : 0.00
RAM (memory) Usage : 0.04
----------------------------------------------------------------------
PID : 976
Name : services.exe
PID : 976
UserName : None
Status : running
CPU Usage : 0.00
RAM (memory) Usage : 0.11
----------------------------------------------------------------------
PID : 1000
Name : lsass.exe
PID : 1000
UserName : None
Status : running
CPU Usage : 0.00
RAM (memory) Usage : 0.20
----------------------------------------------------------------------
PID : 1060
Name : svchost.exe
PID : 1060
UserName : None
Status : running
CPU Usage : 0.00
RAM (memory) Usage : 0.11
----------------------------------------------------------------------
PID : 1116
Name : svchost.exe
PID : 1116
UserName : None
Status : running
CPU Usage : 0.00
RAM (memory) Usage : 0.34
----------------------------------------------------------------------
PID : 1168
Name : svchost.exe
PID : 1168
UserName : None
Status : running
CPU Usage : 0.00
RAM (memory) Usage : 0.06
----------------------------------------------------------------------
PID : 1212
Name : svchost.exe
PID : 1212
UserName : None
Status : running
CPU Usage : 0.00
RAM (memory) Usage : 0.03
----------------------------------------------------------------------
PID : 1240
Name : svchost.exe
PID : 1240
UserName : None
Status : running
CPU Usage : 0.00
RAM (memory) Usage : 0.08
----------------------------------------------------------------------
PID : 1272
Name : svchost.exe
PID : 1272
UserName : None
Status : running
CPU Usage : 0.00
RAM (memory) Usage : 0.09
----------------------------------------------------------------------
PID : 1288
Name : svchost.exe
PID : 1288
UserName : None
Status : running
CPU Usage : 0.00
RAM (memory) Usage : 0.04
----------------------------------------------------------------------
PID : 1372
Name : svchost.exe
PID : 1372
UserName : None
Status : running
CPU Usage : 0.00
RAM (memory) Usage : 0.05
----------------------------------------------------------------------
PID : 1432
Name : svchost.exe
PID : 1432
UserName : None
Status : running
CPU Usage : 0.00
RAM (memory) Usage : 0.13
----------------------------------------------------------------------
PID : 1448
Name : svchost.exe
PID : 1448
UserName : None
Status : running
CPU Usage : 0.00
RAM (memory) Usage : 0.03
----------------------------------------------------------------------
PID : 1460
Name : svchost.exe
PID : 1460
UserName : None
Status : running
CPU Usage : 0.00
RAM (memory) Usage : 0.17
----------------------------------------------------------------------
PID : 1540
Name : svchost.exe
PID : 1540
UserName : None
Status : running
CPU Usage : 0.00
RAM (memory) Usage : 0.16
----------------------------------------------------------------------
PID : 1592
Name : dwm.exe
PID : 1592
UserName : None
Status : running
CPU Usage : 0.00
RAM (memory) Usage : 1.23
----------------------------------------------------------------------
PID : 1612
Name : svchost.exe
PID : 1612
UserName : None
Status : running
CPU Usage : 0.00
RAM (memory) Usage : 0.03
----------------------------------------------------------------------
PID : 1624
Name : svchost.exe
PID : 1624
UserName : None
Status : running
CPU Usage : 0.00
RAM (memory) Usage : 0.03
----------------------------------------------------------------------
PID : 1792
Name : atiesrxx.exe
PID : 1792
UserName : None
Status : running
CPU Usage : 0.00
RAM (memory) Usage : 0.00
----------------------------------------------------------------------
PID : 1800
Name : svchost.exe
PID : 1800
UserName : None
Status : running
CPU Usage : 0.00
RAM (memory) Usage : 0.17
----------------------------------------------------------------------
PID : 1828
Name : TextInputHost.exe
PID : 1828
UserName : DESKTOP-51BDU4F\ADMIN
Status : running
CPU Usage : 0.00
RAM (memory) Usage : 0.49
----------------------------------------------------------------------
PID : 1888
Name : svchost.exe
PID : 1888
UserName : None
Status : running
CPU Usage : 0.00
RAM (memory) Usage : 0.13
----------------------------------------------------------------------
PID : 1928
Name : svchost.exe
PID : 1928
UserName : None
Status : running
CPU Usage : 0.00
RAM (memory) Usage : 0.09
----------------------------------------------------------------------
PID : 2032
Name : svchost.exe
PID : 2032
UserName : None
Status : running
CPU Usage : 0.00
RAM (memory) Usage : 0.09
----------------------------------------------------------------------
PID : 2096
Name : svchost.exe
PID : 2096
UserName : None
Status : running
CPU Usage : 0.00
RAM (memory) Usage : 0.05
----------------------------------------------------------------------
PID : 2120
Name : ApplicationFrameHost.exe
PID : 2120
UserName : DESKTOP-51BDU4F\ADMIN
Status : running
CPU Usage : 0.00
RAM (memory) Usage : 0.06
----------------------------------------------------------------------
PID : 2124
Name : MoUsoCoreWorker.exe
PID : 2124
UserName : None
Status : running
CPU Usage : 0.00
RAM (memory) Usage : 0.09
----------------------------------------------------------------------
PID : 2144
Name : MemCompression
PID : 2144
UserName : None
Status : running
CPU Usage : 0.00
RAM (memory) Usage : 1.83
----------------------------------------------------------------------
PID : 2172
Name : svchost.exe
PID : 2172
UserName : None
Status : running
CPU Usage : 0.00
RAM (memory) Usage : 0.01
----------------------------------------------------------------------
PID : 2312
Name : igfxCUIService.exe
PID : 2312
UserName : None
Status : running
CPU Usage : 0.00
RAM (memory) Usage : 0.01
----------------------------------------------------------------------
PID : 2380
Name : svchost.exe
PID : 2380
UserName : None
Status : running
CPU Usage : 0.00
RAM (memory) Usage : 0.05
----------------------------------------------------------------------
PID : 2388
Name : svchost.exe
PID : 2388
UserName : None
Status : running
CPU Usage : 0.00
RAM (memory) Usage : 0.05
----------------------------------------------------------------------
PID : 2484
Name : svchost.exe
PID : 2484
UserName : None
Status : running
CPU Usage : 0.00
RAM (memory) Usage : 0.16
----------------------------------------------------------------------
PID : 2568
Name : svchost.exe
PID : 2568
UserName : None
Status : running
CPU Usage : 0.00
RAM (memory) Usage : 0.03
----------------------------------------------------------------------
PID : 2660
Name : svchost.exe
PID : 2660
UserName : None
Status : running
CPU Usage : 0.00
RAM (memory) Usage : 0.08
----------------------------------------------------------------------
PID : 2684
Name : svchost.exe
PID : 2684
UserName : None
Status : running
CPU Usage : 0.00
RAM (memory) Usage : 0.02
----------------------------------------------------------------------
PID : 2740
Name : svchost.exe
PID : 2740
UserName : None
Status : running
CPU Usage : 0.00
RAM (memory) Usage : 0.05
----------------------------------------------------------------------
PID : 2748
Name : svchost.exe
PID : 2748
UserName : None
Status : running
CPU Usage : 0.00
RAM (memory) Usage : 0.03
----------------------------------------------------------------------
PID : 2768
Name : svchost.exe
PID : 2768
UserName : None
Status : running
CPU Usage : 0.00
RAM (memory) Usage : 0.06
----------------------------------------------------------------------
PID : 2840
Name : Code.exe
PID : 2840
UserName : DESKTOP-51BDU4F\ADMIN
Status : running
CPU Usage : 0.00
RAM (memory) Usage : 0.10
----------------------------------------------------------------------
PID : 2848
Name : svchost.exe
PID : 2848
UserName : None
Status : running
CPU Usage : 0.00
RAM (memory) Usage : 0.05
----------------------------------------------------------------------
PID : 2912
Name : taskhostw.exe
PID : 2912
UserName : DESKTOP-51BDU4F\ADMIN
Status : running
CPU Usage : 0.00
RAM (memory) Usage : 0.08
----------------------------------------------------------------------
PID : 2928
Name : svchost.exe
PID : 2928
UserName : None
Status : running
CPU Usage : 0.00
RAM (memory) Usage : 0.29
----------------------------------------------------------------------
PID : 2984
Name : svchost.exe
PID : 2984
UserName : None
Status : running
CPU Usage : 0.00
RAM (memory) Usage : 0.08
----------------------------------------------------------------------
PID : 3004
Name : dllhost.exe
PID : 3004
UserName : DESKTOP-51BDU4F\ADMIN
Status : running
CPU Usage : 0.00
RAM (memory) Usage : 0.07
----------------------------------------------------------------------
PID : 3068
Name : ShellExperienceHost.exe
PID : 3068
UserName : DESKTOP-51BDU4F\ADMIN
Status : stopped
CPU Usage : 0.00
RAM (memory) Usage : 0.02
----------------------------------------------------------------------
PID : 3116
Name : spoolsv.exe
PID : 3116
UserName : None
Status : running
CPU Usage : 0.00
RAM (memory) Usage : 0.03
----------------------------------------------------------------------
PID : 3140
Name : svchost.exe
PID : 3140
UserName : None
Status : running
CPU Usage : 0.00
RAM (memory) Usage : 0.05
----------------------------------------------------------------------
PID : 3156
Name : svchost.exe
PID : 3156
UserName : None
Status : running
CPU Usage : 0.00
RAM (memory) Usage : 0.16
----------------------------------------------------------------------
PID : 3240
Name : svchost.exe
PID : 3240
UserName : None
Status : running
CPU Usage : 0.00
RAM (memory) Usage : 0.04
----------------------------------------------------------------------
PID : 3432
Name : svchost.exe
PID : 3432
UserName : None
Status : running
CPU Usage : 0.00
RAM (memory) Usage : 0.12
----------------------------------------------------------------------
PID : 3516
Name : armsvc.exe
PID : 3516
UserName : None
Status : running
CPU Usage : 0.00
RAM (memory) Usage : 0.01
----------------------------------------------------------------------
PID : 3532
Name : svchost.exe
PID : 3532
UserName : None
Status : running
CPU Usage : 0.00
RAM (memory) Usage : 0.05
----------------------------------------------------------------------
PID : 3544
Name : svchost.exe
PID : 3544
UserName : None
Status : running
CPU Usage : 0.00
RAM (memory) Usage : 0.50
----------------------------------------------------------------------
PID : 3552
Name : svchost.exe
PID : 3552
UserName : None
Status : running
CPU Usage : 0.00
RAM (memory) Usage : 0.28
----------------------------------------------------------------------
PID : 3580
Name : svchost.exe
PID : 3580
UserName : None
Status : running
CPU Usage : 0.00
RAM (memory) Usage : 0.09
----------------------------------------------------------------------
PID : 3588
Name : mongod.exe
PID : 3588
UserName : None
Status : running
CPU Usage : 0.00
RAM (memory) Usage : 0.77
----------------------------------------------------------------------
PID : 3612
Name : svchost.exe
PID : 3612
UserName : None
Status : running
CPU Usage : 0.00
RAM (memory) Usage : 0.03
----------------------------------------------------------------------
PID : 3636
Name : svchost.exe
PID : 3636
UserName : None
Status : running
CPU Usage : 0.00
RAM (memory) Usage : 0.08
----------------------------------------------------------------------
PID : 3644
Name : SynTPEnhService.exe
PID : 3644
UserName : None
Status : running
CPU Usage : 0.00
RAM (memory) Usage : 0.01
----------------------------------------------------------------------
PID : 3656
Name : Code.exe
PID : 3656
UserName : DESKTOP-51BDU4F\ADMIN
Status : running
CPU Usage : 0.00
RAM (memory) Usage : 0.28
----------------------------------------------------------------------
PID : 3684
Name : svchost.exe
PID : 3684
UserName : None
Status : running
CPU Usage : 0.00
RAM (memory) Usage : 0.02
----------------------------------------------------------------------
PID : 3728
Name : Code.exe
PID : 3728
UserName : DESKTOP-51BDU4F\ADMIN
Status : running
CPU Usage : 0.00
RAM (memory) Usage : 0.20
----------------------------------------------------------------------
PID : 3736
Name : svchost.exe
PID : 3736
UserName : None
Status : running
CPU Usage : 0.00
RAM (memory) Usage : 0.21
----------------------------------------------------------------------
PID : 3764
Name : svchost.exe
PID : 3764
UserName : None
Status : running
CPU Usage : 0.00
RAM (memory) Usage : 0.17
----------------------------------------------------------------------
PID : 4144
Name : svchost.exe
PID : 4144
UserName : None
Status : running
CPU Usage : 0.00
RAM (memory) Usage : 0.02
----------------------------------------------------------------------
PID : 4320
Name : svchost.exe
PID : 4320
UserName : DESKTOP-51BDU4F\ADMIN
Status : running
CPU Usage : 0.00
RAM (memory) Usage : 0.02
----------------------------------------------------------------------
PID : 4484
Name : svchost.exe
PID : 4484
UserName : None
Status : running
CPU Usage : 0.00
RAM (memory) Usage : 0.03
----------------------------------------------------------------------
PID : 4600
Name : svchost.exe
PID : 4600
UserName : DESKTOP-51BDU4F\ADMIN
Status : running
CPU Usage : 0.00
RAM (memory) Usage : 0.12
----------------------------------------------------------------------
PID : 4676
Name : sihost.exe
PID : 4676
UserName : DESKTOP-51BDU4F\ADMIN
Status : running
CPU Usage : 0.00
RAM (memory) Usage : 0.31
----------------------------------------------------------------------
PID : 4776
Name : nbcode64.exe
PID : 4776
UserName : DESKTOP-51BDU4F\ADMIN
Status : running
CPU Usage : 0.00
RAM (memory) Usage : 0.20
----------------------------------------------------------------------
PID : 5132
Name : AggregatorHost.exe
PID : 5132
UserName : None
Status : running
CPU Usage : 0.00
RAM (memory) Usage : 0.08
----------------------------------------------------------------------
PID : 5208
Name : conhost.exe
PID : 5208
UserName : DESKTOP-51BDU4F\ADMIN
Status : running
CPU Usage : 0.00
RAM (memory) Usage : 0.00
----------------------------------------------------------------------
PID : 5216
Name : svchost.exe
PID : 5216
UserName : DESKTOP-51BDU4F\ADMIN
Status : running
CPU Usage : 0.00
RAM (memory) Usage : 0.33
----------------------------------------------------------------------
PID : 5272
Name : svchost.exe
PID : 5272
UserName : None
Status : running
CPU Usage : 0.00
RAM (memory) Usage : 0.28
----------------------------------------------------------------------
PID : 5292
Name : svchost.exe
PID : 5292
UserName : None
Status : running
CPU Usage : 0.00
RAM (memory) Usage : 0.08
----------------------------------------------------------------------
PID : 5340
Name : RuntimeBroker.exe
PID : 5340
UserName : DESKTOP-51BDU4F\ADMIN
Status : running
CPU Usage : 0.00
RAM (memory) Usage : 0.40
----------------------------------------------------------------------
PID : 5356
Name : taskhostw.exe
PID : 5356
UserName : DESKTOP-51BDU4F\ADMIN
Status : running
CPU Usage : 0.00
RAM (memory) Usage : 0.23
----------------------------------------------------------------------
PID : 5368
Name : SynTPEnh.exe
PID : 5368
UserName : DESKTOP-51BDU4F\ADMIN
Status : running
CPU Usage : 0.00
RAM (memory) Usage : 0.18
----------------------------------------------------------------------
PID : 5440
Name : CodeSetup-stable-1b6a188127eeaf9194f945eb6eb89a657e93c54c.tmp
PID : 5440
UserName : DESKTOP-51BDU4F\ADMIN
Status : running
CPU Usage : 0.00
RAM (memory) Usage : 0.06
----------------------------------------------------------------------
PID : 5496
Name : chrome.exe
PID : 5496
UserName : DESKTOP-51BDU4F\ADMIN
Status : running
CPU Usage : 0.00
RAM (memory) Usage : 0.14
----------------------------------------------------------------------
PID : 5568
Name : svchost.exe
PID : 5568
UserName : None
Status : running
CPU Usage : 0.00
RAM (memory) Usage : 0.05
----------------------------------------------------------------------
PID : 5576
Name : RuntimeBroker.exe
PID : 5576
UserName : DESKTOP-51BDU4F\ADMIN
Status : running
CPU Usage : 0.00
RAM (memory) Usage : 0.28
----------------------------------------------------------------------
PID : 5676
Name : OneDrive.Sync.Service.exe
PID : 5676
UserName : DESKTOP-51BDU4F\ADMIN
Status : running
CPU Usage : 0.00
RAM (memory) Usage : 0.24
----------------------------------------------------------------------
PID : 5840
Name : svchost.exe
PID : 5840
UserName : None
Status : running
CPU Usage : 0.00
RAM (memory) Usage : 0.16
----------------------------------------------------------------------
PID : 5948
Name : explorer.exe
PID : 5948
UserName : DESKTOP-51BDU4F\ADMIN
Status : running
CPU Usage : 0.00
RAM (memory) Usage : 4.41
----------------------------------------------------------------------
PID : 5968
Name : OneDrive.exe
PID : 5968
UserName : DESKTOP-51BDU4F\ADMIN
Status : running
CPU Usage : 0.00
RAM (memory) Usage : 0.20
----------------------------------------------------------------------
PID : 6028
Name : svchost.exe
PID : 6028
UserName : DESKTOP-51BDU4F\ADMIN
Status : running
CPU Usage : 0.00
RAM (memory) Usage : 0.30
----------------------------------------------------------------------
PID : 6060
Name : svchost.exe
PID : 6060
UserName : None
Status : running
CPU Usage : 0.00
RAM (memory) Usage : 0.02
----------------------------------------------------------------------
PID : 6076
Name : msedgewebview2.exe
PID : 6076
UserName : DESKTOP-51BDU4F\ADMIN
Status : running
CPU Usage : 0.00
RAM (memory) Usage : 0.01
----------------------------------------------------------------------
PID : 6100
Name : SynTPHelper.exe
PID : 6100
UserName : DESKTOP-51BDU4F\ADMIN
Status : running
CPU Usage : 0.00
RAM (memory) Usage : 0.00
----------------------------------------------------------------------
PID : 6112
Name : svchost.exe
PID : 6112
UserName : None
Status : running
CPU Usage : 0.00
RAM (memory) Usage : 0.16
----------------------------------------------------------------------
PID : 6268
Name : CrossDeviceService.exe
PID : 6268
UserName : DESKTOP-51BDU4F\ADMIN
Status : running
CPU Usage : 0.00
RAM (memory) Usage : 0.25
----------------------------------------------------------------------
PID : 6404
Name : igfxEM.exe
PID : 6404
UserName : DESKTOP-51BDU4F\ADMIN
Status : running
CPU Usage : 0.00
RAM (memory) Usage : 0.08
----------------------------------------------------------------------
PID : 6456
Name : LocationNotificationWindows.exe
PID : 6456
UserName : DESKTOP-51BDU4F\ADMIN
Status : running
CPU Usage : 0.00
RAM (memory) Usage : 0.00
----------------------------------------------------------------------
PID : 6504
Name : cmd.exe
PID : 6504
UserName : DESKTOP-51BDU4F\ADMIN
Status : running
CPU Usage : 0.00
RAM (memory) Usage : 0.05
----------------------------------------------------------------------
PID : 6516
Name : SnippingTool.exe
PID : 6516
UserName : DESKTOP-51BDU4F\ADMIN
Status : running
CPU Usage : 0.00
RAM (memory) Usage : 0.13
----------------------------------------------------------------------
PID : 6564
Name : igfxHK.exe
PID : 6564
UserName : DESKTOP-51BDU4F\ADMIN
Status : running
CPU Usage : 0.00
RAM (memory) Usage : 0.01
----------------------------------------------------------------------
PID : 6624
Name : igfxTray.exe
PID : 6624
UserName : DESKTOP-51BDU4F\ADMIN
Status : running
CPU Usage : 0.00
RAM (memory) Usage : 0.08
----------------------------------------------------------------------
PID : 6764
Name : svchost.exe
PID : 6764
UserName : None
Status : running
CPU Usage : 0.00
RAM (memory) Usage : 0.25
----------------------------------------------------------------------
PID : 6900
Name : svchost.exe
PID : 6900
UserName : DESKTOP-51BDU4F\ADMIN
Status : running
CPU Usage : 0.00
RAM (memory) Usage : 0.03
----------------------------------------------------------------------
PID : 6948
Name : UserOOBEBroker.exe
PID : 6948
UserName : DESKTOP-51BDU4F\ADMIN
Status : running
CPU Usage : 0.00
RAM (memory) Usage : 0.02
----------------------------------------------------------------------
PID : 7156
Name : SearchHost.exe
PID : 7156
UserName : DESKTOP-51BDU4F\ADMIN
Status : stopped
CPU Usage : 0.00
RAM (memory) Usage : 0.02
----------------------------------------------------------------------
PID : 7164
Name : StartMenuExperienceHost.exe
PID : 7164
UserName : DESKTOP-51BDU4F\ADMIN
Status : running
CPU Usage : 0.00
RAM (memory) Usage : 0.39
----------------------------------------------------------------------
PID : 7444
Name : pet.exe
PID : 7444
UserName : DESKTOP-51BDU4F\ADMIN
Status : running
CPU Usage : 0.00
RAM (memory) Usage : 0.00
----------------------------------------------------------------------
PID : 7612
Name : svchost.exe
PID : 7612
UserName : None
Status : running
CPU Usage : 0.00
RAM (memory) Usage : 0.06
----------------------------------------------------------------------
PID : 7668
Name : cpptools.exe
PID : 7668
UserName : DESKTOP-51BDU4F\ADMIN
Status : stopped
CPU Usage : 0.00
RAM (memory) Usage : 0.00
----------------------------------------------------------------------
PID : 7688
Name : RuntimeBroker.exe
PID : 7688
UserName : DESKTOP-51BDU4F\ADMIN
Status : running
CPU Usage : 0.00
RAM (memory) Usage : 0.05
----------------------------------------------------------------------
PID : 7732
Name : chrome.exe
PID : 7732
UserName : DESKTOP-51BDU4F\ADMIN
Status : running
CPU Usage : 0.00
RAM (memory) Usage : 0.58
----------------------------------------------------------------------
PID : 7784
Name : dllhost.exe
PID : 7784
UserName : DESKTOP-51BDU4F\ADMIN
Status : running
CPU Usage : 0.00
RAM (memory) Usage : 0.06
----------------------------------------------------------------------
PID : 8144
Name : ctfmon.exe
PID : 8144
UserName : DESKTOP-51BDU4F\ADMIN
Status : running
CPU Usage : 0.00
RAM (memory) Usage : 0.27
----------------------------------------------------------------------
PID : 8180
Name : powershell.exe
PID : 8180
UserName : DESKTOP-51BDU4F\ADMIN
Status : running
CPU Usage : 0.00
RAM (memory) Usage : 0.10
----------------------------------------------------------------------
PID : 8356
Name : svchost.exe
PID : 8356
UserName : None
Status : running
CPU Usage : 0.00
RAM (memory) Usage : 0.07
----------------------------------------------------------------------
PID : 8448
Name : SearchIndexer.exe
PID : 8448
UserName : None
Status : running
CPU Usage : 0.00
RAM (memory) Usage : 0.39
----------------------------------------------------------------------
PID : 8604
Name : msedgewebview2.exe
PID : 8604
UserName : DESKTOP-51BDU4F\ADMIN
Status : running
CPU Usage : 0.00
RAM (memory) Usage : 0.00
----------------------------------------------------------------------
PID : 8844
Name : svchost.exe
PID : 8844
UserName : None
Status : running
CPU Usage : 0.00
RAM (memory) Usage : 0.06
----------------------------------------------------------------------
PID : 9100
Name : svchost.exe
PID : 9100
UserName : DESKTOP-51BDU4F\ADMIN
Status : running
CPU Usage : 0.00
RAM (memory) Usage : 0.07
----------------------------------------------------------------------
PID : 9200
Name : conhost.exe
PID : 9200
UserName : DESKTOP-51BDU4F\ADMIN
Status : running
CPU Usage : 0.00
RAM (memory) Usage : 0.00
----------------------------------------------------------------------
PID : 9224
Name : svchost.exe
PID : 9224
UserName : None
Status : running
CPU Usage : 0.00
RAM (memory) Usage : 0.06
----------------------------------------------------------------------
PID : 9256
Name : svchost.exe
PID : 9256
UserName : None
Status : running
CPU Usage : 0.00
RAM (memory) Usage : 0.02
----------------------------------------------------------------------
PID : 9276
Name : svchost.exe
PID : 9276
UserName : None
Status : running
CPU Usage : 0.00
RAM (memory) Usage : 0.01
----------------------------------------------------------------------
PID : 9436
Name : FileCoAuth.exe
PID : 9436
UserName : DESKTOP-51BDU4F\ADMIN
Status : running
CPU Usage : 0.00
RAM (memory) Usage : 0.05
----------------------------------------------------------------------
PID : 9588
Name : Code.exe
PID : 9588
UserName : DESKTOP-51BDU4F\ADMIN
Status : running
CPU Usage : 0.00
RAM (memory) Usage : 1.23
----------------------------------------------------------------------
PID : 10080
Name : AdobeCollabSync.exe
PID : 10080
UserName : DESKTOP-51BDU4F\ADMIN
Status : running
CPU Usage : 0.00
RAM (memory) Usage : 0.05
----------------------------------------------------------------------
PID : 10132
Name : AdobeCollabSync.exe
PID : 10132
UserName : DESKTOP-51BDU4F\ADMIN
Status : running
CPU Usage : 0.00
RAM (memory) Usage : 0.39
----------------------------------------------------------------------
PID : 10244
Name : chrome.exe
PID : 10244
UserName : DESKTOP-51BDU4F\ADMIN
Status : running
CPU Usage : 0.00
RAM (memory) Usage : 0.17
----------------------------------------------------------------------
PID : 10336
Name : svchost.exe
PID : 10336
UserName : DESKTOP-51BDU4F\ADMIN
Status : running
CPU Usage : 0.00
RAM (memory) Usage : 0.02
----------------------------------------------------------------------
PID : 10404
Name : chrome.exe
PID : 10404
UserName : DESKTOP-51BDU4F\ADMIN
Status : running
CPU Usage : 0.00
RAM (memory) Usage : 1.04
----------------------------------------------------------------------
PID : 10448
Name : Code.exe
PID : 10448
UserName : DESKTOP-51BDU4F\ADMIN
Status : running
CPU Usage : 0.00
RAM (memory) Usage : 9.01
----------------------------------------------------------------------
PID : 10580
Name : svchost.exe
PID : 10580
UserName : None
Status : running
CPU Usage : 0.00
RAM (memory) Usage : 0.08
----------------------------------------------------------------------
PID : 10744
Name : svchost.exe
PID : 10744
UserName : None
Status : running
CPU Usage : 0.00
RAM (memory) Usage : 0.08
----------------------------------------------------------------------
PID : 10944
Name : WidgetService.exe
PID : 10944
UserName : DESKTOP-51BDU4F\ADMIN
Status : running
CPU Usage : 0.00
RAM (memory) Usage : 0.13
----------------------------------------------------------------------
PID : 11356
Name : Code.exe
PID : 11356
UserName : DESKTOP-51BDU4F\ADMIN
Status : running
CPU Usage : 0.00
RAM (memory) Usage : 0.40
----------------------------------------------------------------------
PID : 11504
Name : chrome.exe
PID : 11504
UserName : DESKTOP-51BDU4F\ADMIN
Status : running
CPU Usage : 0.00
RAM (memory) Usage : 0.64
----------------------------------------------------------------------
PID : 11772
Name : Photos.exe
PID : 11772
UserName : DESKTOP-51BDU4F\ADMIN
Status : stopped
CPU Usage : 0.00
RAM (memory) Usage : 0.00
----------------------------------------------------------------------
PID : 12020
Name : chrome.exe
PID : 12020
UserName : DESKTOP-51BDU4F\ADMIN
Status : running
CPU Usage : 0.00
RAM (memory) Usage : 0.06
----------------------------------------------------------------------
PID : 12036
Name : dllhost.exe
PID : 12036
UserName : DESKTOP-51BDU4F\ADMIN
Status : running
CPU Usage : 0.00
RAM (memory) Usage : 0.01
----------------------------------------------------------------------
PID : 12052
Name : svchost.exe
PID : 12052
UserName : DESKTOP-51BDU4F\ADMIN
Status : running
CPU Usage : 0.00
RAM (memory) Usage : 0.11
----------------------------------------------------------------------
PID : 12224
Name : svchost.exe
PID : 12224
UserName : None
Status : running
CPU Usage : 0.00
RAM (memory) Usage : 0.16
----------------------------------------------------------------------
PID : 12292
Name : Widgets.exe
PID : 12292
UserName : DESKTOP-51BDU4F\ADMIN
Status : running
CPU Usage : 0.00
RAM (memory) Usage : 0.16
----------------------------------------------------------------------
PID : 12448
Name : Code.exe
PID : 12448
UserName : DESKTOP-51BDU4F\ADMIN
Status : running
CPU Usage : 0.00
RAM (memory) Usage : 1.35
----------------------------------------------------------------------
PID : 12608
Name : svchost.exe
PID : 12608
UserName : None
Status : running
CPU Usage : 0.00
RAM (memory) Usage : 0.02
----------------------------------------------------------------------
PID : 12852
Name : svchost.exe
PID : 12852
UserName : None
Status : running
CPU Usage : 0.00
RAM (memory) Usage : 0.16
----------------------------------------------------------------------
PID : 12868
Name : msedgewebview2.exe
PID : 12868
UserName : DESKTOP-51BDU4F\ADMIN
Status : running
CPU Usage : 0.00
RAM (memory) Usage : 0.01
----------------------------------------------------------------------
PID : 13300
Name : chrome.exe
PID : 13300
UserName : DESKTOP-51BDU4F\ADMIN
Status : running
CPU Usage : 0.00
RAM (memory) Usage : 0.12
----------------------------------------------------------------------
PID : 13396
Name : NisSrv.exe
PID : 13396
UserName : None
Status : running
CPU Usage : 0.00
RAM (memory) Usage : 0.05
----------------------------------------------------------------------
PID : 13552
Name : RuntimeBroker.exe
PID : 13552
UserName : DESKTOP-51BDU4F\ADMIN
Status : running
CPU Usage : 0.00
RAM (memory) Usage : 0.12
----------------------------------------------------------------------
PID : 13688
Name : chrome.exe
PID : 13688
UserName : DESKTOP-51BDU4F\ADMIN
Status : running
CPU Usage : 0.00
RAM (memory) Usage : 0.23
----------------------------------------------------------------------
PID : 13776
Name : MpDefenderCoreService.exe
PID : 13776
UserName : None
Status : running
CPU Usage : 0.00
RAM (memory) Usage : 0.19
----------------------------------------------------------------------
PID : 14272
Name : svchost.exe
PID : 14272
UserName : None
Status : running
CPU Usage : 0.00
RAM (memory) Usage : 0.09
----------------------------------------------------------------------
PID : 14300
Name : SnippingTool.exe
PID : 14300
UserName : DESKTOP-51BDU4F\ADMIN
Status : running
CPU Usage : 0.00
RAM (memory) Usage : 0.13
----------------------------------------------------------------------
PID : 14748
Name : OpenConsole.exe
PID : 14748
UserName : DESKTOP-51BDU4F\ADMIN
Status : running
CPU Usage : 0.00
RAM (memory) Usage : 0.03
----------------------------------------------------------------------
PID : 14772
Name : smartscreen.exe
PID : 14772
UserName : DESKTOP-51BDU4F\ADMIN
Status : running
CPU Usage : 0.00
RAM (memory) Usage : 0.17
----------------------------------------------------------------------
PID : 15224
Name : CodeSetup-stable-1b6a188127eeaf9194f945eb6eb89a657e93c54c.exe
PID : 15224
UserName : DESKTOP-51BDU4F\ADMIN
Status : running
CPU Usage : 0.00
RAM (memory) Usage : 0.01
----------------------------------------------------------------------
PID : 15524
Name : conhost.exe
PID : 15524
UserName : None
Status : running
CPU Usage : 0.00
RAM (memory) Usage : 0.00
----------------------------------------------------------------------
PID : 15780
Name : chrome.exe
PID : 15780
UserName : DESKTOP-51BDU4F\ADMIN
Status : running
CPU Usage : 0.00
RAM (memory) Usage : 2.38
----------------------------------------------------------------------
PID : 15952
Name : WindowsTerminal.exe
PID : 15952
UserName : DESKTOP-51BDU4F\ADMIN
Status : running
CPU Usage : 0.00
RAM (memory) Usage : 0.79
----------------------------------------------------------------------
PID : 15988
Name : svchost.exe
PID : 15988
UserName : None
Status : running
CPU Usage : 0.00
RAM (memory) Usage : 0.33
----------------------------------------------------------------------
PID : 16072
Name : MsMpEng.exe
PID : 16072
UserName : None
Status : running
CPU Usage : 0.00
RAM (memory) Usage : 2.70
----------------------------------------------------------------------
PID : 16252
Name : SystemSettingsBroker.exe
PID : 16252
UserName : DESKTOP-51BDU4F\ADMIN
Status : running
CPU Usage : 0.00
RAM (memory) Usage : 0.12
----------------------------------------------------------------------
PID : 16420
Name : WmiPrvSE.exe
PID : 16420
UserName : None
Status : running
CPU Usage : 0.00
RAM (memory) Usage : 0.18
----------------------------------------------------------------------
PID : 16728
Name : cpptools.exe
PID : 16728
UserName : DESKTOP-51BDU4F\ADMIN
Status : running
CPU Usage : 0.00
RAM (memory) Usage : 0.11
----------------------------------------------------------------------
PID : 17464
Name : chrome.exe
PID : 17464
UserName : DESKTOP-51BDU4F\ADMIN
Status : running
CPU Usage : 0.00
RAM (memory) Usage : 0.12
----------------------------------------------------------------------
PID : 18400
Name : Code.exe
PID : 18400
UserName : DESKTOP-51BDU4F\ADMIN
Status : running
CPU Usage : 0.00
RAM (memory) Usage : 0.46
----------------------------------------------------------------------
PID : 18704
Name : chrome.exe
PID : 18704
UserName : DESKTOP-51BDU4F\ADMIN
Status : running
CPU Usage : 0.00
RAM (memory) Usage : 0.09
----------------------------------------------------------------------
PID : 19148
Name : OpenConsole.exe
PID : 19148
UserName : DESKTOP-51BDU4F\ADMIN
Status : running
CPU Usage : 0.00
RAM (memory) Usage : 0.05
----------------------------------------------------------------------
PID : 19780
Name : conhost.exe
PID : 19780
UserName : DESKTOP-51BDU4F\ADMIN
Status : running
CPU Usage : 0.00
RAM (memory) Usage : 0.02
----------------------------------------------------------------------
PID : 19788
Name : LockApp.exe
PID : 19788
UserName : DESKTOP-51BDU4F\ADMIN
Status : stopped
CPU Usage : 0.00
RAM (memory) Usage : 0.00
----------------------------------------------------------------------
PID : 19924
Name : Code.exe
PID : 19924
UserName : DESKTOP-51BDU4F\ADMIN
Status : running
CPU Usage : 0.00
RAM (memory) Usage : 0.01
----------------------------------------------------------------------
PID : 19936
Name : msedgewebview2.exe
PID : 19936
UserName : DESKTOP-51BDU4F\ADMIN
Status : running
CPU Usage : 0.00
RAM (memory) Usage : 0.02
----------------------------------------------------------------------
PID : 20580
Name : dllhost.exe
PID : 20580
UserName : DESKTOP-51BDU4F\ADMIN
Status : running
CPU Usage : 0.00
RAM (memory) Usage : 0.02
----------------------------------------------------------------------
PID : 20772
Name : Notepad.exe
PID : 20772
UserName : DESKTOP-51BDU4F\ADMIN
Status : running
CPU Usage : 0.00
RAM (memory) Usage : 2.31
----------------------------------------------------------------------
PID : 20916
Name : msedgewebview2.exe
PID : 20916
UserName : DESKTOP-51BDU4F\ADMIN
Status : running
CPU Usage : 0.00
RAM (memory) Usage : 0.11
----------------------------------------------------------------------
PID : 21340
Name : chrome.exe
PID : 21340
UserName : DESKTOP-51BDU4F\ADMIN
Status : running
CPU Usage : 0.00
RAM (memory) Usage : 0.06
----------------------------------------------------------------------
PID : 21432
Name : powershell.exe
PID : 21432
UserName : DESKTOP-51BDU4F\ADMIN
Status : running
CPU Usage : 0.00
RAM (memory) Usage : 0.09
----------------------------------------------------------------------
PID : 21436
Name : SearchProtocolHost.exe
PID : 21436
UserName : None
Status : running
CPU Usage : 0.00
RAM (memory) Usage : 0.26
----------------------------------------------------------------------
PID : 21700
Name : chrome.exe
PID : 21700
UserName : DESKTOP-51BDU4F\ADMIN
Status : running
CPU Usage : 0.00
RAM (memory) Usage : 2.14
----------------------------------------------------------------------
PID : 21728
Name : OpenConsole.exe
PID : 21728
UserName : DESKTOP-51BDU4F\ADMIN
Status : running
CPU Usage : 0.00
RAM (memory) Usage : 0.01
----------------------------------------------------------------------
PID : 21896
Name : msedgewebview2.exe
PID : 21896
UserName : DESKTOP-51BDU4F\ADMIN
Status : running
CPU Usage : 0.00
RAM (memory) Usage : 0.00
----------------------------------------------------------------------
PID : 21968
Name : Code.exe
PID : 21968
UserName : DESKTOP-51BDU4F\ADMIN
Status : running
CPU Usage : 0.00
RAM (memory) Usage : 1.73
----------------------------------------------------------------------
PID : 22372
Name : Code.exe
PID : 22372
UserName : DESKTOP-51BDU4F\ADMIN
Status : running
CPU Usage : 0.00
RAM (memory) Usage : 27.25
----------------------------------------------------------------------
PID : 22432
Name : svchost.exe
PID : 22432
UserName : None
Status : running
CPU Usage : 0.00
RAM (memory) Usage : 0.37
----------------------------------------------------------------------
PID : 23144
Name : python.exe
PID : 23144
UserName : DESKTOP-51BDU4F\ADMIN
Status : running
CPU Usage : 0.00
RAM (memory) Usage : 0.53
----------------------------------------------------------------------
PID : 23172
Name : OSE.EXE
PID : 23172
UserName : None
Status : running
CPU Usage : 0.00
RAM (memory) Usage : 0.06
----------------------------------------------------------------------
PID : 23956
Name : RuntimeBroker.exe
PID : 23956
UserName : DESKTOP-51BDU4F\ADMIN
Status : running
CPU Usage : 0.00
RAM (memory) Usage : 0.14
----------------------------------------------------------------------














----------------------------------------------------------------------
------------------- End of Log File-------------------------------
----------------------------------------------------------------------
