2026-08-20 22:22:02,369 : INFO : ----------------------------------------------------------------------
2026-08-20 22:22:02,369 : INFO : PROCESS SURVEILLANCE AUTOMATION SYSTEM
2026-08-20 22:22:02,370 : INFO : Log file created successfully: Logs\ProcessInfo_2026-08-20_22-22-02.log
2026-08-20 22:22:02,370 : INFO : ----------------------------------------------------------------------
2026-08-20 22:22:02,370 : INFO : Scheduler started with interval: 5 minutes
2026-08-20 22:22:02,370 : INFO : Starting scheduled process scan.
2026-08-20 22:22:04,420 : INFO : 
2026-08-20 22:22:04,421 : INFO : ---------------- SYSTEM PROCESS REPORT ----------------
2026-08-20 22:22:04,421 : INFO : Total Running Processes : 290
2026-08-20 22:22:04,421 : INFO : ----------------------------------------------------------------------
2026-08-20 22:22:04,421 : INFO : PID      : 0
2026-08-20 22:22:04,421 : INFO : Name     : System Idle Process
2026-08-20 22:22:04,421 : INFO : Username : NT AUTHORITY\SYSTEM
2026-08-20 22:22:04,421 : INFO : Status   : running
2026-08-20 22:22:04,421 : INFO : ----------------------------------------------------------------------
2026-08-20 22:22:04,421 : INFO : PID      : 4
2026-08-20 22:22:04,421 : INFO : Name     : System
2026-08-20 22:22:04,421 : INFO : Username : NT AUTHORITY\SYSTEM
2026-08-20 22:22:04,421 : INFO : Status   : running
2026-08-20 22:22:04,421 : INFO : ----------------------------------------------------------------------
2026-08-20 22:22:04,421 : INFO : PID      : 8
2026-08-20 22:22:04,421 : INFO : Name     : svchost.exe
2026-08-20 22:22:04,421 : INFO : Username : None
2026-08-20 22:22:04,421 : INFO : Status   : running
2026-08-20 22:22:04,421 : INFO : ----------------------------------------------------------------------
2026-08-20 22:22:04,421 : INFO : PID      : 272
2026-08-20 22:22:04,421 : INFO : Name     : Registry
2026-08-20 22:22:04,421 : INFO : Username : None
2026-08-20 22:22:04,421 : INFO : Status   : running
2026-08-20 22:22:04,421 : INFO : ----------------------------------------------------------------------
2026-08-20 22:22:04,421 : INFO : PID      : 920
2026-08-20 22:22:04,421 : INFO : Name     : smss.exe
2026-08-20 22:22:04,421 : INFO : Username : None
2026-08-20 22:22:04,422 : INFO : Status   : running
2026-08-20 22:22:04,422 : INFO : ----------------------------------------------------------------------
2026-08-20 22:22:04,422 : INFO : PID      : 1044
2026-08-20 22:22:04,422 : INFO : Name     : dwm.exe
2026-08-20 22:22:04,422 : INFO : Username : None
2026-08-20 22:22:04,422 : INFO : Status   : running
2026-08-20 22:22:04,422 : INFO : ----------------------------------------------------------------------
2026-08-20 22:22:04,422 : INFO : PID      : 1116
2026-08-20 22:22:04,422 : INFO : Name     : svchost.exe
2026-08-20 22:22:04,422 : INFO : Username : None
2026-08-20 22:22:04,422 : INFO : Status   : running
2026-08-20 22:22:04,422 : INFO : ----------------------------------------------------------------------
2026-08-20 22:22:04,422 : INFO : PID      : 1448
2026-08-20 22:22:04,422 : INFO : Name     : csrss.exe
2026-08-20 22:22:04,422 : INFO : Username : None
2026-08-20 22:22:04,422 : INFO : Status   : running
2026-08-20 22:22:04,422 : INFO : ----------------------------------------------------------------------
2026-08-20 22:22:04,422 : INFO : PID      : 1636
2026-08-20 22:22:04,422 : INFO : Name     : wininit.exe
2026-08-20 22:22:04,422 : INFO : Username : None
2026-08-20 22:22:04,422 : INFO : Status   : running
2026-08-20 22:22:04,422 : INFO : ----------------------------------------------------------------------
2026-08-20 22:22:04,422 : INFO : PID      : 1644
2026-08-20 22:22:04,422 : INFO : Name     : csrss.exe
2026-08-20 22:22:04,422 : INFO : Username : None
2026-08-20 22:22:04,422 : INFO : Status   : running
2026-08-20 22:22:04,422 : INFO : ----------------------------------------------------------------------
2026-08-20 22:22:04,422 : INFO : PID      : 1704
2026-08-20 22:22:04,422 : INFO : Name     : winlogon.exe
2026-08-20 22:22:04,422 : INFO : Username : None
2026-08-20 22:22:04,422 : INFO : Status   : running
2026-08-20 22:22:04,422 : INFO : ----------------------------------------------------------------------
2026-08-20 22:22:04,422 : INFO : PID      : 1780
2026-08-20 22:22:04,422 : INFO : Name     : services.exe
2026-08-20 22:22:04,422 : INFO : Username : None
2026-08-20 22:22:04,422 : INFO : Status   : running
2026-08-20 22:22:04,422 : INFO : ----------------------------------------------------------------------
2026-08-20 22:22:04,422 : INFO : PID      : 1788
2026-08-20 22:22:04,423 : INFO : Name     : lsass.exe
2026-08-20 22:22:04,423 : INFO : Username : None
2026-08-20 22:22:04,423 : INFO : Status   : running
2026-08-20 22:22:04,423 : INFO : ----------------------------------------------------------------------
2026-08-20 22:22:04,423 : INFO : PID      : 1932
2026-08-20 22:22:04,423 : INFO : Name     : svchost.exe
2026-08-20 22:22:04,423 : INFO : Username : None
2026-08-20 22:22:04,423 : INFO : Status   : running
2026-08-20 22:22:04,423 : INFO : ----------------------------------------------------------------------
2026-08-20 22:22:04,423 : INFO : PID      : 1964
2026-08-20 22:22:04,423 : INFO : Name     : fontdrvhost.exe
2026-08-20 22:22:04,423 : INFO : Username : None
2026-08-20 22:22:04,423 : INFO : Status   : running
2026-08-20 22:22:04,423 : INFO : ----------------------------------------------------------------------
2026-08-20 22:22:04,423 : INFO : PID      : 1968
2026-08-20 22:22:04,423 : INFO : Name     : fontdrvhost.exe
2026-08-20 22:22:04,423 : INFO : Username : None
2026-08-20 22:22:04,423 : INFO : Status   : running
2026-08-20 22:22:04,423 : INFO : ----------------------------------------------------------------------
2026-08-20 22:22:04,423 : INFO : PID      : 2084
2026-08-20 22:22:04,423 : INFO : Name     : svchost.exe
2026-08-20 22:22:04,423 : INFO : Username : None
2026-08-20 22:22:04,423 : INFO : Status   : running
2026-08-20 22:22:04,423 : INFO : ----------------------------------------------------------------------
2026-08-20 22:22:04,423 : INFO : PID      : 2100
2026-08-20 22:22:04,423 : INFO : Name     : msedgewebview2.exe
2026-08-20 22:22:04,423 : INFO : Username : LAPTOP-1Q4JPRGU\Ajit
2026-08-20 22:22:04,423 : INFO : Status   : running
2026-08-20 22:22:04,423 : INFO : ----------------------------------------------------------------------
2026-08-20 22:22:04,423 : INFO : PID      : 2168
2026-08-20 22:22:04,423 : INFO : Name     : svchost.exe
2026-08-20 22:22:04,423 : INFO : Username : None
2026-08-20 22:22:04,423 : INFO : Status   : running
2026-08-20 22:22:04,423 : INFO : ----------------------------------------------------------------------
2026-08-20 22:22:04,424 : INFO : PID      : 2176
2026-08-20 22:22:04,424 : INFO : Name     : svchost.exe
2026-08-20 22:22:04,424 : INFO : Username : None
2026-08-20 22:22:04,424 : INFO : Status   : running
2026-08-20 22:22:04,424 : INFO : ----------------------------------------------------------------------
2026-08-20 22:22:04,424 : INFO : PID      : 2180
2026-08-20 22:22:04,424 : INFO : Name     : svchost.exe
2026-08-20 22:22:04,424 : INFO : Username : None
2026-08-20 22:22:04,424 : INFO : Status   : running
2026-08-20 22:22:04,424 : INFO : ----------------------------------------------------------------------
2026-08-20 22:22:04,424 : INFO : PID      : 2192
2026-08-20 22:22:04,424 : INFO : Name     : svchost.exe
2026-08-20 22:22:04,424 : INFO : Username : None
2026-08-20 22:22:04,424 : INFO : Status   : running
2026-08-20 22:22:04,424 : INFO : ----------------------------------------------------------------------
2026-08-20 22:22:04,424 : INFO : PID      : 2256
2026-08-20 22:22:04,424 : INFO : Name     : AggregatorHost.exe
2026-08-20 22:22:04,424 : INFO : Username : None
2026-08-20 22:22:04,424 : INFO : Status   : running
2026-08-20 22:22:04,424 : INFO : ----------------------------------------------------------------------
2026-08-20 22:22:04,424 : INFO : PID      : 2336
2026-08-20 22:22:04,424 : INFO : Name     : svchost.exe
2026-08-20 22:22:04,424 : INFO : Username : None
2026-08-20 22:22:04,424 : INFO : Status   : running
2026-08-20 22:22:04,424 : INFO : ----------------------------------------------------------------------
2026-08-20 22:22:04,424 : INFO : PID      : 2356
2026-08-20 22:22:04,424 : INFO : Name     : svchost.exe
2026-08-20 22:22:04,424 : INFO : Username : None
2026-08-20 22:22:04,424 : INFO : Status   : running
2026-08-20 22:22:04,424 : INFO : ----------------------------------------------------------------------
2026-08-20 22:22:04,424 : INFO : PID      : 2376
2026-08-20 22:22:04,424 : INFO : Name     : svchost.exe
2026-08-20 22:22:04,424 : INFO : Username : None
2026-08-20 22:22:04,424 : INFO : Status   : running
2026-08-20 22:22:04,424 : INFO : ----------------------------------------------------------------------
2026-08-20 22:22:04,424 : INFO : PID      : 2404
2026-08-20 22:22:04,424 : INFO : Name     : nvcontainer.exe
2026-08-20 22:22:04,425 : INFO : Username : None
2026-08-20 22:22:04,425 : INFO : Status   : running
2026-08-20 22:22:04,425 : INFO : ----------------------------------------------------------------------
2026-08-20 22:22:04,425 : INFO : PID      : 2432
2026-08-20 22:22:04,425 : INFO : Name     : svchost.exe
2026-08-20 22:22:04,425 : INFO : Username : None
2026-08-20 22:22:04,425 : INFO : Status   : running
2026-08-20 22:22:04,425 : INFO : ----------------------------------------------------------------------
2026-08-20 22:22:04,425 : INFO : PID      : 2472
2026-08-20 22:22:04,425 : INFO : Name     : svchost.exe
2026-08-20 22:22:04,425 : INFO : Username : None
2026-08-20 22:22:04,425 : INFO : Status   : running
2026-08-20 22:22:04,425 : INFO : ----------------------------------------------------------------------
2026-08-20 22:22:04,425 : INFO : PID      : 2480
2026-08-20 22:22:04,425 : INFO : Name     : svchost.exe
2026-08-20 22:22:04,425 : INFO : Username : None
2026-08-20 22:22:04,425 : INFO : Status   : running
2026-08-20 22:22:04,425 : INFO : ----------------------------------------------------------------------
2026-08-20 22:22:04,425 : INFO : PID      : 2492
2026-08-20 22:22:04,425 : INFO : Name     : svchost.exe
2026-08-20 22:22:04,425 : INFO : Username : None
2026-08-20 22:22:04,425 : INFO : Status   : running
2026-08-20 22:22:04,425 : INFO : ----------------------------------------------------------------------
2026-08-20 22:22:04,425 : INFO : PID      : 2508
2026-08-20 22:22:04,425 : INFO : Name     : svchost.exe
2026-08-20 22:22:04,425 : INFO : Username : None
2026-08-20 22:22:04,425 : INFO : Status   : running
2026-08-20 22:22:04,425 : INFO : ----------------------------------------------------------------------
2026-08-20 22:22:04,425 : INFO : PID      : 2704
2026-08-20 22:22:04,425 : INFO : Name     : fdhost.exe
2026-08-20 22:22:04,425 : INFO : Username : None
2026-08-20 22:22:04,425 : INFO : Status   : running
2026-08-20 22:22:04,425 : INFO : ----------------------------------------------------------------------
2026-08-20 22:22:04,425 : INFO : PID      : 2720
2026-08-20 22:22:04,425 : INFO : Name     : svchost.exe
2026-08-20 22:22:04,425 : INFO : Username : None
2026-08-20 22:22:04,425 : INFO : Status   : running
2026-08-20 22:22:04,425 : INFO : ----------------------------------------------------------------------
2026-08-20 22:22:04,425 : INFO : PID      : 2728
2026-08-20 22:22:04,425 : INFO : Name     : svchost.exe
2026-08-20 22:22:04,426 : INFO : Username : None
2026-08-20 22:22:04,426 : INFO : Status   : running
2026-08-20 22:22:04,426 : INFO : ----------------------------------------------------------------------
2026-08-20 22:22:04,426 : INFO : PID      : 2740
2026-08-20 22:22:04,426 : INFO : Name     : svchost.exe
2026-08-20 22:22:04,426 : INFO : Username : None
2026-08-20 22:22:04,426 : INFO : Status   : running
2026-08-20 22:22:04,426 : INFO : ----------------------------------------------------------------------
2026-08-20 22:22:04,426 : INFO : PID      : 2812
2026-08-20 22:22:04,426 : INFO : Name     : svchost.exe
2026-08-20 22:22:04,426 : INFO : Username : None
2026-08-20 22:22:04,426 : INFO : Status   : running
2026-08-20 22:22:04,426 : INFO : ----------------------------------------------------------------------
2026-08-20 22:22:04,426 : INFO : PID      : 2820
2026-08-20 22:22:04,426 : INFO : Name     : sqlceip.exe
2026-08-20 22:22:04,426 : INFO : Username : None
2026-08-20 22:22:04,426 : INFO : Status   : running
2026-08-20 22:22:04,426 : INFO : ----------------------------------------------------------------------
2026-08-20 22:22:04,426 : INFO : PID      : 2836
2026-08-20 22:22:04,426 : INFO : Name     : msedgewebview2.exe
2026-08-20 22:22:04,426 : INFO : Username : LAPTOP-1Q4JPRGU\Ajit
2026-08-20 22:22:04,426 : INFO : Status   : running
2026-08-20 22:22:04,426 : INFO : ----------------------------------------------------------------------
2026-08-20 22:22:04,426 : INFO : PID      : 3044
2026-08-20 22:22:04,426 : INFO : Name     : NVDisplay.Container.exe
2026-08-20 22:22:04,426 : INFO : Username : None
2026-08-20 22:22:04,426 : INFO : Status   : running
2026-08-20 22:22:04,426 : INFO : ----------------------------------------------------------------------
2026-08-20 22:22:04,426 : INFO : PID      : 3388
2026-08-20 22:22:04,426 : INFO : Name     : OmenCap.exe
2026-08-20 22:22:04,426 : INFO : Username : None
2026-08-20 22:22:04,426 : INFO : Status   : running
2026-08-20 22:22:04,426 : INFO : ----------------------------------------------------------------------
2026-08-20 22:22:04,426 : INFO : PID      : 3408
2026-08-20 22:22:04,426 : INFO : Name     : chrome.exe
2026-08-20 22:22:04,427 : INFO : Username : LAPTOP-1Q4JPRGU\Ajit
2026-08-20 22:22:04,427 : INFO : Status   : running
2026-08-20 22:22:04,427 : INFO : ----------------------------------------------------------------------
2026-08-20 22:22:04,427 : INFO : PID      : 3428
2026-08-20 22:22:04,427 : INFO : Name     : svchost.exe
2026-08-20 22:22:04,427 : INFO : Username : None
2026-08-20 22:22:04,427 : INFO : Status   : running
2026-08-20 22:22:04,427 : INFO : ----------------------------------------------------------------------
2026-08-20 22:22:04,427 : INFO : PID      : 3492
2026-08-20 22:22:04,427 : INFO : Name     : svchost.exe
2026-08-20 22:22:04,427 : INFO : Username : None
2026-08-20 22:22:04,427 : INFO : Status   : running
2026-08-20 22:22:04,427 : INFO : ----------------------------------------------------------------------
2026-08-20 22:22:04,427 : INFO : PID      : 3520
2026-08-20 22:22:04,427 : INFO : Name     : SynTPEnhService.exe
2026-08-20 22:22:04,427 : INFO : Username : None
2026-08-20 22:22:04,427 : INFO : Status   : running
2026-08-20 22:22:04,427 : INFO : ----------------------------------------------------------------------
2026-08-20 22:22:04,427 : INFO : PID      : 3608
2026-08-20 22:22:04,427 : INFO : Name     : NVDisplay.Container.exe
2026-08-20 22:22:04,427 : INFO : Username : None
2026-08-20 22:22:04,427 : INFO : Status   : running
2026-08-20 22:22:04,427 : INFO : ----------------------------------------------------------------------
2026-08-20 22:22:04,427 : INFO : PID      : 3660
2026-08-20 22:22:04,427 : INFO : Name     : conhost.exe
2026-08-20 22:22:04,427 : INFO : Username : None
2026-08-20 22:22:04,427 : INFO : Status   : running
2026-08-20 22:22:04,427 : INFO : ----------------------------------------------------------------------
2026-08-20 22:22:04,427 : INFO : PID      : 3692
2026-08-20 22:22:04,427 : INFO : Name     : amdfendrsr.exe
2026-08-20 22:22:04,427 : INFO : Username : None
2026-08-20 22:22:04,427 : INFO : Status   : running
2026-08-20 22:22:04,427 : INFO : ----------------------------------------------------------------------
2026-08-20 22:22:04,427 : INFO : PID      : 3700
2026-08-20 22:22:04,427 : INFO : Name     : atiesrxx.exe
2026-08-20 22:22:04,427 : INFO : Username : None
2026-08-20 22:22:04,427 : INFO : Status   : running
2026-08-20 22:22:04,427 : INFO : ----------------------------------------------------------------------
2026-08-20 22:22:04,428 : INFO : PID      : 3712
2026-08-20 22:22:04,428 : INFO : Name     : svchost.exe
2026-08-20 22:22:04,428 : INFO : Username : None
2026-08-20 22:22:04,428 : INFO : Status   : running
2026-08-20 22:22:04,428 : INFO : ----------------------------------------------------------------------
2026-08-20 22:22:04,428 : INFO : PID      : 3896
2026-08-20 22:22:04,428 : INFO : Name     : svchost.exe
2026-08-20 22:22:04,428 : INFO : Username : None
2026-08-20 22:22:04,428 : INFO : Status   : running
2026-08-20 22:22:04,428 : INFO : ----------------------------------------------------------------------
2026-08-20 22:22:04,428 : INFO : PID      : 3948
2026-08-20 22:22:04,428 : INFO : Name     : svchost.exe
2026-08-20 22:22:04,428 : INFO : Username : None
2026-08-20 22:22:04,428 : INFO : Status   : running
2026-08-20 22:22:04,428 : INFO : ----------------------------------------------------------------------
2026-08-20 22:22:04,428 : INFO : PID      : 3980
2026-08-20 22:22:04,428 : INFO : Name     : svchost.exe
2026-08-20 22:22:04,428 : INFO : Username : None
2026-08-20 22:22:04,428 : INFO : Status   : running
2026-08-20 22:22:04,428 : INFO : ----------------------------------------------------------------------
2026-08-20 22:22:04,428 : INFO : PID      : 3988
2026-08-20 22:22:04,428 : INFO : Name     : servicehost.exe
2026-08-20 22:22:04,428 : INFO : Username : None
2026-08-20 22:22:04,428 : INFO : Status   : running
2026-08-20 22:22:04,428 : INFO : ----------------------------------------------------------------------
2026-08-20 22:22:04,428 : INFO : PID      : 3996
2026-08-20 22:22:04,428 : INFO : Name     : svchost.exe
2026-08-20 22:22:04,428 : INFO : Username : None
2026-08-20 22:22:04,428 : INFO : Status   : running
2026-08-20 22:22:04,428 : INFO : ----------------------------------------------------------------------
2026-08-20 22:22:04,428 : INFO : PID      : 4012
2026-08-20 22:22:04,428 : INFO : Name     : HPPrintScanDoctorService.exe
2026-08-20 22:22:04,428 : INFO : Username : None
2026-08-20 22:22:04,428 : INFO : Status   : running
2026-08-20 22:22:04,428 : INFO : ----------------------------------------------------------------------
2026-08-20 22:22:04,428 : INFO : PID      : 4016
2026-08-20 22:22:04,428 : INFO : Name     : svchost.exe
2026-08-20 22:22:04,428 : INFO : Username : None
2026-08-20 22:22:04,428 : INFO : Status   : running
2026-08-20 22:22:04,428 : INFO : ----------------------------------------------------------------------
2026-08-20 22:22:04,429 : INFO : PID      : 4080
2026-08-20 22:22:04,429 : INFO : Name     : svchost.exe
2026-08-20 22:22:04,429 : INFO : Username : None
2026-08-20 22:22:04,429 : INFO : Status   : running
2026-08-20 22:22:04,429 : INFO : ----------------------------------------------------------------------
2026-08-20 22:22:04,429 : INFO : PID      : 4148
2026-08-20 22:22:04,429 : INFO : Name     : svchost.exe
2026-08-20 22:22:04,429 : INFO : Username : None
2026-08-20 22:22:04,429 : INFO : Status   : running
2026-08-20 22:22:04,429 : INFO : ----------------------------------------------------------------------
2026-08-20 22:22:04,429 : INFO : PID      : 4352
2026-08-20 22:22:04,429 : INFO : Name     : dasHost.exe
2026-08-20 22:22:04,429 : INFO : Username : None
2026-08-20 22:22:04,429 : INFO : Status   : running
2026-08-20 22:22:04,429 : INFO : ----------------------------------------------------------------------
2026-08-20 22:22:04,429 : INFO : PID      : 4400
2026-08-20 22:22:04,429 : INFO : Name     : WmiPrvSE.exe
2026-08-20 22:22:04,429 : INFO : Username : None
2026-08-20 22:22:04,429 : INFO : Status   : running
2026-08-20 22:22:04,429 : INFO : ----------------------------------------------------------------------
2026-08-20 22:22:04,429 : INFO : PID      : 4440
2026-08-20 22:22:04,429 : INFO : Name     : svchost.exe
2026-08-20 22:22:04,429 : INFO : Username : None
2026-08-20 22:22:04,429 : INFO : Status   : running
2026-08-20 22:22:04,429 : INFO : ----------------------------------------------------------------------
2026-08-20 22:22:04,429 : INFO : PID      : 4468
2026-08-20 22:22:04,429 : INFO : Name     : chrome.exe
2026-08-20 22:22:04,429 : INFO : Username : LAPTOP-1Q4JPRGU\Ajit
2026-08-20 22:22:04,429 : INFO : Status   : running
2026-08-20 22:22:04,429 : INFO : ----------------------------------------------------------------------
2026-08-20 22:22:04,429 : INFO : PID      : 4564
2026-08-20 22:22:04,429 : INFO : Name     : svchost.exe
2026-08-20 22:22:04,429 : INFO : Username : None
2026-08-20 22:22:04,429 : INFO : Status   : running
2026-08-20 22:22:04,429 : INFO : ----------------------------------------------------------------------
2026-08-20 22:22:04,429 : INFO : PID      : 4664
2026-08-20 22:22:04,429 : INFO : Name     : svchost.exe
2026-08-20 22:22:04,429 : INFO : Username : None
2026-08-20 22:22:04,429 : INFO : Status   : running
2026-08-20 22:22:04,429 : INFO : ----------------------------------------------------------------------
2026-08-20 22:22:04,429 : INFO : PID      : 4700
2026-08-20 22:22:04,430 : INFO : Name     : svchost.exe
2026-08-20 22:22:04,430 : INFO : Username : None
2026-08-20 22:22:04,430 : INFO : Status   : running
2026-08-20 22:22:04,430 : INFO : ----------------------------------------------------------------------
2026-08-20 22:22:04,430 : INFO : PID      : 4708
2026-08-20 22:22:04,430 : INFO : Name     : svchost.exe
2026-08-20 22:22:04,430 : INFO : Username : None
2026-08-20 22:22:04,430 : INFO : Status   : running
2026-08-20 22:22:04,430 : INFO : ----------------------------------------------------------------------
2026-08-20 22:22:04,430 : INFO : PID      : 4716
2026-08-20 22:22:04,430 : INFO : Name     : svchost.exe
2026-08-20 22:22:04,430 : INFO : Username : None
2026-08-20 22:22:04,430 : INFO : Status   : running
2026-08-20 22:22:04,430 : INFO : ----------------------------------------------------------------------
2026-08-20 22:22:04,430 : INFO : PID      : 4768
2026-08-20 22:22:04,430 : INFO : Name     : RtkAudUService64.exe
2026-08-20 22:22:04,430 : INFO : Username : None
2026-08-20 22:22:04,430 : INFO : Status   : running
2026-08-20 22:22:04,430 : INFO : ----------------------------------------------------------------------
2026-08-20 22:22:04,430 : INFO : PID      : 4844
2026-08-20 22:22:04,430 : INFO : Name     : svchost.exe
2026-08-20 22:22:04,430 : INFO : Username : None
2026-08-20 22:22:04,430 : INFO : Status   : running
2026-08-20 22:22:04,430 : INFO : ----------------------------------------------------------------------
2026-08-20 22:22:04,430 : INFO : PID      : 4852
2026-08-20 22:22:04,430 : INFO : Name     : TouchpointAnalyticsClientService.exe
2026-08-20 22:22:04,430 : INFO : Username : None
2026-08-20 22:22:04,430 : INFO : Status   : running
2026-08-20 22:22:04,430 : INFO : ----------------------------------------------------------------------
2026-08-20 22:22:04,430 : INFO : PID      : 4860
2026-08-20 22:22:04,430 : INFO : Name     : svchost.exe
2026-08-20 22:22:04,430 : INFO : Username : None
2026-08-20 22:22:04,430 : INFO : Status   : running
2026-08-20 22:22:04,430 : INFO : ----------------------------------------------------------------------
2026-08-20 22:22:04,430 : INFO : PID      : 4868
2026-08-20 22:22:04,430 : INFO : Name     : AppHelperCap.exe
2026-08-20 22:22:04,430 : INFO : Username : None
2026-08-20 22:22:04,430 : INFO : Status   : running
2026-08-20 22:22:04,430 : INFO : ----------------------------------------------------------------------
2026-08-20 22:22:04,430 : INFO : PID      : 4876
2026-08-20 22:22:04,431 : INFO : Name     : NetworkCap.exe
2026-08-20 22:22:04,431 : INFO : Username : None
2026-08-20 22:22:04,431 : INFO : Status   : running
2026-08-20 22:22:04,431 : INFO : ----------------------------------------------------------------------
2026-08-20 22:22:04,431 : INFO : PID      : 4884
2026-08-20 22:22:04,431 : INFO : Name     : DiagsCap.exe
2026-08-20 22:22:04,431 : INFO : Username : None
2026-08-20 22:22:04,431 : INFO : Status   : running
2026-08-20 22:22:04,431 : INFO : ----------------------------------------------------------------------
2026-08-20 22:22:04,431 : INFO : PID      : 4892
2026-08-20 22:22:04,431 : INFO : Name     : MemCompression
2026-08-20 22:22:04,431 : INFO : Username : None
2026-08-20 22:22:04,431 : INFO : Status   : running
2026-08-20 22:22:04,431 : INFO : ----------------------------------------------------------------------
2026-08-20 22:22:04,431 : INFO : PID      : 5140
2026-08-20 22:22:04,431 : INFO : Name     : HPCommRecovery.exe
2026-08-20 22:22:04,431 : INFO : Username : None
2026-08-20 22:22:04,431 : INFO : Status   : running
2026-08-20 22:22:04,431 : INFO : ----------------------------------------------------------------------
2026-08-20 22:22:04,431 : INFO : PID      : 5180
2026-08-20 22:22:04,431 : INFO : Name     : svchost.exe
2026-08-20 22:22:04,431 : INFO : Username : None
2026-08-20 22:22:04,431 : INFO : Status   : running
2026-08-20 22:22:04,431 : INFO : ----------------------------------------------------------------------
2026-08-20 22:22:04,431 : INFO : PID      : 5224
2026-08-20 22:22:04,431 : INFO : Name     : NisSrv.exe
2026-08-20 22:22:04,431 : INFO : Username : None
2026-08-20 22:22:04,431 : INFO : Status   : running
2026-08-20 22:22:04,431 : INFO : ----------------------------------------------------------------------
2026-08-20 22:22:04,431 : INFO : PID      : 5272
2026-08-20 22:22:04,431 : INFO : Name     : powershell.exe
2026-08-20 22:22:04,431 : INFO : Username : LAPTOP-1Q4JPRGU\Ajit
2026-08-20 22:22:04,431 : INFO : Status   : running
2026-08-20 22:22:04,431 : INFO : ----------------------------------------------------------------------
2026-08-20 22:22:04,431 : INFO : PID      : 5304
2026-08-20 22:22:04,431 : INFO : Name     : nssm.exe
2026-08-20 22:22:04,431 : INFO : Username : None
2026-08-20 22:22:04,431 : INFO : Status   : running
2026-08-20 22:22:04,431 : INFO : ----------------------------------------------------------------------
2026-08-20 22:22:04,431 : INFO : PID      : 5340
2026-08-20 22:22:04,431 : INFO : Name     : svchost.exe
2026-08-20 22:22:04,432 : INFO : Username : None
2026-08-20 22:22:04,432 : INFO : Status   : running
2026-08-20 22:22:04,432 : INFO : ----------------------------------------------------------------------
2026-08-20 22:22:04,432 : INFO : PID      : 5380
2026-08-20 22:22:04,432 : INFO : Name     : rlm.foundry.exe
2026-08-20 22:22:04,432 : INFO : Username : None
2026-08-20 22:22:04,432 : INFO : Status   : running
2026-08-20 22:22:04,432 : INFO : ----------------------------------------------------------------------
2026-08-20 22:22:04,432 : INFO : PID      : 5476
2026-08-20 22:22:04,432 : INFO : Name     : svchost.exe
2026-08-20 22:22:04,432 : INFO : Username : None
2026-08-20 22:22:04,432 : INFO : Status   : running
2026-08-20 22:22:04,432 : INFO : ----------------------------------------------------------------------
2026-08-20 22:22:04,432 : INFO : PID      : 5540
2026-08-20 22:22:04,432 : INFO : Name     : USBHubSvc.exe
2026-08-20 22:22:04,432 : INFO : Username : None
2026-08-20 22:22:04,432 : INFO : Status   : running
2026-08-20 22:22:04,432 : INFO : ----------------------------------------------------------------------
2026-08-20 22:22:04,432 : INFO : PID      : 5572
2026-08-20 22:22:04,432 : INFO : Name     : svchost.exe
2026-08-20 22:22:04,432 : INFO : Username : None
2026-08-20 22:22:04,432 : INFO : Status   : running
2026-08-20 22:22:04,432 : INFO : ----------------------------------------------------------------------
2026-08-20 22:22:04,432 : INFO : PID      : 5620
2026-08-20 22:22:04,432 : INFO : Name     : svchost.exe
2026-08-20 22:22:04,432 : INFO : Username : None
2026-08-20 22:22:04,432 : INFO : Status   : running
2026-08-20 22:22:04,432 : INFO : ----------------------------------------------------------------------
2026-08-20 22:22:04,432 : INFO : PID      : 5676
2026-08-20 22:22:04,432 : INFO : Name     : atieclxx.exe
2026-08-20 22:22:04,432 : INFO : Username : None
2026-08-20 22:22:04,432 : INFO : Status   : running
2026-08-20 22:22:04,432 : INFO : ----------------------------------------------------------------------
2026-08-20 22:22:04,432 : INFO : PID      : 5708
2026-08-20 22:22:04,432 : INFO : Name     : chrome.exe
2026-08-20 22:22:04,432 : INFO : Username : LAPTOP-1Q4JPRGU\Ajit
2026-08-20 22:22:04,432 : INFO : Status   : running
2026-08-20 22:22:04,432 : INFO : ----------------------------------------------------------------------
2026-08-20 22:22:04,432 : INFO : PID      : 5720
2026-08-20 22:22:04,432 : INFO : Name     : svchost.exe
2026-08-20 22:22:04,432 : INFO : Username : None
2026-08-20 22:22:04,433 : INFO : Status   : running
2026-08-20 22:22:04,433 : INFO : ----------------------------------------------------------------------
2026-08-20 22:22:04,433 : INFO : PID      : 5756
2026-08-20 22:22:04,433 : INFO : Name     : svchost.exe
2026-08-20 22:22:04,433 : INFO : Username : None
2026-08-20 22:22:04,433 : INFO : Status   : running
2026-08-20 22:22:04,433 : INFO : ----------------------------------------------------------------------
2026-08-20 22:22:04,433 : INFO : PID      : 5784
2026-08-20 22:22:04,433 : INFO : Name     : scheduler.exe
2026-08-20 22:22:04,433 : INFO : Username : None
2026-08-20 22:22:04,433 : INFO : Status   : running
2026-08-20 22:22:04,433 : INFO : ----------------------------------------------------------------------
2026-08-20 22:22:04,433 : INFO : PID      : 5832
2026-08-20 22:22:04,433 : INFO : Name     : svchost.exe
2026-08-20 22:22:04,433 : INFO : Username : None
2026-08-20 22:22:04,433 : INFO : Status   : running
2026-08-20 22:22:04,433 : INFO : ----------------------------------------------------------------------
2026-08-20 22:22:04,433 : INFO : PID      : 5840
2026-08-20 22:22:04,433 : INFO : Name     : svchost.exe
2026-08-20 22:22:04,433 : INFO : Username : None
2026-08-20 22:22:04,433 : INFO : Status   : running
2026-08-20 22:22:04,433 : INFO : ----------------------------------------------------------------------
2026-08-20 22:22:04,433 : INFO : PID      : 5844
2026-08-20 22:22:04,433 : INFO : Name     : SECOMN64.exe
2026-08-20 22:22:04,433 : INFO : Username : None
2026-08-20 22:22:04,433 : INFO : Status   : running
2026-08-20 22:22:04,433 : INFO : ----------------------------------------------------------------------
2026-08-20 22:22:04,433 : INFO : PID      : 5856
2026-08-20 22:22:04,433 : INFO : Name     : openvpnserv.exe
2026-08-20 22:22:04,433 : INFO : Username : None
2026-08-20 22:22:04,433 : INFO : Status   : running
2026-08-20 22:22:04,433 : INFO : ----------------------------------------------------------------------
2026-08-20 22:22:04,433 : INFO : PID      : 5904
2026-08-20 22:22:04,433 : INFO : Name     : spoolsv.exe
2026-08-20 22:22:04,433 : INFO : Username : None
2026-08-20 22:22:04,433 : INFO : Status   : running
2026-08-20 22:22:04,433 : INFO : ----------------------------------------------------------------------
2026-08-20 22:22:04,434 : INFO : PID      : 5956
2026-08-20 22:22:04,434 : INFO : Name     : svchost.exe
2026-08-20 22:22:04,434 : INFO : Username : None
2026-08-20 22:22:04,434 : INFO : Status   : running
2026-08-20 22:22:04,434 : INFO : ----------------------------------------------------------------------
2026-08-20 22:22:04,434 : INFO : PID      : 6012
2026-08-20 22:22:04,434 : INFO : Name     : FortiSSLVPNdaemon.exe
2026-08-20 22:22:04,434 : INFO : Username : None
2026-08-20 22:22:04,434 : INFO : Status   : running
2026-08-20 22:22:04,434 : INFO : ----------------------------------------------------------------------
2026-08-20 22:22:04,434 : INFO : PID      : 6028
2026-08-20 22:22:04,434 : INFO : Name     : FortiVPN.exe
2026-08-20 22:22:04,434 : INFO : Username : None
2026-08-20 22:22:04,434 : INFO : Status   : running
2026-08-20 22:22:04,434 : INFO : ----------------------------------------------------------------------
2026-08-20 22:22:04,434 : INFO : PID      : 6056
2026-08-20 22:22:04,434 : INFO : Name     : chrome.exe
2026-08-20 22:22:04,434 : INFO : Username : LAPTOP-1Q4JPRGU\Ajit
2026-08-20 22:22:04,434 : INFO : Status   : running
2026-08-20 22:22:04,434 : INFO : ----------------------------------------------------------------------
2026-08-20 22:22:04,434 : INFO : PID      : 6060
2026-08-20 22:22:04,434 : INFO : Name     : openvpn-gui.exe
2026-08-20 22:22:04,434 : INFO : Username : LAPTOP-1Q4JPRGU\Ajit
2026-08-20 22:22:04,434 : INFO : Status   : running
2026-08-20 22:22:04,434 : INFO : ----------------------------------------------------------------------
2026-08-20 22:22:04,434 : INFO : PID      : 6080
2026-08-20 22:22:04,434 : INFO : Name     : FortiSettings.exe
2026-08-20 22:22:04,434 : INFO : Username : None
2026-08-20 22:22:04,434 : INFO : Status   : running
2026-08-20 22:22:04,434 : INFO : ----------------------------------------------------------------------
2026-08-20 22:22:04,434 : INFO : PID      : 6084
2026-08-20 22:22:04,434 : INFO : Name     : svchost.exe
2026-08-20 22:22:04,434 : INFO : Username : None
2026-08-20 22:22:04,434 : INFO : Status   : running
2026-08-20 22:22:04,434 : INFO : ----------------------------------------------------------------------
2026-08-20 22:22:04,434 : INFO : PID      : 6108
2026-08-20 22:22:04,434 : INFO : Name     : armsvc.exe
2026-08-20 22:22:04,434 : INFO : Username : None
2026-08-20 22:22:04,434 : INFO : Status   : running
2026-08-20 22:22:04,435 : INFO : ----------------------------------------------------------------------
2026-08-20 22:22:04,435 : INFO : PID      : 6128
2026-08-20 22:22:04,435 : INFO : Name     : CompanionService.WinService.exe
2026-08-20 22:22:04,435 : INFO : Username : None
2026-08-20 22:22:04,435 : INFO : Status   : running
2026-08-20 22:22:04,435 : INFO : ----------------------------------------------------------------------
2026-08-20 22:22:04,435 : INFO : PID      : 6136
2026-08-20 22:22:04,435 : INFO : Name     : DCIService.exe
2026-08-20 22:22:04,435 : INFO : Username : None
2026-08-20 22:22:04,435 : INFO : Status   : running
2026-08-20 22:22:04,435 : INFO : ----------------------------------------------------------------------
2026-08-20 22:22:04,435 : INFO : PID      : 6152
2026-08-20 22:22:04,435 : INFO : Name     : sqlwriter.exe
2026-08-20 22:22:04,435 : INFO : Username : None
2026-08-20 22:22:04,435 : INFO : Status   : running
2026-08-20 22:22:04,435 : INFO : ----------------------------------------------------------------------
2026-08-20 22:22:04,435 : INFO : PID      : 6168
2026-08-20 22:22:04,435 : INFO : Name     : MsMpEng.exe
2026-08-20 22:22:04,435 : INFO : Username : None
2026-08-20 22:22:04,435 : INFO : Status   : running
2026-08-20 22:22:04,435 : INFO : ----------------------------------------------------------------------
2026-08-20 22:22:04,435 : INFO : PID      : 6196
2026-08-20 22:22:04,435 : INFO : Name     : MpDefenderCoreService.exe
2026-08-20 22:22:04,435 : INFO : Username : None
2026-08-20 22:22:04,435 : INFO : Status   : running
2026-08-20 22:22:04,435 : INFO : ----------------------------------------------------------------------
2026-08-20 22:22:04,435 : INFO : PID      : 6228
2026-08-20 22:22:04,435 : INFO : Name     : mongod.exe
2026-08-20 22:22:04,435 : INFO : Username : None
2026-08-20 22:22:04,435 : INFO : Status   : running
2026-08-20 22:22:04,435 : INFO : ----------------------------------------------------------------------
2026-08-20 22:22:04,435 : INFO : PID      : 6236
2026-08-20 22:22:04,435 : INFO : Name     : svchost.exe
2026-08-20 22:22:04,435 : INFO : Username : None
2026-08-20 22:22:04,435 : INFO : Status   : running
2026-08-20 22:22:04,435 : INFO : ----------------------------------------------------------------------
2026-08-20 22:22:04,435 : INFO : PID      : 6312
2026-08-20 22:22:04,435 : INFO : Name     : svchost.exe
2026-08-20 22:22:04,435 : INFO : Username : None
2026-08-20 22:22:04,435 : INFO : Status   : running
2026-08-20 22:22:04,435 : INFO : ----------------------------------------------------------------------
2026-08-20 22:22:04,436 : INFO : PID      : 6516
2026-08-20 22:22:04,436 : INFO : Name     : taskhostw.exe
2026-08-20 22:22:04,436 : INFO : Username : LAPTOP-1Q4JPRGU\Ajit
2026-08-20 22:22:04,436 : INFO : Status   : running
2026-08-20 22:22:04,436 : INFO : ----------------------------------------------------------------------
2026-08-20 22:22:04,436 : INFO : PID      : 6532
2026-08-20 22:22:04,436 : INFO : Name     : msedgewebview2.exe
2026-08-20 22:22:04,436 : INFO : Username : LAPTOP-1Q4JPRGU\Ajit
2026-08-20 22:22:04,436 : INFO : Status   : running
2026-08-20 22:22:04,436 : INFO : ----------------------------------------------------------------------
2026-08-20 22:22:04,436 : INFO : PID      : 6608
2026-08-20 22:22:04,436 : INFO : Name     : ExpressVPNNotificationService.exe
2026-08-20 22:22:04,436 : INFO : Username : LAPTOP-1Q4JPRGU\Ajit
2026-08-20 22:22:04,436 : INFO : Status   : running
2026-08-20 22:22:04,436 : INFO : ----------------------------------------------------------------------
2026-08-20 22:22:04,436 : INFO : PID      : 6632
2026-08-20 22:22:04,436 : INFO : Name     : expressvpnd.exe
2026-08-20 22:22:04,436 : INFO : Username : None
2026-08-20 22:22:04,436 : INFO : Status   : running
2026-08-20 22:22:04,436 : INFO : ----------------------------------------------------------------------
2026-08-20 22:22:04,436 : INFO : PID      : 6780
2026-08-20 22:22:04,436 : INFO : Name     : conhost.exe
2026-08-20 22:22:04,436 : INFO : Username : None
2026-08-20 22:22:04,436 : INFO : Status   : running
2026-08-20 22:22:04,436 : INFO : ----------------------------------------------------------------------
2026-08-20 22:22:04,436 : INFO : PID      : 6888
2026-08-20 22:22:04,436 : INFO : Name     : WmiPrvSE.exe
2026-08-20 22:22:04,436 : INFO : Username : None
2026-08-20 22:22:04,436 : INFO : Status   : running
2026-08-20 22:22:04,436 : INFO : ----------------------------------------------------------------------
2026-08-20 22:22:04,436 : INFO : PID      : 6932
2026-08-20 22:22:04,436 : INFO : Name     : rlm.foundry.exe
2026-08-20 22:22:04,436 : INFO : Username : None
2026-08-20 22:22:04,436 : INFO : Status   : running
2026-08-20 22:22:04,436 : INFO : ----------------------------------------------------------------------
2026-08-20 22:22:04,436 : INFO : PID      : 7036
2026-08-20 22:22:04,436 : INFO : Name     : NVIDIA Share.exe
2026-08-20 22:22:04,436 : INFO : Username : LAPTOP-1Q4JPRGU\Ajit
2026-08-20 22:22:04,436 : INFO : Status   : running
2026-08-20 22:22:04,436 : INFO : ----------------------------------------------------------------------
2026-08-20 22:22:04,436 : INFO : PID      : 7132
2026-08-20 22:22:04,437 : INFO : Name     : chrome.exe
2026-08-20 22:22:04,437 : INFO : Username : LAPTOP-1Q4JPRGU\Ajit
2026-08-20 22:22:04,437 : INFO : Status   : running
2026-08-20 22:22:04,437 : INFO : ----------------------------------------------------------------------
2026-08-20 22:22:04,437 : INFO : PID      : 7784
2026-08-20 22:22:04,437 : INFO : Name     : SynTPEnh.exe
2026-08-20 22:22:04,437 : INFO : Username : LAPTOP-1Q4JPRGU\Ajit
2026-08-20 22:22:04,437 : INFO : Status   : running
2026-08-20 22:22:04,437 : INFO : ----------------------------------------------------------------------
2026-08-20 22:22:04,437 : INFO : PID      : 7932
2026-08-20 22:22:04,437 : INFO : Name     : SearchHost.exe
2026-08-20 22:22:04,437 : INFO : Username : LAPTOP-1Q4JPRGU\Ajit
2026-08-20 22:22:04,437 : INFO : Status   : running
2026-08-20 22:22:04,437 : INFO : ----------------------------------------------------------------------
2026-08-20 22:22:04,437 : INFO : PID      : 8312
2026-08-20 22:22:04,437 : INFO : Name     : svchost.exe
2026-08-20 22:22:04,437 : INFO : Username : None
2026-08-20 22:22:04,437 : INFO : Status   : running
2026-08-20 22:22:04,437 : INFO : ----------------------------------------------------------------------
2026-08-20 22:22:04,437 : INFO : PID      : 8972
2026-08-20 22:22:04,437 : INFO : Name     : FileCoAuth.exe
2026-08-20 22:22:04,437 : INFO : Username : LAPTOP-1Q4JPRGU\Ajit
2026-08-20 22:22:04,437 : INFO : Status   : running
2026-08-20 22:22:04,437 : INFO : ----------------------------------------------------------------------
2026-08-20 22:22:04,437 : INFO : PID      : 9004
2026-08-20 22:22:04,437 : INFO : Name     : OmenCommandCenterBackground.exe
2026-08-20 22:22:04,437 : INFO : Username : LAPTOP-1Q4JPRGU\Ajit
2026-08-20 22:22:04,437 : INFO : Status   : running
2026-08-20 22:22:04,437 : INFO : ----------------------------------------------------------------------
2026-08-20 22:22:04,437 : INFO : PID      : 9088
2026-08-20 22:22:04,437 : INFO : Name     : MicrosoftStartFeedProvider.exe
2026-08-20 22:22:04,437 : INFO : Username : LAPTOP-1Q4JPRGU\Ajit
2026-08-20 22:22:04,437 : INFO : Status   : running
2026-08-20 22:22:04,437 : INFO : ----------------------------------------------------------------------
2026-08-20 22:22:04,437 : INFO : PID      : 9128
2026-08-20 22:22:04,437 : INFO : Name     : wlanext.exe
2026-08-20 22:22:04,437 : INFO : Username : None
2026-08-20 22:22:04,437 : INFO : Status   : running
2026-08-20 22:22:04,437 : INFO : ----------------------------------------------------------------------
2026-08-20 22:22:04,437 : INFO : PID      : 9452
2026-08-20 22:22:04,437 : INFO : Name     : svchost.exe
2026-08-20 22:22:04,437 : INFO : Username : None
2026-08-20 22:22:04,438 : INFO : Status   : running
2026-08-20 22:22:04,438 : INFO : ----------------------------------------------------------------------
2026-08-20 22:22:04,438 : INFO : PID      : 9516
2026-08-20 22:22:04,438 : INFO : Name     : Code.exe
2026-08-20 22:22:04,438 : INFO : Username : LAPTOP-1Q4JPRGU\Ajit
2026-08-20 22:22:04,438 : INFO : Status   : running
2026-08-20 22:22:04,438 : INFO : ----------------------------------------------------------------------
2026-08-20 22:22:04,438 : INFO : PID      : 9520
2026-08-20 22:22:04,438 : INFO : Name     : svchost.exe
2026-08-20 22:22:04,438 : INFO : Username : LAPTOP-1Q4JPRGU\Ajit
2026-08-20 22:22:04,438 : INFO : Status   : running
2026-08-20 22:22:04,438 : INFO : ----------------------------------------------------------------------
2026-08-20 22:22:04,438 : INFO : PID      : 9532
2026-08-20 22:22:04,438 : INFO : Name     : Code.exe
2026-08-20 22:22:04,438 : INFO : Username : LAPTOP-1Q4JPRGU\Ajit
2026-08-20 22:22:04,438 : INFO : Status   : running
2026-08-20 22:22:04,438 : INFO : ----------------------------------------------------------------------
2026-08-20 22:22:04,438 : INFO : PID      : 9604
2026-08-20 22:22:04,438 : INFO : Name     : svchost.exe
2026-08-20 22:22:04,438 : INFO : Username : None
2026-08-20 22:22:04,438 : INFO : Status   : running
2026-08-20 22:22:04,438 : INFO : ----------------------------------------------------------------------
2026-08-20 22:22:04,438 : INFO : PID      : 9704
2026-08-20 22:22:04,438 : INFO : Name     : dasHost.exe
2026-08-20 22:22:04,438 : INFO : Username : None
2026-08-20 22:22:04,438 : INFO : Status   : running
2026-08-20 22:22:04,438 : INFO : ----------------------------------------------------------------------
2026-08-20 22:22:04,438 : INFO : PID      : 9720
2026-08-20 22:22:04,438 : INFO : Name     : svchost.exe
2026-08-20 22:22:04,438 : INFO : Username : None
2026-08-20 22:22:04,438 : INFO : Status   : running
2026-08-20 22:22:04,438 : INFO : ----------------------------------------------------------------------
2026-08-20 22:22:04,438 : INFO : PID      : 9756
2026-08-20 22:22:04,438 : INFO : Name     : svchost.exe
2026-08-20 22:22:04,438 : INFO : Username : None
2026-08-20 22:22:04,438 : INFO : Status   : running
2026-08-20 22:22:04,438 : INFO : ----------------------------------------------------------------------
2026-08-20 22:22:04,438 : INFO : PID      : 9760
2026-08-20 22:22:04,438 : INFO : Name     : SDXHelper.exe
2026-08-20 22:22:04,438 : INFO : Username : LAPTOP-1Q4JPRGU\Ajit
2026-08-20 22:22:04,438 : INFO : Status   : running
2026-08-20 22:22:04,439 : INFO : ----------------------------------------------------------------------
2026-08-20 22:22:04,439 : INFO : PID      : 9780
2026-08-20 22:22:04,439 : INFO : Name     : svchost.exe
2026-08-20 22:22:04,439 : INFO : Username : None
2026-08-20 22:22:04,439 : INFO : Status   : running
2026-08-20 22:22:04,439 : INFO : ----------------------------------------------------------------------
2026-08-20 22:22:04,439 : INFO : PID      : 10168
2026-08-20 22:22:04,439 : INFO : Name     : FCDBLog.exe
2026-08-20 22:22:04,442 : INFO : Username : None
2026-08-20 22:22:04,442 : INFO : Status   : running
2026-08-20 22:22:04,442 : INFO : ----------------------------------------------------------------------
2026-08-20 22:22:04,443 : INFO : PID      : 10308
2026-08-20 22:22:04,443 : INFO : Name     : Code.exe
2026-08-20 22:22:04,444 : INFO : Username : LAPTOP-1Q4JPRGU\Ajit
2026-08-20 22:22:04,444 : INFO : Status   : running
2026-08-20 22:22:04,444 : INFO : ----------------------------------------------------------------------
2026-08-20 22:22:04,444 : INFO : PID      : 10436
2026-08-20 22:22:04,444 : INFO : Name     : svchost.exe
2026-08-20 22:22:04,444 : INFO : Username : None
2026-08-20 22:22:04,444 : INFO : Status   : running
2026-08-20 22:22:04,444 : INFO : ----------------------------------------------------------------------
2026-08-20 22:22:04,444 : INFO : PID      : 10500
2026-08-20 22:22:04,444 : INFO : Name     : HPSystemEventUtilityHost.exe
2026-08-20 22:22:04,444 : INFO : Username : LAPTOP-1Q4JPRGU\Ajit
2026-08-20 22:22:04,444 : INFO : Status   : running
2026-08-20 22:22:04,444 : INFO : ----------------------------------------------------------------------
2026-08-20 22:22:04,444 : INFO : PID      : 10528
2026-08-20 22:22:04,444 : INFO : Name     : SysInfoCap.exe
2026-08-20 22:22:04,444 : INFO : Username : None
2026-08-20 22:22:04,444 : INFO : Status   : running
2026-08-20 22:22:04,444 : INFO : ----------------------------------------------------------------------
2026-08-20 22:22:04,444 : INFO : PID      : 10572
2026-08-20 22:22:04,444 : INFO : Name     : msedge.exe
2026-08-20 22:22:04,444 : INFO : Username : LAPTOP-1Q4JPRGU\Ajit
2026-08-20 22:22:04,444 : INFO : Status   : running
2026-08-20 22:22:04,444 : INFO : ----------------------------------------------------------------------
2026-08-20 22:22:04,444 : INFO : PID      : 10796
2026-08-20 22:22:04,444 : INFO : Name     : unsecapp.exe
2026-08-20 22:22:04,444 : INFO : Username : None
2026-08-20 22:22:04,444 : INFO : Status   : running
2026-08-20 22:22:04,444 : INFO : ----------------------------------------------------------------------
2026-08-20 22:22:04,444 : INFO : PID      : 10880
2026-08-20 22:22:04,444 : INFO : Name     : chrome.exe
2026-08-20 22:22:04,444 : INFO : Username : LAPTOP-1Q4JPRGU\Ajit
2026-08-20 22:22:04,444 : INFO : Status   : running
2026-08-20 22:22:04,445 : INFO : ----------------------------------------------------------------------
2026-08-20 22:22:04,445 : INFO : PID      : 11052
2026-08-20 22:22:04,445 : INFO : Name     : svchost.exe
2026-08-20 22:22:04,445 : INFO : Username : None
2026-08-20 22:22:04,445 : INFO : Status   : running
2026-08-20 22:22:04,445 : INFO : ----------------------------------------------------------------------
2026-08-20 22:22:04,445 : INFO : PID      : 11344
2026-08-20 22:22:04,445 : INFO : Name     : nvcontainer.exe
2026-08-20 22:22:04,445 : INFO : Username : LAPTOP-1Q4JPRGU\Ajit
2026-08-20 22:22:04,445 : INFO : Status   : running
2026-08-20 22:22:04,445 : INFO : ----------------------------------------------------------------------
2026-08-20 22:22:04,445 : INFO : PID      : 11400
2026-08-20 22:22:04,445 : INFO : Name     : sihost.exe
2026-08-20 22:22:04,445 : INFO : Username : LAPTOP-1Q4JPRGU\Ajit
2026-08-20 22:22:04,445 : INFO : Status   : running
2026-08-20 22:22:04,445 : INFO : ----------------------------------------------------------------------
2026-08-20 22:22:04,445 : INFO : PID      : 11420
2026-08-20 22:22:04,445 : INFO : Name     : nvcontainer.exe
2026-08-20 22:22:04,445 : INFO : Username : LAPTOP-1Q4JPRGU\Ajit
2026-08-20 22:22:04,445 : INFO : Status   : running
2026-08-20 22:22:04,445 : INFO : ----------------------------------------------------------------------
2026-08-20 22:22:04,445 : INFO : PID      : 11448
2026-08-20 22:22:04,445 : INFO : Name     : Microsoft.SqlServer.IntegrationServices.WorkerAgentServiceHost.exe
2026-08-20 22:22:04,445 : INFO : Username : None
2026-08-20 22:22:04,445 : INFO : Status   : running
2026-08-20 22:22:04,445 : INFO : ----------------------------------------------------------------------
2026-08-20 22:22:04,445 : INFO : PID      : 11460
2026-08-20 22:22:04,445 : INFO : Name     : svchost.exe
2026-08-20 22:22:04,445 : INFO : Username : None
2026-08-20 22:22:04,445 : INFO : Status   : running
2026-08-20 22:22:04,445 : INFO : ----------------------------------------------------------------------
2026-08-20 22:22:04,445 : INFO : PID      : 11512
2026-08-20 22:22:04,445 : INFO : Name     : svchost.exe
2026-08-20 22:22:04,445 : INFO : Username : LAPTOP-1Q4JPRGU\Ajit
2026-08-20 22:22:04,445 : INFO : Status   : running
2026-08-20 22:22:04,445 : INFO : ----------------------------------------------------------------------
2026-08-20 22:22:04,445 : INFO : PID      : 11524
2026-08-20 22:22:04,445 : INFO : Name     : svchost.exe
2026-08-20 22:22:04,446 : INFO : Username : LAPTOP-1Q4JPRGU\Ajit
2026-08-20 22:22:04,446 : INFO : Status   : running
2026-08-20 22:22:04,446 : INFO : ----------------------------------------------------------------------
2026-08-20 22:22:04,446 : INFO : PID      : 11600
2026-08-20 22:22:04,446 : INFO : Name     : svchost.exe
2026-08-20 22:22:04,446 : INFO : Username : LAPTOP-1Q4JPRGU\Ajit
2026-08-20 22:22:04,446 : INFO : Status   : running
2026-08-20 22:22:04,446 : INFO : ----------------------------------------------------------------------
2026-08-20 22:22:04,446 : INFO : PID      : 11660
2026-08-20 22:22:04,446 : INFO : Name     : svchost.exe
2026-08-20 22:22:04,446 : INFO : Username : LAPTOP-1Q4JPRGU\Ajit
2026-08-20 22:22:04,446 : INFO : Status   : running
2026-08-20 22:22:04,446 : INFO : ----------------------------------------------------------------------
2026-08-20 22:22:04,446 : INFO : PID      : 11688
2026-08-20 22:22:04,446 : INFO : Name     : chrome.exe
2026-08-20 22:22:04,446 : INFO : Username : LAPTOP-1Q4JPRGU\Ajit
2026-08-20 22:22:04,446 : INFO : Status   : running
2026-08-20 22:22:04,446 : INFO : ----------------------------------------------------------------------
2026-08-20 22:22:04,446 : INFO : PID      : 11716
2026-08-20 22:22:04,446 : INFO : Name     : taskhostw.exe
2026-08-20 22:22:04,446 : INFO : Username : LAPTOP-1Q4JPRGU\Ajit
2026-08-20 22:22:04,446 : INFO : Status   : running
2026-08-20 22:22:04,446 : INFO : ----------------------------------------------------------------------
2026-08-20 22:22:04,446 : INFO : PID      : 11764
2026-08-20 22:22:04,446 : INFO : Name     : OmenInstallMonitor.exe
2026-08-20 22:22:04,446 : INFO : Username : LAPTOP-1Q4JPRGU\Ajit
2026-08-20 22:22:04,446 : INFO : Status   : running
2026-08-20 22:22:04,446 : INFO : ----------------------------------------------------------------------
2026-08-20 22:22:04,446 : INFO : PID      : 11808
2026-08-20 22:22:04,446 : INFO : Name     : svchost.exe
2026-08-20 22:22:04,446 : INFO : Username : None
2026-08-20 22:22:04,446 : INFO : Status   : running
2026-08-20 22:22:04,446 : INFO : ----------------------------------------------------------------------
2026-08-20 22:22:04,446 : INFO : PID      : 11844
2026-08-20 22:22:04,446 : INFO : Name     : OverlayHelper.exe
2026-08-20 22:22:04,446 : INFO : Username : LAPTOP-1Q4JPRGU\Ajit
2026-08-20 22:22:04,446 : INFO : Status   : running
2026-08-20 22:22:04,446 : INFO : ----------------------------------------------------------------------
2026-08-20 22:22:04,446 : INFO : PID      : 11888
2026-08-20 22:22:04,446 : INFO : Name     : SystemOptimizer.exe
2026-08-20 22:22:04,447 : INFO : Username : LAPTOP-1Q4JPRGU\Ajit
2026-08-20 22:22:04,447 : INFO : Status   : running
2026-08-20 22:22:04,447 : INFO : ----------------------------------------------------------------------
2026-08-20 22:22:04,447 : INFO : PID      : 11952
2026-08-20 22:22:04,447 : INFO : Name     : uihost.exe
2026-08-20 22:22:04,447 : INFO : Username : LAPTOP-1Q4JPRGU\Ajit
2026-08-20 22:22:04,447 : INFO : Status   : running
2026-08-20 22:22:04,447 : INFO : ----------------------------------------------------------------------
2026-08-20 22:22:04,447 : INFO : PID      : 12180
2026-08-20 22:22:04,447 : INFO : Name     : RtkAudUService64.exe
2026-08-20 22:22:04,447 : INFO : Username : None
2026-08-20 22:22:04,447 : INFO : Status   : running
2026-08-20 22:22:04,447 : INFO : ----------------------------------------------------------------------
2026-08-20 22:22:04,447 : INFO : PID      : 12268
2026-08-20 22:22:04,447 : INFO : Name     : chrome.exe
2026-08-20 22:22:04,447 : INFO : Username : LAPTOP-1Q4JPRGU\Ajit
2026-08-20 22:22:04,447 : INFO : Status   : running
2026-08-20 22:22:04,447 : INFO : ----------------------------------------------------------------------
2026-08-20 22:22:04,447 : INFO : PID      : 12300
2026-08-20 22:22:04,447 : INFO : Name     : svchost.exe
2026-08-20 22:22:04,447 : INFO : Username : None
2026-08-20 22:22:04,447 : INFO : Status   : running
2026-08-20 22:22:04,447 : INFO : ----------------------------------------------------------------------
2026-08-20 22:22:04,447 : INFO : PID      : 12688
2026-08-20 22:22:04,447 : INFO : Name     : svchost.exe
2026-08-20 22:22:04,450 : INFO : Username : None
2026-08-20 22:22:04,451 : INFO : Status   : running
2026-08-20 22:22:04,451 : INFO : ----------------------------------------------------------------------
2026-08-20 22:22:04,451 : INFO : PID      : 12708
2026-08-20 22:22:04,451 : INFO : Name     : OneDrive.exe
2026-08-20 22:22:04,451 : INFO : Username : LAPTOP-1Q4JPRGU\Ajit
2026-08-20 22:22:04,451 : INFO : Status   : running
2026-08-20 22:22:04,451 : INFO : ----------------------------------------------------------------------
2026-08-20 22:22:04,451 : INFO : PID      : 12924
2026-08-20 22:22:04,451 : INFO : Name     : CrossDeviceResume.exe
2026-08-20 22:22:04,451 : INFO : Username : LAPTOP-1Q4JPRGU\Ajit
2026-08-20 22:22:04,451 : INFO : Status   : running
2026-08-20 22:22:04,451 : INFO : ----------------------------------------------------------------------
2026-08-20 22:22:04,451 : INFO : PID      : 12936
2026-08-20 22:22:04,451 : INFO : Name     : NVIDIA Web Helper.exe
2026-08-20 22:22:04,451 : INFO : Username : LAPTOP-1Q4JPRGU\Ajit
2026-08-20 22:22:04,451 : INFO : Status   : running
2026-08-20 22:22:04,455 : INFO : ----------------------------------------------------------------------
2026-08-20 22:22:04,455 : INFO : PID      : 12956
2026-08-20 22:22:04,455 : INFO : Name     : NVIDIA Share.exe
2026-08-20 22:22:04,455 : INFO : Username : LAPTOP-1Q4JPRGU\Ajit
2026-08-20 22:22:04,455 : INFO : Status   : running
2026-08-20 22:22:04,455 : INFO : ----------------------------------------------------------------------
2026-08-20 22:22:04,455 : INFO : PID      : 12996
2026-08-20 22:22:04,455 : INFO : Name     : conhost.exe
2026-08-20 22:22:04,455 : INFO : Username : LAPTOP-1Q4JPRGU\Ajit
2026-08-20 22:22:04,455 : INFO : Status   : running
2026-08-20 22:22:04,456 : INFO : ----------------------------------------------------------------------
2026-08-20 22:22:04,456 : INFO : PID      : 13548
2026-08-20 22:22:04,456 : INFO : Name     : svchost.exe
2026-08-20 22:22:04,456 : INFO : Username : None
2026-08-20 22:22:04,456 : INFO : Status   : running
2026-08-20 22:22:04,456 : INFO : ----------------------------------------------------------------------
2026-08-20 22:22:04,456 : INFO : PID      : 13640
2026-08-20 22:22:04,456 : INFO : Name     : UserOOBEBroker.exe
2026-08-20 22:22:04,456 : INFO : Username : LAPTOP-1Q4JPRGU\Ajit
2026-08-20 22:22:04,456 : INFO : Status   : running
2026-08-20 22:22:04,456 : INFO : ----------------------------------------------------------------------
2026-08-20 22:22:04,456 : INFO : PID      : 13648
2026-08-20 22:22:04,456 : INFO : Name     : SecurityHealthService.exe
2026-08-20 22:22:04,456 : INFO : Username : None
2026-08-20 22:22:04,456 : INFO : Status   : running
2026-08-20 22:22:04,456 : INFO : ----------------------------------------------------------------------
2026-08-20 22:22:04,456 : INFO : PID      : 13724
2026-08-20 22:22:04,456 : INFO : Name     : svchost.exe
2026-08-20 22:22:04,456 : INFO : Username : LAPTOP-1Q4JPRGU\Ajit
2026-08-20 22:22:04,456 : INFO : Status   : running
2026-08-20 22:22:04,456 : INFO : ----------------------------------------------------------------------
2026-08-20 22:22:04,456 : INFO : PID      : 13776
2026-08-20 22:22:04,456 : INFO : Name     : msedgewebview2.exe
2026-08-20 22:22:04,456 : INFO : Username : LAPTOP-1Q4JPRGU\Ajit
2026-08-20 22:22:04,456 : INFO : Status   : running
2026-08-20 22:22:04,456 : INFO : ----------------------------------------------------------------------
2026-08-20 22:22:04,456 : INFO : PID      : 13936
2026-08-20 22:22:04,456 : INFO : Name     : ctfmon.exe
2026-08-20 22:22:04,457 : INFO : Username : LAPTOP-1Q4JPRGU\Ajit
2026-08-20 22:22:04,457 : INFO : Status   : running
2026-08-20 22:22:04,457 : INFO : ----------------------------------------------------------------------
2026-08-20 22:22:04,457 : INFO : PID      : 14040
2026-08-20 22:22:04,457 : INFO : Name     : msmdsrv.exe
2026-08-20 22:22:04,457 : INFO : Username : None
2026-08-20 22:22:04,457 : INFO : Status   : running
2026-08-20 22:22:04,457 : INFO : ----------------------------------------------------------------------
2026-08-20 22:22:04,457 : INFO : PID      : 14188
2026-08-20 22:22:04,457 : INFO : Name     : AppVShNotify.exe
2026-08-20 22:22:04,457 : INFO : Username : LAPTOP-1Q4JPRGU\Ajit
2026-08-20 22:22:04,457 : INFO : Status   : running
2026-08-20 22:22:04,457 : INFO : ----------------------------------------------------------------------
2026-08-20 22:22:04,457 : INFO : PID      : 14404
2026-08-20 22:22:04,457 : INFO : Name     : FortiTray.exe
2026-08-20 22:22:04,457 : INFO : Username : LAPTOP-1Q4JPRGU\Ajit
2026-08-20 22:22:04,457 : INFO : Status   : running
2026-08-20 22:22:04,457 : INFO : ----------------------------------------------------------------------
2026-08-20 22:22:04,457 : INFO : PID      : 14508
2026-08-20 22:22:04,457 : INFO : Name     : RuntimeBroker.exe
2026-08-20 22:22:04,457 : INFO : Username : LAPTOP-1Q4JPRGU\Ajit
2026-08-20 22:22:04,457 : INFO : Status   : running
2026-08-20 22:22:04,457 : INFO : ----------------------------------------------------------------------
2026-08-20 22:22:04,458 : INFO : PID      : 14556
2026-08-20 22:22:04,458 : INFO : Name     : svchost.exe
2026-08-20 22:22:04,458 : INFO : Username : LAPTOP-1Q4JPRGU\Ajit
2026-08-20 22:22:04,458 : INFO : Status   : running
2026-08-20 22:22:04,458 : INFO : ----------------------------------------------------------------------
2026-08-20 22:22:04,458 : INFO : PID      : 14788
2026-08-20 22:22:04,458 : INFO : Name     : chrome.exe
2026-08-20 22:22:04,458 : INFO : Username : LAPTOP-1Q4JPRGU\Ajit
2026-08-20 22:22:04,458 : INFO : Status   : running
2026-08-20 22:22:04,458 : INFO : ----------------------------------------------------------------------
2026-08-20 22:22:04,458 : INFO : PID      : 14828
2026-08-20 22:22:04,458 : INFO : Name     : svchost.exe
2026-08-20 22:22:04,458 : INFO : Username : None
2026-08-20 22:22:04,458 : INFO : Status   : running
2026-08-20 22:22:04,458 : INFO : ----------------------------------------------------------------------
2026-08-20 22:22:04,458 : INFO : PID      : 15068
2026-08-20 22:22:04,458 : INFO : Name     : SecurityHealthSystray.exe
2026-08-20 22:22:04,458 : INFO : Username : LAPTOP-1Q4JPRGU\Ajit
2026-08-20 22:22:04,458 : INFO : Status   : running
2026-08-20 22:22:04,458 : INFO : ----------------------------------------------------------------------
2026-08-20 22:22:04,458 : INFO : PID      : 15092
2026-08-20 22:22:04,458 : INFO : Name     : ShellExperienceHost.exe
2026-08-20 22:22:04,458 : INFO : Username : LAPTOP-1Q4JPRGU\Ajit
2026-08-20 22:22:04,458 : INFO : Status   : stopped
2026-08-20 22:22:04,458 : INFO : ----------------------------------------------------------------------
2026-08-20 22:22:04,458 : INFO : PID      : 15160
2026-08-20 22:22:04,458 : INFO : Name     : HPMediaNetwork.exe
2026-08-20 22:22:04,458 : INFO : Username : LAPTOP-1Q4JPRGU\Ajit
2026-08-20 22:22:04,458 : INFO : Status   : running
2026-08-20 22:22:04,458 : INFO : ----------------------------------------------------------------------
2026-08-20 22:22:04,458 : INFO : PID      : 15336
2026-08-20 22:22:04,458 : INFO : Name     : WidgetBoard.exe
2026-08-20 22:22:04,458 : INFO : Username : LAPTOP-1Q4JPRGU\Ajit
2026-08-20 22:22:04,458 : INFO : Status   : running
2026-08-20 22:22:04,458 : INFO : ----------------------------------------------------------------------
2026-08-20 22:22:04,458 : INFO : PID      : 15636
2026-08-20 22:22:04,458 : INFO : Name     : Code.exe
2026-08-20 22:22:04,458 : INFO : Username : LAPTOP-1Q4JPRGU\Ajit
2026-08-20 22:22:04,459 : INFO : Status   : running
2026-08-20 22:22:04,459 : INFO : ----------------------------------------------------------------------
2026-08-20 22:22:04,459 : INFO : PID      : 15796
2026-08-20 22:22:04,459 : INFO : Name     : fdlauncher.exe
2026-08-20 22:22:04,459 : INFO : Username : None
2026-08-20 22:22:04,459 : INFO : Status   : running
2026-08-20 22:22:04,459 : INFO : ----------------------------------------------------------------------
2026-08-20 22:22:04,459 : INFO : PID      : 15856
2026-08-20 22:22:04,459 : INFO : Name     : DesktopExtension.exe
2026-08-20 22:22:04,461 : INFO : Username : LAPTOP-1Q4JPRGU\Ajit
2026-08-20 22:22:04,462 : INFO : Status   : running
2026-08-20 22:22:04,462 : INFO : ----------------------------------------------------------------------
2026-08-20 22:22:04,462 : INFO : PID      : 16352
2026-08-20 22:22:04,462 : INFO : Name     : msedge.exe
2026-08-20 22:22:04,462 : INFO : Username : LAPTOP-1Q4JPRGU\Ajit
2026-08-20 22:22:04,462 : INFO : Status   : running
2026-08-20 22:22:04,462 : INFO : ----------------------------------------------------------------------
2026-08-20 22:22:04,463 : INFO : PID      : 16576
2026-08-20 22:22:04,463 : INFO : Name     : svchost.exe
2026-08-20 22:22:04,463 : INFO : Username : None
2026-08-20 22:22:04,463 : INFO : Status   : running
2026-08-20 22:22:04,463 : INFO : ----------------------------------------------------------------------
2026-08-20 22:22:04,464 : INFO : PID      : 16596
2026-08-20 22:22:04,464 : INFO : Name     : Microsoft.SqlServer.IntegrationServices.MasterServiceHost.exe
2026-08-20 22:22:04,465 : INFO : Username : None
2026-08-20 22:22:04,465 : INFO : Status   : running
2026-08-20 22:22:04,465 : INFO : ----------------------------------------------------------------------
2026-08-20 22:22:04,465 : INFO : PID      : 16692
2026-08-20 22:22:04,465 : INFO : Name     : chrome.exe
2026-08-20 22:22:04,465 : INFO : Username : LAPTOP-1Q4JPRGU\Ajit
2026-08-20 22:22:04,465 : INFO : Status   : running
2026-08-20 22:22:04,466 : INFO : ----------------------------------------------------------------------
2026-08-20 22:22:04,466 : INFO : PID      : 17028
2026-08-20 22:22:04,466 : INFO : Name     : OpenConsole.exe
2026-08-20 22:22:04,466 : INFO : Username : LAPTOP-1Q4JPRGU\Ajit
2026-08-20 22:22:04,466 : INFO : Status   : running
2026-08-20 22:22:04,466 : INFO : ----------------------------------------------------------------------
2026-08-20 22:22:04,467 : INFO : PID      : 17108
2026-08-20 22:22:04,467 : INFO : Name     : Code.exe
2026-08-20 22:22:04,467 : INFO : Username : LAPTOP-1Q4JPRGU\Ajit
2026-08-20 22:22:04,467 : INFO : Status   : running
2026-08-20 22:22:04,467 : INFO : ----------------------------------------------------------------------
2026-08-20 22:22:04,467 : INFO : PID      : 17152
2026-08-20 22:22:04,467 : INFO : Name     : ApplicationFrameHost.exe
2026-08-20 22:22:04,467 : INFO : Username : LAPTOP-1Q4JPRGU\Ajit
2026-08-20 22:22:04,467 : INFO : Status   : running
2026-08-20 22:22:04,468 : INFO : ----------------------------------------------------------------------
2026-08-20 22:22:04,468 : INFO : PID      : 17292
2026-08-20 22:22:04,468 : INFO : Name     : MsDtsSrvr.exe
2026-08-20 22:22:04,468 : INFO : Username : None
2026-08-20 22:22:04,468 : INFO : Status   : running
2026-08-20 22:22:04,468 : INFO : ----------------------------------------------------------------------
2026-08-20 22:22:04,468 : INFO : PID      : 17432
2026-08-20 22:22:04,469 : INFO : Name     : sqlservr.exe
2026-08-20 22:22:04,469 : INFO : Username : None
2026-08-20 22:22:04,469 : INFO : Status   : running
2026-08-20 22:22:04,469 : INFO : ----------------------------------------------------------------------
2026-08-20 22:22:04,469 : INFO : PID      : 17664
2026-08-20 22:22:04,469 : INFO : Name     : svchost.exe
2026-08-20 22:22:04,469 : INFO : Username : None
2026-08-20 22:22:04,469 : INFO : Status   : running
2026-08-20 22:22:04,469 : INFO : ----------------------------------------------------------------------
2026-08-20 22:22:04,469 : INFO : PID      : 17668
2026-08-20 22:22:04,469 : INFO : Name     : nvsphelper64.exe
2026-08-20 22:22:04,469 : INFO : Username : LAPTOP-1Q4JPRGU\Ajit
2026-08-20 22:22:04,469 : INFO : Status   : running
2026-08-20 22:22:04,469 : INFO : ----------------------------------------------------------------------
2026-08-20 22:22:04,469 : INFO : PID      : 17780
2026-08-20 22:22:04,469 : INFO : Name     : nbcode64.exe
2026-08-20 22:22:04,469 : INFO : Username : LAPTOP-1Q4JPRGU\Ajit
2026-08-20 22:22:04,469 : INFO : Status   : running
2026-08-20 22:22:04,469 : INFO : ----------------------------------------------------------------------
2026-08-20 22:22:04,469 : INFO : PID      : 17924
2026-08-20 22:22:04,469 : INFO : Name     : NVIDIA Share.exe
2026-08-20 22:22:04,469 : INFO : Username : LAPTOP-1Q4JPRGU\Ajit
2026-08-20 22:22:04,469 : INFO : Status   : running
2026-08-20 22:22:04,469 : INFO : ----------------------------------------------------------------------
2026-08-20 22:22:04,469 : INFO : PID      : 18252
2026-08-20 22:22:04,469 : INFO : Name     : RtkAudUService64.exe
2026-08-20 22:22:04,470 : INFO : Username : LAPTOP-1Q4JPRGU\Ajit
2026-08-20 22:22:04,470 : INFO : Status   : running
2026-08-20 22:22:04,470 : INFO : ----------------------------------------------------------------------
2026-08-20 22:22:04,470 : INFO : PID      : 18500
2026-08-20 22:22:04,470 : INFO : Name     : OneDrive.Sync.Service.exe
2026-08-20 22:22:04,470 : INFO : Username : LAPTOP-1Q4JPRGU\Ajit
2026-08-20 22:22:04,470 : INFO : Status   : running
2026-08-20 22:22:04,470 : INFO : ----------------------------------------------------------------------
2026-08-20 22:22:04,470 : INFO : PID      : 18532
2026-08-20 22:22:04,470 : INFO : Name     : conhost.exe
2026-08-20 22:22:04,470 : INFO : Username : None
2026-08-20 22:22:04,470 : INFO : Status   : running
2026-08-20 22:22:04,470 : INFO : ----------------------------------------------------------------------
2026-08-20 22:22:04,470 : INFO : PID      : 18700
2026-08-20 22:22:04,470 : INFO : Name     : AdobeCollabSync.exe
2026-08-20 22:22:04,470 : INFO : Username : LAPTOP-1Q4JPRGU\Ajit
2026-08-20 22:22:04,470 : INFO : Status   : running
2026-08-20 22:22:04,470 : INFO : ----------------------------------------------------------------------
2026-08-20 22:22:04,470 : INFO : PID      : 18848
2026-08-20 22:22:04,470 : INFO : Name     : AdobeCollabSync.exe
2026-08-20 22:22:04,470 : INFO : Username : LAPTOP-1Q4JPRGU\Ajit
2026-08-20 22:22:04,470 : INFO : Status   : running
2026-08-20 22:22:04,470 : INFO : ----------------------------------------------------------------------
2026-08-20 22:22:04,470 : INFO : PID      : 18924
2026-08-20 22:22:04,470 : INFO : Name     : svchost.exe
2026-08-20 22:22:04,470 : INFO : Username : None
2026-08-20 22:22:04,470 : INFO : Status   : running
2026-08-20 22:22:04,470 : INFO : ----------------------------------------------------------------------
2026-08-20 22:22:04,470 : INFO : PID      : 19280
2026-08-20 22:22:04,470 : INFO : Name     : WebCompanion.exe
2026-08-20 22:22:04,471 : INFO : Username : LAPTOP-1Q4JPRGU\Ajit
2026-08-20 22:22:04,471 : INFO : Status   : running
2026-08-20 22:22:04,471 : INFO : ----------------------------------------------------------------------
2026-08-20 22:22:04,471 : INFO : PID      : 19532
2026-08-20 22:22:04,471 : INFO : Name     : svchost.exe
2026-08-20 22:22:04,471 : INFO : Username : None
2026-08-20 22:22:04,471 : INFO : Status   : running
2026-08-20 22:22:04,471 : INFO : ----------------------------------------------------------------------
2026-08-20 22:22:04,471 : INFO : PID      : 19688
2026-08-20 22:22:04,471 : INFO : Name     : mpdwsvc.exe
2026-08-20 22:22:04,471 : INFO : Username : None
2026-08-20 22:22:04,471 : INFO : Status   : running
2026-08-20 22:22:04,471 : INFO : ----------------------------------------------------------------------
2026-08-20 22:22:04,471 : INFO : PID      : 19696
2026-08-20 22:22:04,471 : INFO : Name     : AMDRSServ.exe
2026-08-20 22:22:04,471 : INFO : Username : LAPTOP-1Q4JPRGU\Ajit
2026-08-20 22:22:04,471 : INFO : Status   : running
2026-08-20 22:22:04,471 : INFO : ----------------------------------------------------------------------
2026-08-20 22:22:04,471 : INFO : PID      : 19808
2026-08-20 22:22:04,471 : INFO : Name     : Code.exe
2026-08-20 22:22:04,471 : INFO : Username : LAPTOP-1Q4JPRGU\Ajit
2026-08-20 22:22:04,471 : INFO : Status   : running
2026-08-20 22:22:04,471 : INFO : ----------------------------------------------------------------------
2026-08-20 22:22:04,471 : INFO : PID      : 19888
2026-08-20 22:22:04,471 : INFO : Name     : RuntimeBroker.exe
2026-08-20 22:22:04,471 : INFO : Username : LAPTOP-1Q4JPRGU\Ajit
2026-08-20 22:22:04,471 : INFO : Status   : running
2026-08-20 22:22:04,471 : INFO : ----------------------------------------------------------------------
2026-08-20 22:22:04,471 : INFO : PID      : 19904
2026-08-20 22:22:04,471 : INFO : Name     : svchost.exe
2026-08-20 22:22:04,471 : INFO : Username : LAPTOP-1Q4JPRGU\Ajit
2026-08-20 22:22:04,471 : INFO : Status   : running
2026-08-20 22:22:04,471 : INFO : ----------------------------------------------------------------------
2026-08-20 22:22:04,471 : INFO : PID      : 20068
2026-08-20 22:22:04,471 : INFO : Name     : svchost.exe
2026-08-20 22:22:04,471 : INFO : Username : None
2026-08-20 22:22:04,471 : INFO : Status   : running
2026-08-20 22:22:04,471 : INFO : ----------------------------------------------------------------------
2026-08-20 22:22:04,471 : INFO : PID      : 20092
2026-08-20 22:22:04,471 : INFO : Name     : unsecapp.exe
2026-08-20 22:22:04,472 : INFO : Username : LAPTOP-1Q4JPRGU\Ajit
2026-08-20 22:22:04,472 : INFO : Status   : running
2026-08-20 22:22:04,472 : INFO : ----------------------------------------------------------------------
2026-08-20 22:22:04,472 : INFO : PID      : 20240
2026-08-20 22:22:04,472 : INFO : Name     : HPSystemEventUtilityBackground.exe
2026-08-20 22:22:04,472 : INFO : Username : LAPTOP-1Q4JPRGU\Ajit
2026-08-20 22:22:04,472 : INFO : Status   : running
2026-08-20 22:22:04,472 : INFO : ----------------------------------------------------------------------
2026-08-20 22:22:04,472 : INFO : PID      : 20304
2026-08-20 22:22:04,472 : INFO : Name     : chrome.exe
2026-08-20 22:22:04,472 : INFO : Username : LAPTOP-1Q4JPRGU\Ajit
2026-08-20 22:22:04,472 : INFO : Status   : running
2026-08-20 22:22:04,472 : INFO : ----------------------------------------------------------------------
2026-08-20 22:22:04,472 : INFO : PID      : 20716
2026-08-20 22:22:04,472 : INFO : Name     : CCXProcess.exe
2026-08-20 22:22:04,472 : INFO : Username : LAPTOP-1Q4JPRGU\Ajit
2026-08-20 22:22:04,472 : INFO : Status   : running
2026-08-20 22:22:04,472 : INFO : ----------------------------------------------------------------------
2026-08-20 22:22:04,472 : INFO : PID      : 20756
2026-08-20 22:22:04,472 : INFO : Name     : node.exe
2026-08-20 22:22:04,472 : INFO : Username : LAPTOP-1Q4JPRGU\Ajit
2026-08-20 22:22:04,472 : INFO : Status   : running
2026-08-20 22:22:04,472 : INFO : ----------------------------------------------------------------------
2026-08-20 22:22:04,472 : INFO : PID      : 20832
2026-08-20 22:22:04,472 : INFO : Name     : conhost.exe
2026-08-20 22:22:04,472 : INFO : Username : LAPTOP-1Q4JPRGU\Ajit
2026-08-20 22:22:04,472 : INFO : Status   : running
2026-08-20 22:22:04,472 : INFO : ----------------------------------------------------------------------
2026-08-20 22:22:04,472 : INFO : PID      : 20852
2026-08-20 22:22:04,472 : INFO : Name     : WindowsTerminal.exe
2026-08-20 22:22:04,472 : INFO : Username : LAPTOP-1Q4JPRGU\Ajit
2026-08-20 22:22:04,472 : INFO : Status   : running
2026-08-20 22:22:04,472 : INFO : ----------------------------------------------------------------------
2026-08-20 22:22:04,472 : INFO : PID      : 21284
2026-08-20 22:22:04,472 : INFO : Name     : svchost.exe
2026-08-20 22:22:04,472 : INFO : Username : LAPTOP-1Q4JPRGU\Ajit
2026-08-20 22:22:04,472 : INFO : Status   : running
2026-08-20 22:22:04,472 : INFO : ----------------------------------------------------------------------
2026-08-20 22:22:04,472 : INFO : PID      : 21292
2026-08-20 22:22:04,473 : INFO : Name     : sqlceip.exe
2026-08-20 22:22:04,473 : INFO : Username : None
2026-08-20 22:22:04,473 : INFO : Status   : running
2026-08-20 22:22:04,473 : INFO : ----------------------------------------------------------------------
2026-08-20 22:22:04,473 : INFO : PID      : 21404
2026-08-20 22:22:04,473 : INFO : Name     : WidgetService.exe
2026-08-20 22:22:04,473 : INFO : Username : LAPTOP-1Q4JPRGU\Ajit
2026-08-20 22:22:04,473 : INFO : Status   : running
2026-08-20 22:22:04,473 : INFO : ----------------------------------------------------------------------
2026-08-20 22:22:04,473 : INFO : PID      : 21420
2026-08-20 22:22:04,473 : INFO : Name     : Code.exe
2026-08-20 22:22:04,473 : INFO : Username : LAPTOP-1Q4JPRGU\Ajit
2026-08-20 22:22:04,473 : INFO : Status   : running
2026-08-20 22:22:04,473 : INFO : ----------------------------------------------------------------------
2026-08-20 22:22:04,473 : INFO : PID      : 21496
2026-08-20 22:22:04,473 : INFO : Name     : HPAudioSwitch.exe
2026-08-20 22:22:04,473 : INFO : Username : LAPTOP-1Q4JPRGU\Ajit
2026-08-20 22:22:04,473 : INFO : Status   : running
2026-08-20 22:22:04,473 : INFO : ----------------------------------------------------------------------
2026-08-20 22:22:04,473 : INFO : PID      : 21664
2026-08-20 22:22:04,473 : INFO : Name     : chrome.exe
2026-08-20 22:22:04,473 : INFO : Username : LAPTOP-1Q4JPRGU\Ajit
2026-08-20 22:22:04,473 : INFO : Status   : running
2026-08-20 22:22:04,473 : INFO : ----------------------------------------------------------------------
2026-08-20 22:22:04,473 : INFO : PID      : 22016
2026-08-20 22:22:04,473 : INFO : Name     : Code.exe
2026-08-20 22:22:04,473 : INFO : Username : LAPTOP-1Q4JPRGU\Ajit
2026-08-20 22:22:04,473 : INFO : Status   : running
2026-08-20 22:22:04,473 : INFO : ----------------------------------------------------------------------
2026-08-20 22:22:04,473 : INFO : PID      : 22024
2026-08-20 22:22:04,473 : INFO : Name     : pet.exe
2026-08-20 22:22:04,473 : INFO : Username : LAPTOP-1Q4JPRGU\Ajit
2026-08-20 22:22:04,473 : INFO : Status   : running
2026-08-20 22:22:04,473 : INFO : ----------------------------------------------------------------------
2026-08-20 22:22:04,473 : INFO : PID      : 22104
2026-08-20 22:22:04,473 : INFO : Name     : AppActions.exe
2026-08-20 22:22:04,473 : INFO : Username : LAPTOP-1Q4JPRGU\Ajit
2026-08-20 22:22:04,473 : INFO : Status   : running
2026-08-20 22:22:04,473 : INFO : ----------------------------------------------------------------------
2026-08-20 22:22:04,473 : INFO : PID      : 22136
2026-08-20 22:22:04,474 : INFO : Name     : FileSyncHelper.exe
2026-08-20 22:22:04,474 : INFO : Username : None
2026-08-20 22:22:04,474 : INFO : Status   : running
2026-08-20 22:22:04,474 : INFO : ----------------------------------------------------------------------
2026-08-20 22:22:04,474 : INFO : PID      : 22188
2026-08-20 22:22:04,474 : INFO : Name     : svchost.exe
2026-08-20 22:22:04,474 : INFO : Username : None
2026-08-20 22:22:04,474 : INFO : Status   : running
2026-08-20 22:22:04,474 : INFO : ----------------------------------------------------------------------
2026-08-20 22:22:04,474 : INFO : PID      : 22192
2026-08-20 22:22:04,474 : INFO : Name     : CNMNSST2.exe
2026-08-20 22:22:04,474 : INFO : Username : LAPTOP-1Q4JPRGU\Ajit
2026-08-20 22:22:04,474 : INFO : Status   : running
2026-08-20 22:22:04,474 : INFO : ----------------------------------------------------------------------
2026-08-20 22:22:04,474 : INFO : PID      : 22328
2026-08-20 22:22:04,474 : INFO : Name     : AdobeIPCBroker.exe
2026-08-20 22:22:04,474 : INFO : Username : LAPTOP-1Q4JPRGU\Ajit
2026-08-20 22:22:04,474 : INFO : Status   : running
2026-08-20 22:22:04,474 : INFO : ----------------------------------------------------------------------
2026-08-20 22:22:04,474 : INFO : PID      : 22708
2026-08-20 22:22:04,474 : INFO : Name     : sqlceip.exe
2026-08-20 22:22:04,474 : INFO : Username : None
2026-08-20 22:22:04,474 : INFO : Status   : running
2026-08-20 22:22:04,474 : INFO : ----------------------------------------------------------------------
2026-08-20 22:22:04,474 : INFO : PID      : 22784
2026-08-20 22:22:04,474 : INFO : Name     : svchost.exe
2026-08-20 22:22:04,474 : INFO : Username : None
2026-08-20 22:22:04,474 : INFO : Status   : running
2026-08-20 22:22:04,474 : INFO : ----------------------------------------------------------------------
2026-08-20 22:22:04,474 : INFO : PID      : 22804
2026-08-20 22:22:04,474 : INFO : Name     : svchost.exe
2026-08-20 22:22:04,474 : INFO : Username : None
2026-08-20 22:22:04,474 : INFO : Status   : running
2026-08-20 22:22:04,474 : INFO : ----------------------------------------------------------------------
2026-08-20 22:22:04,474 : INFO : PID      : 22824
2026-08-20 22:22:04,474 : INFO : Name     : svchost.exe
2026-08-20 22:22:04,474 : INFO : Username : None
2026-08-20 22:22:04,474 : INFO : Status   : running
2026-08-20 22:22:04,474 : INFO : ----------------------------------------------------------------------
2026-08-20 22:22:04,474 : INFO : PID      : 22928
2026-08-20 22:22:04,475 : INFO : Name     : mpdwsvc.exe
2026-08-20 22:22:04,475 : INFO : Username : None
2026-08-20 22:22:04,475 : INFO : Status   : running
2026-08-20 22:22:04,475 : INFO : ----------------------------------------------------------------------
2026-08-20 22:22:04,475 : INFO : PID      : 23360
2026-08-20 22:22:04,475 : INFO : Name     : Code.exe
2026-08-20 22:22:04,475 : INFO : Username : LAPTOP-1Q4JPRGU\Ajit
2026-08-20 22:22:04,475 : INFO : Status   : running
2026-08-20 22:22:04,475 : INFO : ----------------------------------------------------------------------
2026-08-20 22:22:04,475 : INFO : PID      : 23524
2026-08-20 22:22:04,475 : INFO : Name     : dllhost.exe
2026-08-20 22:22:04,475 : INFO : Username : LAPTOP-1Q4JPRGU\Ajit
2026-08-20 22:22:04,475 : INFO : Status   : running
2026-08-20 22:22:04,475 : INFO : ----------------------------------------------------------------------
2026-08-20 22:22:04,475 : INFO : PID      : 23544
2026-08-20 22:22:04,475 : INFO : Name     : Launchpad.exe
2026-08-20 22:22:04,475 : INFO : Username : None
2026-08-20 22:22:04,475 : INFO : Status   : running
2026-08-20 22:22:04,475 : INFO : ----------------------------------------------------------------------
2026-08-20 22:22:04,475 : INFO : PID      : 24384
2026-08-20 22:22:04,475 : INFO : Name     : AMDRSSrcExt.exe
2026-08-20 22:22:04,475 : INFO : Username : LAPTOP-1Q4JPRGU\Ajit
2026-08-20 22:22:04,475 : INFO : Status   : running
2026-08-20 22:22:04,475 : INFO : ----------------------------------------------------------------------
2026-08-20 22:22:04,475 : INFO : PID      : 24924
2026-08-20 22:22:04,475 : INFO : Name     : OpenConsole.exe
2026-08-20 22:22:04,475 : INFO : Username : LAPTOP-1Q4JPRGU\Ajit
2026-08-20 22:22:04,475 : INFO : Status   : running
2026-08-20 22:22:04,475 : INFO : ----------------------------------------------------------------------
2026-08-20 22:22:04,475 : INFO : PID      : 24936
2026-08-20 22:22:04,475 : INFO : Name     : msedgewebview2.exe
2026-08-20 22:22:04,475 : INFO : Username : LAPTOP-1Q4JPRGU\Ajit
2026-08-20 22:22:04,475 : INFO : Status   : running
2026-08-20 22:22:04,475 : INFO : ----------------------------------------------------------------------
2026-08-20 22:22:04,475 : INFO : PID      : 25060
2026-08-20 22:22:04,475 : INFO : Name     : svchost.exe
2026-08-20 22:22:04,475 : INFO : Username : None
2026-08-20 22:22:04,475 : INFO : Status   : running
2026-08-20 22:22:04,476 : INFO : ----------------------------------------------------------------------
2026-08-20 22:22:04,476 : INFO : PID      : 25124
2026-08-20 22:22:04,476 : INFO : Name     : chrome.exe
2026-08-20 22:22:04,476 : INFO : Username : LAPTOP-1Q4JPRGU\Ajit
2026-08-20 22:22:04,476 : INFO : Status   : running
2026-08-20 22:22:04,476 : INFO : ----------------------------------------------------------------------
2026-08-20 22:22:04,476 : INFO : PID      : 25340
2026-08-20 22:22:04,476 : INFO : Name     : chrome.exe
2026-08-20 22:22:04,476 : INFO : Username : LAPTOP-1Q4JPRGU\Ajit
2026-08-20 22:22:04,476 : INFO : Status   : running
2026-08-20 22:22:04,476 : INFO : ----------------------------------------------------------------------
2026-08-20 22:22:04,476 : INFO : PID      : 26252
2026-08-20 22:22:04,476 : INFO : Name     : SnippingTool.exe
2026-08-20 22:22:04,476 : INFO : Username : LAPTOP-1Q4JPRGU\Ajit
2026-08-20 22:22:04,476 : INFO : Status   : running
2026-08-20 22:22:04,476 : INFO : ----------------------------------------------------------------------
2026-08-20 22:22:04,476 : INFO : PID      : 26340
2026-08-20 22:22:04,476 : INFO : Name     : python.exe
2026-08-20 22:22:04,476 : INFO : Username : LAPTOP-1Q4JPRGU\Ajit
2026-08-20 22:22:04,476 : INFO : Status   : running
2026-08-20 22:22:04,476 : INFO : ----------------------------------------------------------------------
2026-08-20 22:22:04,476 : INFO : PID      : 26452
2026-08-20 22:22:04,476 : INFO : Name     : svchost.exe
2026-08-20 22:22:04,476 : INFO : Username : None
2026-08-20 22:22:04,476 : INFO : Status   : running
2026-08-20 22:22:04,476 : INFO : ----------------------------------------------------------------------
2026-08-20 22:22:04,476 : INFO : PID      : 26744
2026-08-20 22:22:04,476 : INFO : Name     : conhost.exe
2026-08-20 22:22:04,476 : INFO : Username : LAPTOP-1Q4JPRGU\Ajit
2026-08-20 22:22:04,476 : INFO : Status   : running
2026-08-20 22:22:04,476 : INFO : ----------------------------------------------------------------------
2026-08-20 22:22:04,476 : INFO : PID      : 26968
2026-08-20 22:22:04,476 : INFO : Name     : msedgewebview2.exe
2026-08-20 22:22:04,476 : INFO : Username : LAPTOP-1Q4JPRGU\Ajit
2026-08-20 22:22:04,476 : INFO : Status   : running
2026-08-20 22:22:04,476 : INFO : ----------------------------------------------------------------------
2026-08-20 22:22:04,476 : INFO : PID      : 27372
2026-08-20 22:22:04,476 : INFO : Name     : OfficeClickToRun.exe
2026-08-20 22:22:04,476 : INFO : Username : None
2026-08-20 22:22:04,476 : INFO : Status   : running
2026-08-20 22:22:04,476 : INFO : ----------------------------------------------------------------------
2026-08-20 22:22:04,477 : INFO : PID      : 27564
2026-08-20 22:22:04,477 : INFO : Name     : StartMenuExperienceHost.exe
2026-08-20 22:22:04,477 : INFO : Username : LAPTOP-1Q4JPRGU\Ajit
2026-08-20 22:22:04,477 : INFO : Status   : running
2026-08-20 22:22:04,477 : INFO : ----------------------------------------------------------------------
2026-08-20 22:22:04,477 : INFO : PID      : 27704
2026-08-20 22:22:04,477 : INFO : Name     : svchost.exe
2026-08-20 22:22:04,477 : INFO : Username : None
2026-08-20 22:22:04,477 : INFO : Status   : running
2026-08-20 22:22:04,477 : INFO : ----------------------------------------------------------------------
2026-08-20 22:22:04,477 : INFO : PID      : 27872
2026-08-20 22:22:04,477 : INFO : Name     : browserhost.exe
2026-08-20 22:22:04,477 : INFO : Username : LAPTOP-1Q4JPRGU\Ajit
2026-08-20 22:22:04,477 : INFO : Status   : running
2026-08-20 22:22:04,477 : INFO : ----------------------------------------------------------------------
2026-08-20 22:22:04,477 : INFO : PID      : 27956
2026-08-20 22:22:04,477 : INFO : Name     : SearchIndexer.exe
2026-08-20 22:22:04,477 : INFO : Username : None
2026-08-20 22:22:04,477 : INFO : Status   : running
2026-08-20 22:22:04,477 : INFO : ----------------------------------------------------------------------
2026-08-20 22:22:04,477 : INFO : PID      : 28108
2026-08-20 22:22:04,477 : INFO : Name     : Code.exe
2026-08-20 22:22:04,477 : INFO : Username : LAPTOP-1Q4JPRGU\Ajit
2026-08-20 22:22:04,477 : INFO : Status   : running
2026-08-20 22:22:04,477 : INFO : ----------------------------------------------------------------------
2026-08-20 22:22:04,477 : INFO : PID      : 28316
2026-08-20 22:22:04,477 : INFO : Name     : chrome.exe
2026-08-20 22:22:04,477 : INFO : Username : LAPTOP-1Q4JPRGU\Ajit
2026-08-20 22:22:04,477 : INFO : Status   : running
2026-08-20 22:22:04,477 : INFO : ----------------------------------------------------------------------
2026-08-20 22:22:04,477 : INFO : PID      : 28368
2026-08-20 22:22:04,477 : INFO : Name     : svchost.exe
2026-08-20 22:22:04,477 : INFO : Username : None
2026-08-20 22:22:04,477 : INFO : Status   : running
2026-08-20 22:22:04,477 : INFO : ----------------------------------------------------------------------
2026-08-20 22:22:04,477 : INFO : PID      : 28432
2026-08-20 22:22:04,477 : INFO : Name     : msedge.exe
2026-08-20 22:22:04,477 : INFO : Username : LAPTOP-1Q4JPRGU\Ajit
2026-08-20 22:22:04,477 : INFO : Status   : running
2026-08-20 22:22:04,477 : INFO : ----------------------------------------------------------------------
2026-08-20 22:22:04,478 : INFO : PID      : 28584
2026-08-20 22:22:04,478 : INFO : Name     : svchost.exe
2026-08-20 22:22:04,478 : INFO : Username : None
2026-08-20 22:22:04,478 : INFO : Status   : running
2026-08-20 22:22:04,478 : INFO : ----------------------------------------------------------------------
2026-08-20 22:22:04,478 : INFO : PID      : 28844
2026-08-20 22:22:04,478 : INFO : Name     : elevation_service.exe
2026-08-20 22:22:04,478 : INFO : Username : None
2026-08-20 22:22:04,478 : INFO : Status   : running
2026-08-20 22:22:04,478 : INFO : ----------------------------------------------------------------------
2026-08-20 22:22:04,478 : INFO : PID      : 29060
2026-08-20 22:22:04,478 : INFO : Name     : LockApp.exe
2026-08-20 22:22:04,478 : INFO : Username : LAPTOP-1Q4JPRGU\Ajit
2026-08-20 22:22:04,478 : INFO : Status   : stopped
2026-08-20 22:22:04,478 : INFO : ----------------------------------------------------------------------
2026-08-20 22:22:04,478 : INFO : PID      : 29108
2026-08-20 22:22:04,478 : INFO : Name     : explorer.exe
2026-08-20 22:22:04,478 : INFO : Username : LAPTOP-1Q4JPRGU\Ajit
2026-08-20 22:22:04,478 : INFO : Status   : running
2026-08-20 22:22:04,478 : INFO : ----------------------------------------------------------------------
2026-08-20 22:22:04,478 : INFO : PID      : 29528
2026-08-20 22:22:04,478 : INFO : Name     : ShellHost.exe
2026-08-20 22:22:04,478 : INFO : Username : LAPTOP-1Q4JPRGU\Ajit
2026-08-20 22:22:04,478 : INFO : Status   : running
2026-08-20 22:22:04,478 : INFO : ----------------------------------------------------------------------
2026-08-20 22:22:04,478 : INFO : PID      : 29536
2026-08-20 22:22:04,478 : INFO : Name     : msedge.exe
2026-08-20 22:22:04,478 : INFO : Username : LAPTOP-1Q4JPRGU\Ajit
2026-08-20 22:22:04,478 : INFO : Status   : running
2026-08-20 22:22:04,478 : INFO : ----------------------------------------------------------------------
2026-08-20 22:22:04,478 : INFO : PID      : 29812
2026-08-20 22:22:04,478 : INFO : Name     : svchost.exe
2026-08-20 22:22:04,478 : INFO : Username : None
2026-08-20 22:22:04,478 : INFO : Status   : running
2026-08-20 22:22:04,478 : INFO : ----------------------------------------------------------------------
2026-08-20 22:22:04,478 : INFO : PID      : 30168
2026-08-20 22:22:04,478 : INFO : Name     : conhost.exe
2026-08-20 22:22:04,478 : INFO : Username : LAPTOP-1Q4JPRGU\Ajit
2026-08-20 22:22:04,478 : INFO : Status   : running
2026-08-20 22:22:04,478 : INFO : ----------------------------------------------------------------------
2026-08-20 22:22:04,479 : INFO : PID      : 30208
2026-08-20 22:22:04,479 : INFO : Name     : Notepad.exe
2026-08-20 22:22:04,479 : INFO : Username : LAPTOP-1Q4JPRGU\Ajit
2026-08-20 22:22:04,479 : INFO : Status   : running
2026-08-20 22:22:04,479 : INFO : ----------------------------------------------------------------------
2026-08-20 22:22:04,479 : INFO : PID      : 30460
2026-08-20 22:22:04,479 : INFO : Name     : powershell.exe
2026-08-20 22:22:04,479 : INFO : Username : LAPTOP-1Q4JPRGU\Ajit
2026-08-20 22:22:04,479 : INFO : Status   : running
2026-08-20 22:22:04,479 : INFO : ----------------------------------------------------------------------
2026-08-20 22:22:04,479 : INFO : PID      : 30740
2026-08-20 22:22:04,479 : INFO : Name     : PhoneExperienceHost.exe
2026-08-20 22:22:04,479 : INFO : Username : LAPTOP-1Q4JPRGU\Ajit
2026-08-20 22:22:04,479 : INFO : Status   : running
2026-08-20 22:22:04,479 : INFO : ----------------------------------------------------------------------
2026-08-20 22:22:04,479 : INFO : PID      : 30968
2026-08-20 22:22:04,479 : INFO : Name     : Code.exe
2026-08-20 22:22:04,479 : INFO : Username : LAPTOP-1Q4JPRGU\Ajit
2026-08-20 22:22:04,479 : INFO : Status   : running
2026-08-20 22:22:04,479 : INFO : ----------------------------------------------------------------------
2026-08-20 22:22:04,479 : INFO : PID      : 31452
2026-08-20 22:22:04,479 : INFO : Name     : chrome.exe
2026-08-20 22:22:04,479 : INFO : Username : LAPTOP-1Q4JPRGU\Ajit
2026-08-20 22:22:04,479 : INFO : Status   : running
2026-08-20 22:22:04,479 : INFO : ----------------------------------------------------------------------
2026-08-20 22:22:04,479 : INFO : PID      : 32660
2026-08-20 22:22:04,479 : INFO : Name     : RuntimeBroker.exe
2026-08-20 22:22:04,479 : INFO : Username : LAPTOP-1Q4JPRGU\Ajit
2026-08-20 22:22:04,479 : INFO : Status   : running
2026-08-20 22:22:04,479 : INFO : ----------------------------------------------------------------------
2026-08-20 22:22:04,479 : INFO : PID      : 33268
2026-08-20 22:22:04,479 : INFO : Name     : chrome.exe
2026-08-20 22:22:04,479 : INFO : Username : LAPTOP-1Q4JPRGU\Ajit
2026-08-20 22:22:04,479 : INFO : Status   : running
2026-08-20 22:22:04,479 : INFO : ----------------------------------------------------------------------
2026-08-20 22:22:04,479 : INFO : PID      : 33684
2026-08-20 22:22:04,479 : INFO : Name     : msedge.exe
2026-08-20 22:22:04,479 : INFO : Username : LAPTOP-1Q4JPRGU\Ajit
2026-08-20 22:22:04,479 : INFO : Status   : running
2026-08-20 22:22:04,479 : INFO : ----------------------------------------------------------------------
2026-08-20 22:22:04,480 : INFO : PID      : 33800
2026-08-20 22:22:04,480 : INFO : Name     : Code.exe
2026-08-20 22:22:04,480 : INFO : Username : LAPTOP-1Q4JPRGU\Ajit
2026-08-20 22:22:04,480 : INFO : Status   : running
2026-08-20 22:22:04,480 : INFO : ----------------------------------------------------------------------
2026-08-20 22:22:04,480 : INFO : PID      : 34600
2026-08-20 22:22:04,480 : INFO : Name     : chrome.exe
2026-08-20 22:22:04,480 : INFO : Username : LAPTOP-1Q4JPRGU\Ajit
2026-08-20 22:22:04,480 : INFO : Status   : running
2026-08-20 22:22:04,480 : INFO : ----------------------------------------------------------------------
2026-08-20 22:22:04,480 : INFO : PID      : 34668
2026-08-20 22:22:04,480 : INFO : Name     : chrome.exe
2026-08-20 22:22:04,480 : INFO : Username : LAPTOP-1Q4JPRGU\Ajit
2026-08-20 22:22:04,480 : INFO : Status   : running
2026-08-20 22:22:04,480 : INFO : ----------------------------------------------------------------------
2026-08-20 22:22:04,480 : INFO : PID      : 34876
2026-08-20 22:22:04,480 : INFO : Name     : cmd.exe
2026-08-20 22:22:04,480 : INFO : Username : LAPTOP-1Q4JPRGU\Ajit
2026-08-20 22:22:04,480 : INFO : Status   : running
2026-08-20 22:22:04,480 : INFO : ----------------------------------------------------------------------
2026-08-20 22:22:04,480 : INFO : PID      : 35360
2026-08-20 22:22:04,480 : INFO : Name     : svchost.exe
2026-08-20 22:22:04,480 : INFO : Username : None
2026-08-20 22:22:04,480 : INFO : Status   : running
2026-08-20 22:22:04,480 : INFO : ----------------------------------------------------------------------
2026-08-20 22:22:04,480 : INFO : PID      : 35412
2026-08-20 22:22:04,480 : INFO : Name     : python.exe
2026-08-20 22:22:04,480 : INFO : Username : LAPTOP-1Q4JPRGU\Ajit
2026-08-20 22:22:04,480 : INFO : Status   : running
2026-08-20 22:22:04,480 : INFO : ----------------------------------------------------------------------
2026-08-20 22:22:04,480 : INFO : Total Processes Found : 290
2026-08-20 22:22:04,480 : INFO : Execution Time        : 2.110415 seconds
2026-08-20 22:22:04,480 : INFO : ----------------------------------------------------------------------
2026-08-20 22:22:04,480 : INFO : Process scan completed successfully.
2026-08-20 22:23:33,561 : INFO : Process Surveillance System stopped by user.
