----------------------------------------------------------------------
Marvellous Automation Script 

----------------------------------------------------------------------
Files from the Directory are : 

----------------------------------------------------------------------
Marvellous\Mumbai\Empty.txt : 0 bytes 
Marvellous\Mumbai\File_Read.py : 455 bytes 
Marvellous\Mumbai\File_ReadX.py : 453 bytes 
Marvellous\Mumbai\File_Read_Seek.py : 613 bytes 
Marvellous\Mumbai\File_Read_Tell.py : 676 bytes 
Marvellous\Mumbai\File_Read_TellX.py : 836 bytes 
Marvellous\Pune\Empty.txt : 0 bytes 
Marvellous\Pune\ScheduleDemo1.py : 163 bytes 
Marvellous\Pune\ScheduleDemo2.py : 477 bytes 
Marvellous\Pune\ScheduleDemo3.py : 690 bytes 
Marvellous\Pune\ScheduleDemo4.py : 692 bytes 
Marvellous\Satara\AutomationScript1.py : 192 bytes 
Marvellous\Satara\AutomationScript2.py : 268 bytes 
Marvellous\Satara\AutomationScript3.py : 745 bytes 
Marvellous\Satara\AutomationScript4.py : 997 bytes 
Marvellous\Satara\Empty.txt : 0 bytes 
----------------------------------------------------------------------
Total Files Scanned : 16
Total Empty Files found & deleted : 3

----------------------------------------------------------------------
Log file gets created at :Sun Jul 19 20:34:31 2026
----------------------------------------------------------------------
