----------------------------------------------------------------------
Log file created at :2026-07-28_14-46-19
----------------------------------------------------------------------

-----------------------System Report-----------------------------
Number of Active CPU Cores : 4
CPU Usage : 1.8 %
----------------------------------------------------------------------

RAM Usage : 87.0 %
Total RAM available : 4157890560
----------------------------------------------------------------------

Network Usage Report
Sent : 92.08 MB
Receive : 374.00 MB
----------------------------------------------------------------------

PID : 0
Name : System Idle Process
PID : 0
UserName : NT AUTHORITY\SYSTEM
Status : running
CPU Usage : 0.0000
RAM (memory) Usage : 0.0002
----------------------------------------------------------------------


----------------------------------------------------------------------
------------------- End of Log File-------------------------------
----------------------------------------------------------------------
PID : 4
Name : System
PID : 4
UserName : NT AUTHORITY\SYSTEM
Status : running
CPU Usage : 0.0000
RAM (memory) Usage : 0.0021
----------------------------------------------------------------------


----------------------------------------------------------------------
------------------- End of Log File-------------------------------
----------------------------------------------------------------------
PID : 100
Name : Registry
PID : 100
UserName : None
Status : running
CPU Usage : 0.0000
RAM (memory) Usage : 0.3008
----------------------------------------------------------------------


----------------------------------------------------------------------
------------------- End of Log File-------------------------------
----------------------------------------------------------------------
PID : 408
Name : svchost.exe
PID : 408
UserName : None
Status : running
CPU Usage : 0.0000
RAM (memory) Usage : 0.0553
----------------------------------------------------------------------


----------------------------------------------------------------------
------------------- End of Log File-------------------------------
----------------------------------------------------------------------
PID : 448
Name : fontdrvhost.exe
PID : 448
UserName : None
Status : running
CPU Usage : 0.0000
RAM (memory) Usage : 0.0002
----------------------------------------------------------------------


----------------------------------------------------------------------
------------------- End of Log File-------------------------------
----------------------------------------------------------------------
PID : 484
Name : smss.exe
PID : 484
UserName : None
Status : running
CPU Usage : 0.0000
RAM (memory) Usage : 0.0004
----------------------------------------------------------------------


----------------------------------------------------------------------
------------------- End of Log File-------------------------------
----------------------------------------------------------------------
PID : 528
Name : fontdrvhost.exe
PID : 528
UserName : None
Status : running
CPU Usage : 0.0000
RAM (memory) Usage : 0.0177
----------------------------------------------------------------------


----------------------------------------------------------------------
------------------- End of Log File-------------------------------
----------------------------------------------------------------------
PID : 728
Name : csrss.exe
PID : 728
UserName : None
Status : running
CPU Usage : 0.0000
RAM (memory) Usage : 0.0196
----------------------------------------------------------------------


----------------------------------------------------------------------
------------------- End of Log File-------------------------------
----------------------------------------------------------------------
PID : 732
Name : svchost.exe
PID : 732
UserName : None
Status : running
CPU Usage : 0.0000
RAM (memory) Usage : 0.6082
----------------------------------------------------------------------


----------------------------------------------------------------------
------------------- End of Log File-------------------------------
----------------------------------------------------------------------
PID : 832
Name : wininit.exe
PID : 832
UserName : None
Status : running
CPU Usage : 0.0000
RAM (memory) Usage : 0.0001
----------------------------------------------------------------------


----------------------------------------------------------------------
------------------- End of Log File-------------------------------
----------------------------------------------------------------------
PID : 840
Name : csrss.exe
PID : 840
UserName : None
Status : running
CPU Usage : 0.0000
RAM (memory) Usage : 0.0471
----------------------------------------------------------------------


----------------------------------------------------------------------
------------------- End of Log File-------------------------------
----------------------------------------------------------------------
PID : 932
Name : winlogon.exe
PID : 932
UserName : None
Status : running
CPU Usage : 0.0000
RAM (memory) Usage : 0.0004
----------------------------------------------------------------------


----------------------------------------------------------------------
------------------- End of Log File-------------------------------
----------------------------------------------------------------------
PID : 976
Name : services.exe
PID : 976
UserName : None
Status : running
CPU Usage : 0.0000
RAM (memory) Usage : 0.1129
----------------------------------------------------------------------


----------------------------------------------------------------------
------------------- End of Log File-------------------------------
----------------------------------------------------------------------
PID : 1000
Name : lsass.exe
PID : 1000
UserName : None
Status : running
CPU Usage : 0.0000
RAM (memory) Usage : 0.2556
----------------------------------------------------------------------


----------------------------------------------------------------------
------------------- End of Log File-------------------------------
----------------------------------------------------------------------
PID : 1060
Name : svchost.exe
PID : 1060
UserName : None
Status : running
CPU Usage : 0.0000
RAM (memory) Usage : 0.1208
----------------------------------------------------------------------


----------------------------------------------------------------------
------------------- End of Log File-------------------------------
----------------------------------------------------------------------
PID : 1116
Name : svchost.exe
PID : 1116
UserName : None
Status : running
CPU Usage : 0.0000
RAM (memory) Usage : 0.3291
----------------------------------------------------------------------


----------------------------------------------------------------------
------------------- End of Log File-------------------------------
----------------------------------------------------------------------
PID : 1168
Name : svchost.exe
PID : 1168
UserName : None
Status : running
CPU Usage : 0.0000
RAM (memory) Usage : 0.0601
----------------------------------------------------------------------


----------------------------------------------------------------------
------------------- End of Log File-------------------------------
----------------------------------------------------------------------
PID : 1212
Name : svchost.exe
PID : 1212
UserName : None
Status : running
CPU Usage : 0.0000
RAM (memory) Usage : 0.0238
----------------------------------------------------------------------


----------------------------------------------------------------------
------------------- End of Log File-------------------------------
----------------------------------------------------------------------
PID : 1240
Name : svchost.exe
PID : 1240
UserName : None
Status : running
CPU Usage : 0.0000
RAM (memory) Usage : 0.0282
----------------------------------------------------------------------


----------------------------------------------------------------------
------------------- End of Log File-------------------------------
----------------------------------------------------------------------
PID : 1272
Name : svchost.exe
PID : 1272
UserName : None
Status : running
CPU Usage : 0.0000
RAM (memory) Usage : 0.1063
----------------------------------------------------------------------


----------------------------------------------------------------------
------------------- End of Log File-------------------------------
----------------------------------------------------------------------
PID : 1288
Name : svchost.exe
PID : 1288
UserName : None
Status : running
CPU Usage : 0.0000
RAM (memory) Usage : 0.0259
----------------------------------------------------------------------


----------------------------------------------------------------------
------------------- End of Log File-------------------------------
----------------------------------------------------------------------
PID : 1372
Name : svchost.exe
PID : 1372
UserName : None
Status : running
CPU Usage : 0.0000
RAM (memory) Usage : 0.0638
----------------------------------------------------------------------


----------------------------------------------------------------------
------------------- End of Log File-------------------------------
----------------------------------------------------------------------
PID : 1432
Name : svchost.exe
PID : 1432
UserName : None
Status : running
CPU Usage : 0.0000
RAM (memory) Usage : 0.1228
----------------------------------------------------------------------


----------------------------------------------------------------------
------------------- End of Log File-------------------------------
----------------------------------------------------------------------
PID : 1448
Name : svchost.exe
PID : 1448
UserName : None
Status : running
CPU Usage : 0.0000
RAM (memory) Usage : 0.0275
----------------------------------------------------------------------


----------------------------------------------------------------------
------------------- End of Log File-------------------------------
----------------------------------------------------------------------
PID : 1460
Name : svchost.exe
PID : 1460
UserName : None
Status : running
CPU Usage : 0.0000
RAM (memory) Usage : 0.1774
----------------------------------------------------------------------


----------------------------------------------------------------------
------------------- End of Log File-------------------------------
----------------------------------------------------------------------
PID : 1540
Name : svchost.exe
PID : 1540
UserName : None
Status : running
CPU Usage : 0.0000
RAM (memory) Usage : 0.1630
----------------------------------------------------------------------


----------------------------------------------------------------------
------------------- End of Log File-------------------------------
----------------------------------------------------------------------
PID : 1592
Name : dwm.exe
PID : 1592
UserName : None
Status : running
CPU Usage : 0.0000
RAM (memory) Usage : 1.1052
----------------------------------------------------------------------


----------------------------------------------------------------------
------------------- End of Log File-------------------------------
----------------------------------------------------------------------
PID : 1612
Name : svchost.exe
PID : 1612
UserName : None
Status : running
CPU Usage : 0.0000
RAM (memory) Usage : 0.0253
----------------------------------------------------------------------


----------------------------------------------------------------------
------------------- End of Log File-------------------------------
----------------------------------------------------------------------
PID : 1624
Name : svchost.exe
PID : 1624
UserName : None
Status : running
CPU Usage : 0.0000
RAM (memory) Usage : 0.0305
----------------------------------------------------------------------


----------------------------------------------------------------------
------------------- End of Log File-------------------------------
----------------------------------------------------------------------
PID : 1792
Name : atiesrxx.exe
PID : 1792
UserName : None
Status : running
CPU Usage : 0.0000
RAM (memory) Usage : 0.0003
----------------------------------------------------------------------


----------------------------------------------------------------------
------------------- End of Log File-------------------------------
----------------------------------------------------------------------
PID : 1800
Name : svchost.exe
PID : 1800
UserName : None
Status : running
CPU Usage : 0.0000
RAM (memory) Usage : 0.1893
----------------------------------------------------------------------


----------------------------------------------------------------------
------------------- End of Log File-------------------------------
----------------------------------------------------------------------
PID : 1828
Name : TextInputHost.exe
PID : 1828
UserName : DESKTOP-51BDU4F\ADMIN
Status : running
CPU Usage : 0.0000
RAM (memory) Usage : 0.4728
----------------------------------------------------------------------


----------------------------------------------------------------------
------------------- End of Log File-------------------------------
----------------------------------------------------------------------
PID : 1888
Name : svchost.exe
PID : 1888
UserName : None
Status : running
CPU Usage : 0.0000
RAM (memory) Usage : 0.1747
----------------------------------------------------------------------


----------------------------------------------------------------------
------------------- End of Log File-------------------------------
----------------------------------------------------------------------
PID : 1928
Name : svchost.exe
PID : 1928
UserName : None
Status : running
CPU Usage : 0.0000
RAM (memory) Usage : 0.0278
----------------------------------------------------------------------


----------------------------------------------------------------------
------------------- End of Log File-------------------------------
----------------------------------------------------------------------
PID : 2032
Name : svchost.exe
PID : 2032
UserName : None
Status : running
CPU Usage : 0.0000
RAM (memory) Usage : 0.0958
----------------------------------------------------------------------


----------------------------------------------------------------------
------------------- End of Log File-------------------------------
----------------------------------------------------------------------
PID : 2096
Name : svchost.exe
PID : 2096
UserName : None
Status : running
CPU Usage : 0.0000
RAM (memory) Usage : 0.0359
----------------------------------------------------------------------


----------------------------------------------------------------------
------------------- End of Log File-------------------------------
----------------------------------------------------------------------
PID : 2120
Name : ApplicationFrameHost.exe
PID : 2120
UserName : DESKTOP-51BDU4F\ADMIN
Status : running
CPU Usage : 0.0000
RAM (memory) Usage : 0.0589
----------------------------------------------------------------------


----------------------------------------------------------------------
------------------- End of Log File-------------------------------
----------------------------------------------------------------------
PID : 2124
Name : MoUsoCoreWorker.exe
PID : 2124
UserName : None
Status : running
CPU Usage : 0.0000
RAM (memory) Usage : 0.6757
----------------------------------------------------------------------


----------------------------------------------------------------------
------------------- End of Log File-------------------------------
----------------------------------------------------------------------
PID : 2144
Name : MemCompression
PID : 2144
UserName : None
Status : running
CPU Usage : 0.0000
RAM (memory) Usage : 1.1549
----------------------------------------------------------------------


----------------------------------------------------------------------
------------------- End of Log File-------------------------------
----------------------------------------------------------------------
PID : 2172
Name : svchost.exe
PID : 2172
UserName : None
Status : running
CPU Usage : 0.0000
RAM (memory) Usage : 0.0059
----------------------------------------------------------------------


----------------------------------------------------------------------
------------------- End of Log File-------------------------------
----------------------------------------------------------------------
PID : 2312
Name : igfxCUIService.exe
PID : 2312
UserName : None
Status : running
CPU Usage : 0.0000
RAM (memory) Usage : 0.0004
----------------------------------------------------------------------


----------------------------------------------------------------------
------------------- End of Log File-------------------------------
----------------------------------------------------------------------
PID : 2380
Name : svchost.exe
PID : 2380
UserName : None
Status : running
CPU Usage : 0.0000
RAM (memory) Usage : 0.0265
----------------------------------------------------------------------


----------------------------------------------------------------------
------------------- End of Log File-------------------------------
----------------------------------------------------------------------
PID : 2388
Name : svchost.exe
PID : 2388
UserName : None
Status : running
CPU Usage : 0.0000
RAM (memory) Usage : 0.0542
----------------------------------------------------------------------


----------------------------------------------------------------------
------------------- End of Log File-------------------------------
----------------------------------------------------------------------
PID : 2484
Name : svchost.exe
PID : 2484
UserName : None
Status : running
CPU Usage : 0.0000
RAM (memory) Usage : 0.1349
----------------------------------------------------------------------


----------------------------------------------------------------------
------------------- End of Log File-------------------------------
----------------------------------------------------------------------
PID : 2568
Name : svchost.exe
PID : 2568
UserName : None
Status : running
CPU Usage : 0.0000
RAM (memory) Usage : 0.0201
----------------------------------------------------------------------


----------------------------------------------------------------------
------------------- End of Log File-------------------------------
----------------------------------------------------------------------
PID : 2660
Name : svchost.exe
PID : 2660
UserName : None
Status : running
CPU Usage : 0.0000
RAM (memory) Usage : 0.0382
----------------------------------------------------------------------


----------------------------------------------------------------------
------------------- End of Log File-------------------------------
----------------------------------------------------------------------
PID : 2684
Name : svchost.exe
PID : 2684
UserName : None
Status : running
CPU Usage : 0.0000
RAM (memory) Usage : 0.0215
----------------------------------------------------------------------


----------------------------------------------------------------------
------------------- End of Log File-------------------------------
----------------------------------------------------------------------
PID : 2740
Name : svchost.exe
PID : 2740
UserName : None
Status : running
CPU Usage : 0.0000
RAM (memory) Usage : 0.0440
----------------------------------------------------------------------


----------------------------------------------------------------------
------------------- End of Log File-------------------------------
----------------------------------------------------------------------
PID : 2748
Name : svchost.exe
PID : 2748
UserName : None
Status : running
CPU Usage : 0.0000
RAM (memory) Usage : 0.0479
----------------------------------------------------------------------


----------------------------------------------------------------------
------------------- End of Log File-------------------------------
----------------------------------------------------------------------
PID : 2768
Name : svchost.exe
PID : 2768
UserName : None
Status : running
CPU Usage : 0.0000
RAM (memory) Usage : 0.0406
----------------------------------------------------------------------


----------------------------------------------------------------------
------------------- End of Log File-------------------------------
----------------------------------------------------------------------
PID : 2840
Name : Code.exe
PID : 2840
UserName : DESKTOP-51BDU4F\ADMIN
Status : running
CPU Usage : 0.0000
RAM (memory) Usage : 0.1162
----------------------------------------------------------------------


----------------------------------------------------------------------
------------------- End of Log File-------------------------------
----------------------------------------------------------------------
PID : 2848
Name : svchost.exe
PID : 2848
UserName : None
Status : running
CPU Usage : 0.0000
RAM (memory) Usage : 0.0369
----------------------------------------------------------------------


----------------------------------------------------------------------
------------------- End of Log File-------------------------------
----------------------------------------------------------------------
PID : 2912
Name : taskhostw.exe
PID : 2912
UserName : DESKTOP-51BDU4F\ADMIN
Status : running
CPU Usage : 0.0000
RAM (memory) Usage : 0.1119
----------------------------------------------------------------------


----------------------------------------------------------------------
------------------- End of Log File-------------------------------
----------------------------------------------------------------------
PID : 2928
Name : svchost.exe
PID : 2928
UserName : None
Status : running
CPU Usage : 0.0000
RAM (memory) Usage : 0.3785
----------------------------------------------------------------------


----------------------------------------------------------------------
------------------- End of Log File-------------------------------
----------------------------------------------------------------------
PID : 2984
Name : svchost.exe
PID : 2984
UserName : None
Status : running
CPU Usage : 0.0000
RAM (memory) Usage : 0.0765
----------------------------------------------------------------------


----------------------------------------------------------------------
------------------- End of Log File-------------------------------
----------------------------------------------------------------------
PID : 3004
Name : dllhost.exe
PID : 3004
UserName : DESKTOP-51BDU4F\ADMIN
Status : running
CPU Usage : 0.0000
RAM (memory) Usage : 0.0664
----------------------------------------------------------------------


----------------------------------------------------------------------
------------------- End of Log File-------------------------------
----------------------------------------------------------------------
PID : 3068
Name : ShellExperienceHost.exe
PID : 3068
UserName : DESKTOP-51BDU4F\ADMIN
Status : stopped
CPU Usage : 0.0000
RAM (memory) Usage : 0.0349
----------------------------------------------------------------------


----------------------------------------------------------------------
------------------- End of Log File-------------------------------
----------------------------------------------------------------------
PID : 3116
Name : spoolsv.exe
PID : 3116
UserName : None
Status : running
CPU Usage : 0.0000
RAM (memory) Usage : 0.0004
----------------------------------------------------------------------


----------------------------------------------------------------------
------------------- End of Log File-------------------------------
----------------------------------------------------------------------
PID : 3140
Name : svchost.exe
PID : 3140
UserName : None
Status : running
CPU Usage : 0.0000
RAM (memory) Usage : 0.0261
----------------------------------------------------------------------


----------------------------------------------------------------------
------------------- End of Log File-------------------------------
----------------------------------------------------------------------
PID : 3156
Name : svchost.exe
PID : 3156
UserName : None
Status : running
CPU Usage : 0.0000
RAM (memory) Usage : 0.1565
----------------------------------------------------------------------


----------------------------------------------------------------------
------------------- End of Log File-------------------------------
----------------------------------------------------------------------
PID : 3240
Name : svchost.exe
PID : 3240
UserName : None
Status : running
CPU Usage : 0.0000
RAM (memory) Usage : 0.0482
----------------------------------------------------------------------


----------------------------------------------------------------------
------------------- End of Log File-------------------------------
----------------------------------------------------------------------
PID : 3432
Name : svchost.exe
PID : 3432
UserName : None
Status : running
CPU Usage : 0.0000
RAM (memory) Usage : 0.0611
----------------------------------------------------------------------


----------------------------------------------------------------------
------------------- End of Log File-------------------------------
----------------------------------------------------------------------
PID : 3516
Name : armsvc.exe
PID : 3516
UserName : None
Status : running
CPU Usage : 0.0000
RAM (memory) Usage : 0.0001
----------------------------------------------------------------------


----------------------------------------------------------------------
------------------- End of Log File-------------------------------
----------------------------------------------------------------------
PID : 3532
Name : svchost.exe
PID : 3532
UserName : None
Status : running
CPU Usage : 0.0000
RAM (memory) Usage : 0.0062
----------------------------------------------------------------------


----------------------------------------------------------------------
------------------- End of Log File-------------------------------
----------------------------------------------------------------------
PID : 3544
Name : svchost.exe
PID : 3544
UserName : None
Status : running
CPU Usage : 0.0000
RAM (memory) Usage : 0.5506
----------------------------------------------------------------------


----------------------------------------------------------------------
------------------- End of Log File-------------------------------
----------------------------------------------------------------------
PID : 3552
Name : svchost.exe
PID : 3552
UserName : None
Status : running
CPU Usage : 0.0000
RAM (memory) Usage : 0.6084
----------------------------------------------------------------------


----------------------------------------------------------------------
------------------- End of Log File-------------------------------
----------------------------------------------------------------------
PID : 3580
Name : svchost.exe
PID : 3580
UserName : None
Status : running
CPU Usage : 0.0000
RAM (memory) Usage : 0.2056
----------------------------------------------------------------------


----------------------------------------------------------------------
------------------- End of Log File-------------------------------
----------------------------------------------------------------------
PID : 3588
Name : mongod.exe
PID : 3588
UserName : None
Status : running
CPU Usage : 0.0000
RAM (memory) Usage : 0.7451
----------------------------------------------------------------------


----------------------------------------------------------------------
------------------- End of Log File-------------------------------
----------------------------------------------------------------------
PID : 3612
Name : svchost.exe
PID : 3612
UserName : None
Status : running
CPU Usage : 0.0000
RAM (memory) Usage : 0.0265
----------------------------------------------------------------------


----------------------------------------------------------------------
------------------- End of Log File-------------------------------
----------------------------------------------------------------------
PID : 3636
Name : svchost.exe
PID : 3636
UserName : None
Status : running
CPU Usage : 0.0000
RAM (memory) Usage : 0.0769
----------------------------------------------------------------------


----------------------------------------------------------------------
------------------- End of Log File-------------------------------
----------------------------------------------------------------------
PID : 3644
Name : SynTPEnhService.exe
PID : 3644
UserName : None
Status : running
CPU Usage : 0.0000
RAM (memory) Usage : 0.0002
----------------------------------------------------------------------


----------------------------------------------------------------------
------------------- End of Log File-------------------------------
----------------------------------------------------------------------
PID : 3656
Name : Code.exe
PID : 3656
UserName : DESKTOP-51BDU4F\ADMIN
Status : running
CPU Usage : 0.0000
RAM (memory) Usage : 0.2826
----------------------------------------------------------------------


----------------------------------------------------------------------
------------------- End of Log File-------------------------------
----------------------------------------------------------------------
PID : 3684
Name : svchost.exe
PID : 3684
UserName : None
Status : running
CPU Usage : 0.0000
RAM (memory) Usage : 0.0081
----------------------------------------------------------------------


----------------------------------------------------------------------
------------------- End of Log File-------------------------------
----------------------------------------------------------------------
PID : 3728
Name : Code.exe
PID : 3728
UserName : DESKTOP-51BDU4F\ADMIN
Status : running
CPU Usage : 0.0000
RAM (memory) Usage : 0.1240
----------------------------------------------------------------------


----------------------------------------------------------------------
------------------- End of Log File-------------------------------
----------------------------------------------------------------------
PID : 3736
Name : svchost.exe
PID : 3736
UserName : None
Status : running
CPU Usage : 0.0000
RAM (memory) Usage : 0.1961
----------------------------------------------------------------------


----------------------------------------------------------------------
------------------- End of Log File-------------------------------
----------------------------------------------------------------------
PID : 3764
Name : svchost.exe
PID : 3764
UserName : None
Status : running
CPU Usage : 0.0000
RAM (memory) Usage : 0.1282
----------------------------------------------------------------------


----------------------------------------------------------------------
------------------- End of Log File-------------------------------
----------------------------------------------------------------------
PID : 4144
Name : svchost.exe
PID : 4144
UserName : None
Status : running
CPU Usage : 0.0000
RAM (memory) Usage : 0.0204
----------------------------------------------------------------------


----------------------------------------------------------------------
------------------- End of Log File-------------------------------
----------------------------------------------------------------------
PID : 4320
Name : svchost.exe
PID : 4320
UserName : DESKTOP-51BDU4F\ADMIN
Status : running
CPU Usage : 0.0000
RAM (memory) Usage : 0.0223
----------------------------------------------------------------------


----------------------------------------------------------------------
------------------- End of Log File-------------------------------
----------------------------------------------------------------------
PID : 4484
Name : svchost.exe
PID : 4484
UserName : None
Status : running
CPU Usage : 0.0000
RAM (memory) Usage : 0.0130
----------------------------------------------------------------------


----------------------------------------------------------------------
------------------- End of Log File-------------------------------
----------------------------------------------------------------------
PID : 4600
Name : svchost.exe
PID : 4600
UserName : DESKTOP-51BDU4F\ADMIN
Status : running
CPU Usage : 0.0000
RAM (memory) Usage : 0.4100
----------------------------------------------------------------------


----------------------------------------------------------------------
------------------- End of Log File-------------------------------
----------------------------------------------------------------------
PID : 4676
Name : sihost.exe
PID : 4676
UserName : DESKTOP-51BDU4F\ADMIN
Status : running
CPU Usage : 0.0000
RAM (memory) Usage : 0.3367
----------------------------------------------------------------------


----------------------------------------------------------------------
------------------- End of Log File-------------------------------
----------------------------------------------------------------------
PID : 4776
Name : nbcode64.exe
PID : 4776
UserName : DESKTOP-51BDU4F\ADMIN
Status : running
CPU Usage : 0.0000
RAM (memory) Usage : 0.0343
----------------------------------------------------------------------


----------------------------------------------------------------------
------------------- End of Log File-------------------------------
----------------------------------------------------------------------
PID : 5132
Name : AggregatorHost.exe
PID : 5132
UserName : None
Status : running
CPU Usage : 0.0000
RAM (memory) Usage : 0.0797
----------------------------------------------------------------------


----------------------------------------------------------------------
------------------- End of Log File-------------------------------
----------------------------------------------------------------------
PID : 5208
Name : conhost.exe
PID : 5208
UserName : DESKTOP-51BDU4F\ADMIN
Status : running
CPU Usage : 0.0000
RAM (memory) Usage : 0.0001
----------------------------------------------------------------------


----------------------------------------------------------------------
------------------- End of Log File-------------------------------
----------------------------------------------------------------------
PID : 5216
Name : svchost.exe
PID : 5216
UserName : DESKTOP-51BDU4F\ADMIN
Status : running
CPU Usage : 0.0000
RAM (memory) Usage : 0.1301
----------------------------------------------------------------------


----------------------------------------------------------------------
------------------- End of Log File-------------------------------
----------------------------------------------------------------------
PID : 5272
Name : svchost.exe
PID : 5272
UserName : None
Status : running
CPU Usage : 0.0000
RAM (memory) Usage : 0.2501
----------------------------------------------------------------------


----------------------------------------------------------------------
------------------- End of Log File-------------------------------
----------------------------------------------------------------------
PID : 5292
Name : svchost.exe
PID : 5292
UserName : None
Status : running
CPU Usage : 0.0000
RAM (memory) Usage : 0.2603
----------------------------------------------------------------------


----------------------------------------------------------------------
------------------- End of Log File-------------------------------
----------------------------------------------------------------------
PID : 5340
Name : RuntimeBroker.exe
PID : 5340
UserName : DESKTOP-51BDU4F\ADMIN
Status : running
CPU Usage : 0.0000
RAM (memory) Usage : 0.3656
----------------------------------------------------------------------


----------------------------------------------------------------------
------------------- End of Log File-------------------------------
----------------------------------------------------------------------
PID : 5356
Name : taskhostw.exe
PID : 5356
UserName : DESKTOP-51BDU4F\ADMIN
Status : running
CPU Usage : 0.0000
RAM (memory) Usage : 0.1471
----------------------------------------------------------------------


----------------------------------------------------------------------
------------------- End of Log File-------------------------------
----------------------------------------------------------------------
PID : 5368
Name : SynTPEnh.exe
PID : 5368
UserName : DESKTOP-51BDU4F\ADMIN
Status : running
CPU Usage : 0.0000
RAM (memory) Usage : 0.1456
----------------------------------------------------------------------


----------------------------------------------------------------------
------------------- End of Log File-------------------------------
----------------------------------------------------------------------
PID : 5440
Name : CodeSetup-stable-1b6a188127eeaf9194f945eb6eb89a657e93c54c.tmp
PID : 5440
UserName : DESKTOP-51BDU4F\ADMIN
Status : running
CPU Usage : 0.0000
RAM (memory) Usage : 0.0207
----------------------------------------------------------------------


----------------------------------------------------------------------
------------------- End of Log File-------------------------------
----------------------------------------------------------------------
PID : 5568
Name : svchost.exe
PID : 5568
UserName : None
Status : running
CPU Usage : 0.0000
RAM (memory) Usage : 0.0381
----------------------------------------------------------------------


----------------------------------------------------------------------
------------------- End of Log File-------------------------------
----------------------------------------------------------------------
PID : 5576
Name : RuntimeBroker.exe
PID : 5576
UserName : DESKTOP-51BDU4F\ADMIN
Status : running
CPU Usage : 0.0000
RAM (memory) Usage : 0.2775
----------------------------------------------------------------------


----------------------------------------------------------------------
------------------- End of Log File-------------------------------
----------------------------------------------------------------------
PID : 5840
Name : svchost.exe
PID : 5840
UserName : None
Status : running
CPU Usage : 0.0000
RAM (memory) Usage : 0.0270
----------------------------------------------------------------------


----------------------------------------------------------------------
------------------- End of Log File-------------------------------
----------------------------------------------------------------------
PID : 5948
Name : explorer.exe
PID : 5948
UserName : DESKTOP-51BDU4F\ADMIN
Status : running
CPU Usage : 0.0000
RAM (memory) Usage : 3.8322
----------------------------------------------------------------------


----------------------------------------------------------------------
------------------- End of Log File-------------------------------
----------------------------------------------------------------------
PID : 6028
Name : svchost.exe
PID : 6028
UserName : DESKTOP-51BDU4F\ADMIN
Status : running
CPU Usage : 0.0000
RAM (memory) Usage : 0.4007
----------------------------------------------------------------------


----------------------------------------------------------------------
------------------- End of Log File-------------------------------
----------------------------------------------------------------------
PID : 6060
Name : svchost.exe
PID : 6060
UserName : None
Status : running
CPU Usage : 0.0000
RAM (memory) Usage : 0.0250
----------------------------------------------------------------------


----------------------------------------------------------------------
------------------- End of Log File-------------------------------
----------------------------------------------------------------------
PID : 6076
Name : msedgewebview2.exe
PID : 6076
UserName : DESKTOP-51BDU4F\ADMIN
Status : running
CPU Usage : 0.0000
RAM (memory) Usage : 0.0329
----------------------------------------------------------------------


----------------------------------------------------------------------
------------------- End of Log File-------------------------------
----------------------------------------------------------------------
PID : 6100
Name : SynTPHelper.exe
PID : 6100
UserName : DESKTOP-51BDU4F\ADMIN
Status : running
CPU Usage : 0.0000
RAM (memory) Usage : 0.0003
----------------------------------------------------------------------


----------------------------------------------------------------------
------------------- End of Log File-------------------------------
----------------------------------------------------------------------
PID : 6112
Name : svchost.exe
PID : 6112
UserName : None
Status : running
CPU Usage : 0.0000
RAM (memory) Usage : 0.3578
----------------------------------------------------------------------


----------------------------------------------------------------------
------------------- End of Log File-------------------------------
----------------------------------------------------------------------
PID : 6268
Name : CrossDeviceService.exe
PID : 6268
UserName : DESKTOP-51BDU4F\ADMIN
Status : running
CPU Usage : 0.0000
RAM (memory) Usage : 0.2182
----------------------------------------------------------------------


----------------------------------------------------------------------
------------------- End of Log File-------------------------------
----------------------------------------------------------------------
PID : 6404
Name : igfxEM.exe
PID : 6404
UserName : DESKTOP-51BDU4F\ADMIN
Status : running
CPU Usage : 0.0000
RAM (memory) Usage : 0.0082
----------------------------------------------------------------------


----------------------------------------------------------------------
------------------- End of Log File-------------------------------
----------------------------------------------------------------------
PID : 6456
Name : LocationNotificationWindows.exe
PID : 6456
UserName : DESKTOP-51BDU4F\ADMIN
Status : running
CPU Usage : 0.0000
RAM (memory) Usage : 0.0000
----------------------------------------------------------------------


----------------------------------------------------------------------
------------------- End of Log File-------------------------------
----------------------------------------------------------------------
PID : 6504
Name : cmd.exe
PID : 6504
UserName : DESKTOP-51BDU4F\ADMIN
Status : running
CPU Usage : 0.0000
RAM (memory) Usage : 0.0504
----------------------------------------------------------------------


----------------------------------------------------------------------
------------------- End of Log File-------------------------------
----------------------------------------------------------------------
PID : 6516
Name : SnippingTool.exe
PID : 6516
UserName : DESKTOP-51BDU4F\ADMIN
Status : running
CPU Usage : 0.0000
RAM (memory) Usage : 0.1318
----------------------------------------------------------------------


----------------------------------------------------------------------
------------------- End of Log File-------------------------------
----------------------------------------------------------------------
PID : 6564
Name : igfxHK.exe
PID : 6564
UserName : DESKTOP-51BDU4F\ADMIN
Status : running
CPU Usage : 0.0000
RAM (memory) Usage : 0.0004
----------------------------------------------------------------------


----------------------------------------------------------------------
------------------- End of Log File-------------------------------
----------------------------------------------------------------------
PID : 6624
Name : igfxTray.exe
PID : 6624
UserName : DESKTOP-51BDU4F\ADMIN
Status : running
CPU Usage : 0.0000
RAM (memory) Usage : 0.0005
----------------------------------------------------------------------


----------------------------------------------------------------------
------------------- End of Log File-------------------------------
----------------------------------------------------------------------
PID : 6764
Name : svchost.exe
PID : 6764
UserName : None
Status : running
CPU Usage : 0.0000
RAM (memory) Usage : 0.0616
----------------------------------------------------------------------


----------------------------------------------------------------------
------------------- End of Log File-------------------------------
----------------------------------------------------------------------
PID : 6900
Name : svchost.exe
PID : 6900
UserName : DESKTOP-51BDU4F\ADMIN
Status : running
CPU Usage : 0.0000
RAM (memory) Usage : 0.0317
----------------------------------------------------------------------


----------------------------------------------------------------------
------------------- End of Log File-------------------------------
----------------------------------------------------------------------
PID : 6948
Name : UserOOBEBroker.exe
PID : 6948
UserName : DESKTOP-51BDU4F\ADMIN
Status : running
CPU Usage : 0.0000
RAM (memory) Usage : 0.0003
----------------------------------------------------------------------


----------------------------------------------------------------------
------------------- End of Log File-------------------------------
----------------------------------------------------------------------
PID : 7156
Name : SearchHost.exe
PID : 7156
UserName : DESKTOP-51BDU4F\ADMIN
Status : stopped
CPU Usage : 0.0000
RAM (memory) Usage : 0.0001
----------------------------------------------------------------------


----------------------------------------------------------------------
------------------- End of Log File-------------------------------
----------------------------------------------------------------------
PID : 7164
Name : StartMenuExperienceHost.exe
PID : 7164
UserName : DESKTOP-51BDU4F\ADMIN
Status : running
CPU Usage : 0.0000
RAM (memory) Usage : 0.8217
----------------------------------------------------------------------


----------------------------------------------------------------------
------------------- End of Log File-------------------------------
----------------------------------------------------------------------
PID : 7236
Name : SearchFilterHost.exe
PID : 7236
UserName : None
Status : running
CPU Usage : 0.0000
RAM (memory) Usage : 0.1856
----------------------------------------------------------------------


----------------------------------------------------------------------
------------------- End of Log File-------------------------------
----------------------------------------------------------------------
PID : 7248
Name : OneDrive.Sync.Service.exe
PID : 7248
UserName : DESKTOP-51BDU4F\ADMIN
Status : running
CPU Usage : 0.0000
RAM (memory) Usage : 0.1952
----------------------------------------------------------------------


----------------------------------------------------------------------
------------------- End of Log File-------------------------------
----------------------------------------------------------------------
PID : 7444
Name : pet.exe
PID : 7444
UserName : DESKTOP-51BDU4F\ADMIN
Status : running
CPU Usage : 0.0000
RAM (memory) Usage : 0.0001
----------------------------------------------------------------------


----------------------------------------------------------------------
------------------- End of Log File-------------------------------
----------------------------------------------------------------------
PID : 7612
Name : svchost.exe
PID : 7612
UserName : None
Status : running
CPU Usage : 0.0000
RAM (memory) Usage : 0.0601
----------------------------------------------------------------------


----------------------------------------------------------------------
------------------- End of Log File-------------------------------
----------------------------------------------------------------------
PID : 7668
Name : cpptools.exe
PID : 7668
UserName : DESKTOP-51BDU4F\ADMIN
Status : stopped
CPU Usage : 0.0000
RAM (memory) Usage : 0.0010
----------------------------------------------------------------------


----------------------------------------------------------------------
------------------- End of Log File-------------------------------
----------------------------------------------------------------------
PID : 7688
Name : RuntimeBroker.exe
PID : 7688
UserName : DESKTOP-51BDU4F\ADMIN
Status : running
CPU Usage : 0.0000
RAM (memory) Usage : 0.0321
----------------------------------------------------------------------


----------------------------------------------------------------------
------------------- End of Log File-------------------------------
----------------------------------------------------------------------
PID : 7732
Name : chrome.exe
PID : 7732
UserName : DESKTOP-51BDU4F\ADMIN
Status : running
CPU Usage : 0.0000
RAM (memory) Usage : 7.0852
----------------------------------------------------------------------


----------------------------------------------------------------------
------------------- End of Log File-------------------------------
----------------------------------------------------------------------
PID : 7784
Name : dllhost.exe
PID : 7784
UserName : DESKTOP-51BDU4F\ADMIN
Status : running
CPU Usage : 0.0000
RAM (memory) Usage : 0.0447
----------------------------------------------------------------------


----------------------------------------------------------------------
------------------- End of Log File-------------------------------
----------------------------------------------------------------------
PID : 8144
Name : ctfmon.exe
PID : 8144
UserName : DESKTOP-51BDU4F\ADMIN
Status : running
CPU Usage : 0.0000
RAM (memory) Usage : 0.2689
----------------------------------------------------------------------


----------------------------------------------------------------------
------------------- End of Log File-------------------------------
----------------------------------------------------------------------
PID : 8180
Name : powershell.exe
PID : 8180
UserName : DESKTOP-51BDU4F\ADMIN
Status : running
CPU Usage : 0.0000
RAM (memory) Usage : 0.0577
----------------------------------------------------------------------


----------------------------------------------------------------------
------------------- End of Log File-------------------------------
----------------------------------------------------------------------
PID : 8356
Name : svchost.exe
PID : 8356
UserName : None
Status : running
CPU Usage : 0.0000
RAM (memory) Usage : 0.0287
----------------------------------------------------------------------


----------------------------------------------------------------------
------------------- End of Log File-------------------------------
----------------------------------------------------------------------
PID : 8448
Name : SearchIndexer.exe
PID : 8448
UserName : None
Status : running
CPU Usage : 0.0000
RAM (memory) Usage : 0.3785
----------------------------------------------------------------------


----------------------------------------------------------------------
------------------- End of Log File-------------------------------
----------------------------------------------------------------------
PID : 8604
Name : msedgewebview2.exe
PID : 8604
UserName : DESKTOP-51BDU4F\ADMIN
Status : running
CPU Usage : 0.0000
RAM (memory) Usage : 0.0055
----------------------------------------------------------------------


----------------------------------------------------------------------
------------------- End of Log File-------------------------------
----------------------------------------------------------------------
PID : 8844
Name : svchost.exe
PID : 8844
UserName : None
Status : running
CPU Usage : 0.0000
RAM (memory) Usage : 0.0269
----------------------------------------------------------------------


----------------------------------------------------------------------
------------------- End of Log File-------------------------------
----------------------------------------------------------------------
PID : 9100
Name : svchost.exe
PID : 9100
UserName : DESKTOP-51BDU4F\ADMIN
Status : running
CPU Usage : 0.0000
RAM (memory) Usage : 0.0543
----------------------------------------------------------------------


----------------------------------------------------------------------
------------------- End of Log File-------------------------------
----------------------------------------------------------------------
PID : 9200
Name : conhost.exe
PID : 9200
UserName : DESKTOP-51BDU4F\ADMIN
Status : running
CPU Usage : 0.0000
RAM (memory) Usage : 0.0001
----------------------------------------------------------------------


----------------------------------------------------------------------
------------------- End of Log File-------------------------------
----------------------------------------------------------------------
PID : 9224
Name : svchost.exe
PID : 9224
UserName : None
Status : running
CPU Usage : 0.0000
RAM (memory) Usage : 0.0235
----------------------------------------------------------------------


----------------------------------------------------------------------
------------------- End of Log File-------------------------------
----------------------------------------------------------------------
PID : 9256
Name : svchost.exe
PID : 9256
UserName : None
Status : running
CPU Usage : 0.0000
RAM (memory) Usage : 0.0221
----------------------------------------------------------------------


----------------------------------------------------------------------
------------------- End of Log File-------------------------------
----------------------------------------------------------------------
PID : 9588
Name : Code.exe
PID : 9588
UserName : DESKTOP-51BDU4F\ADMIN
Status : running
CPU Usage : 0.0000
RAM (memory) Usage : 1.4061
----------------------------------------------------------------------


----------------------------------------------------------------------
------------------- End of Log File-------------------------------
----------------------------------------------------------------------
PID : 9936
Name : chrome.exe
PID : 9936
UserName : DESKTOP-51BDU4F\ADMIN
Status : running
CPU Usage : 0.0000
RAM (memory) Usage : 0.7277
----------------------------------------------------------------------


----------------------------------------------------------------------
------------------- End of Log File-------------------------------
----------------------------------------------------------------------
PID : 10068
Name : svchost.exe
PID : 10068
UserName : None
Status : running
CPU Usage : 0.0000
RAM (memory) Usage : 0.1553
----------------------------------------------------------------------


----------------------------------------------------------------------
------------------- End of Log File-------------------------------
----------------------------------------------------------------------
PID : 10080
Name : AdobeCollabSync.exe
PID : 10080
UserName : DESKTOP-51BDU4F\ADMIN
Status : running
CPU Usage : 0.0000
RAM (memory) Usage : 0.0047
----------------------------------------------------------------------


----------------------------------------------------------------------
------------------- End of Log File-------------------------------
----------------------------------------------------------------------
PID : 10132
Name : AdobeCollabSync.exe
PID : 10132
UserName : DESKTOP-51BDU4F\ADMIN
Status : running
CPU Usage : 0.0000
RAM (memory) Usage : 0.3805
----------------------------------------------------------------------


----------------------------------------------------------------------
------------------- End of Log File-------------------------------
----------------------------------------------------------------------
PID : 10244
Name : chrome.exe
PID : 10244
UserName : DESKTOP-51BDU4F\ADMIN
Status : running
CPU Usage : 0.0000
RAM (memory) Usage : 0.1109
----------------------------------------------------------------------


----------------------------------------------------------------------
------------------- End of Log File-------------------------------
----------------------------------------------------------------------
PID : 10336
Name : svchost.exe
PID : 10336
UserName : DESKTOP-51BDU4F\ADMIN
Status : running
CPU Usage : 0.0000
RAM (memory) Usage : 0.0246
----------------------------------------------------------------------


----------------------------------------------------------------------
------------------- End of Log File-------------------------------
----------------------------------------------------------------------
PID : 10404
Name : chrome.exe
PID : 10404
UserName : DESKTOP-51BDU4F\ADMIN
Status : running
CPU Usage : 0.0000
RAM (memory) Usage : 1.5111
----------------------------------------------------------------------


----------------------------------------------------------------------
------------------- End of Log File-------------------------------
----------------------------------------------------------------------
PID : 10448
Name : Code.exe
PID : 10448
UserName : DESKTOP-51BDU4F\ADMIN
Status : running
CPU Usage : 0.0000
RAM (memory) Usage : 9.2740
----------------------------------------------------------------------


----------------------------------------------------------------------
------------------- End of Log File-------------------------------
----------------------------------------------------------------------
PID : 10580
Name : svchost.exe
PID : 10580
UserName : None
Status : running
CPU Usage : 0.0000
RAM (memory) Usage : 0.0768
----------------------------------------------------------------------


----------------------------------------------------------------------
------------------- End of Log File-------------------------------
----------------------------------------------------------------------
PID : 10744
Name : svchost.exe
PID : 10744
UserName : None
Status : running
CPU Usage : 0.0000
RAM (memory) Usage : 0.1303
----------------------------------------------------------------------


----------------------------------------------------------------------
------------------- End of Log File-------------------------------
----------------------------------------------------------------------
PID : 10944
Name : WidgetService.exe
PID : 10944
UserName : DESKTOP-51BDU4F\ADMIN
Status : running
CPU Usage : 0.0000
RAM (memory) Usage : 0.1794
----------------------------------------------------------------------


----------------------------------------------------------------------
------------------- End of Log File-------------------------------
----------------------------------------------------------------------
PID : 11356
Name : Code.exe
PID : 11356
UserName : DESKTOP-51BDU4F\ADMIN
Status : running
CPU Usage : 0.0000
RAM (memory) Usage : 0.3807
----------------------------------------------------------------------


----------------------------------------------------------------------
------------------- End of Log File-------------------------------
----------------------------------------------------------------------
PID : 11504
Name : chrome.exe
PID : 11504
UserName : DESKTOP-51BDU4F\ADMIN
Status : running
CPU Usage : 0.0000
RAM (memory) Usage : 0.8350
----------------------------------------------------------------------


----------------------------------------------------------------------
------------------- End of Log File-------------------------------
----------------------------------------------------------------------
PID : 11772
Name : Photos.exe
PID : 11772
UserName : DESKTOP-51BDU4F\ADMIN
Status : stopped
CPU Usage : 0.0000
RAM (memory) Usage : 0.0026
----------------------------------------------------------------------


----------------------------------------------------------------------
------------------- End of Log File-------------------------------
----------------------------------------------------------------------
PID : 12020
Name : chrome.exe
PID : 12020
UserName : DESKTOP-51BDU4F\ADMIN
Status : running
CPU Usage : 0.0000
RAM (memory) Usage : 0.0472
----------------------------------------------------------------------


----------------------------------------------------------------------
------------------- End of Log File-------------------------------
----------------------------------------------------------------------
PID : 12036
Name : dllhost.exe
PID : 12036
UserName : DESKTOP-51BDU4F\ADMIN
Status : running
CPU Usage : 0.0000
RAM (memory) Usage : 0.0084
----------------------------------------------------------------------


----------------------------------------------------------------------
------------------- End of Log File-------------------------------
----------------------------------------------------------------------
PID : 12052
Name : svchost.exe
PID : 12052
UserName : DESKTOP-51BDU4F\ADMIN
Status : running
CPU Usage : 0.0000
RAM (memory) Usage : 0.0685
----------------------------------------------------------------------


----------------------------------------------------------------------
------------------- End of Log File-------------------------------
----------------------------------------------------------------------
PID : 12292
Name : Widgets.exe
PID : 12292
UserName : DESKTOP-51BDU4F\ADMIN
Status : running
CPU Usage : 0.0000
RAM (memory) Usage : 0.3714
----------------------------------------------------------------------


----------------------------------------------------------------------
------------------- End of Log File-------------------------------
----------------------------------------------------------------------
PID : 12448
Name : Code.exe
PID : 12448
UserName : DESKTOP-51BDU4F\ADMIN
Status : running
CPU Usage : 0.0000
RAM (memory) Usage : 1.4174
----------------------------------------------------------------------


----------------------------------------------------------------------
------------------- End of Log File-------------------------------
----------------------------------------------------------------------
PID : 12500
Name : chrome.exe
PID : 12500
UserName : DESKTOP-51BDU4F\ADMIN
Status : running
CPU Usage : 0.0000
RAM (memory) Usage : 3.1900
----------------------------------------------------------------------


----------------------------------------------------------------------
------------------- End of Log File-------------------------------
----------------------------------------------------------------------
PID : 12608
Name : svchost.exe
PID : 12608
UserName : None
Status : running
CPU Usage : 0.0000
RAM (memory) Usage : 0.0196
----------------------------------------------------------------------


----------------------------------------------------------------------
------------------- End of Log File-------------------------------
----------------------------------------------------------------------
PID : 12868
Name : msedgewebview2.exe
PID : 12868
UserName : DESKTOP-51BDU4F\ADMIN
Status : running
CPU Usage : 0.0000
RAM (memory) Usage : 0.0364
----------------------------------------------------------------------


----------------------------------------------------------------------
------------------- End of Log File-------------------------------
----------------------------------------------------------------------
PID : 12980
Name : svchost.exe
PID : 12980
UserName : None
Status : running
CPU Usage : 0.0000
RAM (memory) Usage : 0.1781
----------------------------------------------------------------------


----------------------------------------------------------------------
------------------- End of Log File-------------------------------
----------------------------------------------------------------------
PID : 13300
Name : chrome.exe
PID : 13300
UserName : DESKTOP-51BDU4F\ADMIN
Status : running
CPU Usage : 0.0000
RAM (memory) Usage : 0.1538
----------------------------------------------------------------------


----------------------------------------------------------------------
------------------- End of Log File-------------------------------
----------------------------------------------------------------------
PID : 13396
Name : NisSrv.exe
PID : 13396
UserName : None
Status : running
CPU Usage : 0.0000
RAM (memory) Usage : 0.0951
----------------------------------------------------------------------


----------------------------------------------------------------------
------------------- End of Log File-------------------------------
----------------------------------------------------------------------
PID : 13552
Name : RuntimeBroker.exe
PID : 13552
UserName : DESKTOP-51BDU4F\ADMIN
Status : running
CPU Usage : 0.0000
RAM (memory) Usage : 0.1378
----------------------------------------------------------------------


----------------------------------------------------------------------
------------------- End of Log File-------------------------------
----------------------------------------------------------------------
PID : 13688
Name : chrome.exe
PID : 13688
UserName : DESKTOP-51BDU4F\ADMIN
Status : running
CPU Usage : 0.0000
RAM (memory) Usage : 2.2356
----------------------------------------------------------------------


----------------------------------------------------------------------
------------------- End of Log File-------------------------------
----------------------------------------------------------------------
PID : 13776
Name : MpDefenderCoreService.exe
PID : 13776
UserName : None
Status : running
CPU Usage : 0.0000
RAM (memory) Usage : 0.2193
----------------------------------------------------------------------


----------------------------------------------------------------------
------------------- End of Log File-------------------------------
----------------------------------------------------------------------
PID : 14300
Name : SnippingTool.exe
PID : 14300
UserName : DESKTOP-51BDU4F\ADMIN
Status : running
CPU Usage : 0.0000
RAM (memory) Usage : 0.1307
----------------------------------------------------------------------


----------------------------------------------------------------------
------------------- End of Log File-------------------------------
----------------------------------------------------------------------
PID : 14488
Name : DataExchangeHost.exe
PID : 14488
UserName : DESKTOP-51BDU4F\ADMIN
Status : running
CPU Usage : 0.0000
RAM (memory) Usage : 0.0802
----------------------------------------------------------------------


----------------------------------------------------------------------
------------------- End of Log File-------------------------------
----------------------------------------------------------------------
PID : 14748
Name : OpenConsole.exe
PID : 14748
UserName : DESKTOP-51BDU4F\ADMIN
Status : running
CPU Usage : 0.0000
RAM (memory) Usage : 0.0001
----------------------------------------------------------------------


----------------------------------------------------------------------
------------------- End of Log File-------------------------------
----------------------------------------------------------------------
PID : 15224
Name : CodeSetup-stable-1b6a188127eeaf9194f945eb6eb89a657e93c54c.exe
PID : 15224
UserName : DESKTOP-51BDU4F\ADMIN
Status : running
CPU Usage : 0.0000
RAM (memory) Usage : 0.0002
----------------------------------------------------------------------


----------------------------------------------------------------------
------------------- End of Log File-------------------------------
----------------------------------------------------------------------
PID : 15524
Name : conhost.exe
PID : 15524
UserName : None
Status : running
CPU Usage : 0.0000
RAM (memory) Usage : 0.0001
----------------------------------------------------------------------


----------------------------------------------------------------------
------------------- End of Log File-------------------------------
----------------------------------------------------------------------
PID : 15780
Name : chrome.exe
PID : 15780
UserName : DESKTOP-51BDU4F\ADMIN
Status : running
CPU Usage : 0.0000
RAM (memory) Usage : 3.8060
----------------------------------------------------------------------


----------------------------------------------------------------------
------------------- End of Log File-------------------------------
----------------------------------------------------------------------
PID : 15952
Name : WindowsTerminal.exe
PID : 15952
UserName : DESKTOP-51BDU4F\ADMIN
Status : running
CPU Usage : 0.0000
RAM (memory) Usage : 0.8183
----------------------------------------------------------------------


----------------------------------------------------------------------
------------------- End of Log File-------------------------------
----------------------------------------------------------------------
PID : 16072
Name : MsMpEng.exe
PID : 16072
UserName : None
Status : running
CPU Usage : 0.0000
RAM (memory) Usage : 3.7735
----------------------------------------------------------------------


----------------------------------------------------------------------
------------------- End of Log File-------------------------------
----------------------------------------------------------------------
PID : 16252
Name : SystemSettingsBroker.exe
PID : 16252
UserName : DESKTOP-51BDU4F\ADMIN
Status : running
CPU Usage : 0.0000
RAM (memory) Usage : 0.1559
----------------------------------------------------------------------


----------------------------------------------------------------------
------------------- End of Log File-------------------------------
----------------------------------------------------------------------
PID : 16532
Name : SearchProtocolHost.exe
PID : 16532
UserName : None
Status : running
CPU Usage : 0.0000
RAM (memory) Usage : 0.2813
----------------------------------------------------------------------


----------------------------------------------------------------------
------------------- End of Log File-------------------------------
----------------------------------------------------------------------
PID : 16728
Name : cpptools.exe
PID : 16728
UserName : DESKTOP-51BDU4F\ADMIN
Status : running
CPU Usage : 0.0000
RAM (memory) Usage : 0.0990
----------------------------------------------------------------------


----------------------------------------------------------------------
------------------- End of Log File-------------------------------
----------------------------------------------------------------------
PID : 17464
Name : chrome.exe
PID : 17464
UserName : DESKTOP-51BDU4F\ADMIN
Status : running
CPU Usage : 0.0000
RAM (memory) Usage : 0.3373
----------------------------------------------------------------------


----------------------------------------------------------------------
------------------- End of Log File-------------------------------
----------------------------------------------------------------------
PID : 18400
Name : Code.exe
PID : 18400
UserName : DESKTOP-51BDU4F\ADMIN
Status : running
CPU Usage : 0.0000
RAM (memory) Usage : 0.5392
----------------------------------------------------------------------


----------------------------------------------------------------------
------------------- End of Log File-------------------------------
----------------------------------------------------------------------
PID : 18704
Name : chrome.exe
PID : 18704
UserName : DESKTOP-51BDU4F\ADMIN
Status : running
CPU Usage : 0.0000
RAM (memory) Usage : 0.5740
----------------------------------------------------------------------


----------------------------------------------------------------------
------------------- End of Log File-------------------------------
----------------------------------------------------------------------
PID : 19148
Name : OpenConsole.exe
PID : 19148
UserName : DESKTOP-51BDU4F\ADMIN
Status : running
CPU Usage : 0.0000
RAM (memory) Usage : 0.0264
----------------------------------------------------------------------


----------------------------------------------------------------------
------------------- End of Log File-------------------------------
----------------------------------------------------------------------
PID : 19608
Name : chrome.exe
PID : 19608
UserName : DESKTOP-51BDU4F\ADMIN
Status : running
CPU Usage : 0.0000
RAM (memory) Usage : 1.1327
----------------------------------------------------------------------


----------------------------------------------------------------------
------------------- End of Log File-------------------------------
----------------------------------------------------------------------
PID : 19780
Name : conhost.exe
PID : 19780
UserName : DESKTOP-51BDU4F\ADMIN
Status : running
CPU Usage : 0.0000
RAM (memory) Usage : 0.0033
----------------------------------------------------------------------


----------------------------------------------------------------------
------------------- End of Log File-------------------------------
----------------------------------------------------------------------
PID : 19788
Name : LockApp.exe
PID : 19788
UserName : DESKTOP-51BDU4F\ADMIN
Status : stopped
CPU Usage : 0.0000
RAM (memory) Usage : 0.0001
----------------------------------------------------------------------


----------------------------------------------------------------------
------------------- End of Log File-------------------------------
----------------------------------------------------------------------
PID : 19924
Name : Code.exe
PID : 19924
UserName : DESKTOP-51BDU4F\ADMIN
Status : running
CPU Usage : 0.0000
RAM (memory) Usage : 0.0318
----------------------------------------------------------------------


----------------------------------------------------------------------
------------------- End of Log File-------------------------------
----------------------------------------------------------------------
PID : 19936
Name : msedgewebview2.exe
PID : 19936
UserName : DESKTOP-51BDU4F\ADMIN
Status : running
CPU Usage : 0.0000
RAM (memory) Usage : 0.0107
----------------------------------------------------------------------


----------------------------------------------------------------------
------------------- End of Log File-------------------------------
----------------------------------------------------------------------
PID : 20580
Name : dllhost.exe
PID : 20580
UserName : DESKTOP-51BDU4F\ADMIN
Status : running
CPU Usage : 0.0000
RAM (memory) Usage : 0.0113
----------------------------------------------------------------------


----------------------------------------------------------------------
------------------- End of Log File-------------------------------
----------------------------------------------------------------------
PID : 20916
Name : msedgewebview2.exe
PID : 20916
UserName : DESKTOP-51BDU4F\ADMIN
Status : running
CPU Usage : 0.0000
RAM (memory) Usage : 0.1487
----------------------------------------------------------------------


----------------------------------------------------------------------
------------------- End of Log File-------------------------------
----------------------------------------------------------------------
PID : 21056
Name : python.exe
PID : 21056
UserName : DESKTOP-51BDU4F\ADMIN
Status : running
CPU Usage : 0.0000
RAM (memory) Usage : 0.6243
----------------------------------------------------------------------


----------------------------------------------------------------------
------------------- End of Log File-------------------------------
----------------------------------------------------------------------
PID : 21340
Name : chrome.exe
PID : 21340
UserName : DESKTOP-51BDU4F\ADMIN
Status : running
CPU Usage : 0.0000
RAM (memory) Usage : 0.0507
----------------------------------------------------------------------


----------------------------------------------------------------------
------------------- End of Log File-------------------------------
----------------------------------------------------------------------
PID : 21432
Name : powershell.exe
PID : 21432
UserName : DESKTOP-51BDU4F\ADMIN
Status : running
CPU Usage : 0.0000
RAM (memory) Usage : 0.0477
----------------------------------------------------------------------


----------------------------------------------------------------------
------------------- End of Log File-------------------------------
----------------------------------------------------------------------
PID : 21728
Name : OpenConsole.exe
PID : 21728
UserName : DESKTOP-51BDU4F\ADMIN
Status : running
CPU Usage : 0.0000
RAM (memory) Usage : 0.0003
----------------------------------------------------------------------


----------------------------------------------------------------------
------------------- End of Log File-------------------------------
----------------------------------------------------------------------
PID : 21860
Name : OneDrive.exe
PID : 21860
UserName : DESKTOP-51BDU4F\ADMIN
Status : running
CPU Usage : 0.0000
RAM (memory) Usage : 0.1680
----------------------------------------------------------------------


----------------------------------------------------------------------
------------------- End of Log File-------------------------------
----------------------------------------------------------------------
PID : 21896
Name : msedgewebview2.exe
PID : 21896
UserName : DESKTOP-51BDU4F\ADMIN
Status : running
CPU Usage : 0.0000
RAM (memory) Usage : 0.0379
----------------------------------------------------------------------


----------------------------------------------------------------------
------------------- End of Log File-------------------------------
----------------------------------------------------------------------
PID : 21968
Name : Code.exe
PID : 21968
UserName : DESKTOP-51BDU4F\ADMIN
Status : running
CPU Usage : 0.0000
RAM (memory) Usage : 2.1773
----------------------------------------------------------------------


----------------------------------------------------------------------
------------------- End of Log File-------------------------------
----------------------------------------------------------------------
PID : 22372
Name : Code.exe
PID : 22372
UserName : DESKTOP-51BDU4F\ADMIN
Status : running
CPU Usage : 0.0000
RAM (memory) Usage : 13.2300
----------------------------------------------------------------------


----------------------------------------------------------------------
------------------- End of Log File-------------------------------
----------------------------------------------------------------------
PID : 22432
Name : svchost.exe
PID : 22432
UserName : None
Status : running
CPU Usage : 0.0000
RAM (memory) Usage : 0.2221
----------------------------------------------------------------------


----------------------------------------------------------------------
------------------- End of Log File-------------------------------
----------------------------------------------------------------------
PID : 22572
Name : WmiPrvSE.exe
PID : 22572
UserName : None
Status : running
CPU Usage : 0.0000
RAM (memory) Usage : 0.2524
----------------------------------------------------------------------


----------------------------------------------------------------------
------------------- End of Log File-------------------------------
----------------------------------------------------------------------
PID : 23124
Name : svchost.exe
PID : 23124
UserName : None
Status : running
CPU Usage : 0.0000
RAM (memory) Usage : 0.0216
----------------------------------------------------------------------


----------------------------------------------------------------------
------------------- End of Log File-------------------------------
----------------------------------------------------------------------
PID : 23352
Name : Notepad.exe
PID : 23352
UserName : DESKTOP-51BDU4F\ADMIN
Status : running
CPU Usage : 0.0000
RAM (memory) Usage : 0.3919
----------------------------------------------------------------------


----------------------------------------------------------------------
------------------- End of Log File-------------------------------
----------------------------------------------------------------------
PID : 23956
Name : RuntimeBroker.exe
PID : 23956
UserName : DESKTOP-51BDU4F\ADMIN
Status : running
CPU Usage : 0.0000
RAM (memory) Usage : 0.1708
----------------------------------------------------------------------


----------------------------------------------------------------------
------------------- End of Log File-------------------------------
----------------------------------------------------------------------
PID : 24136
Name : svchost.exe
PID : 24136
UserName : None
Status : running
CPU Usage : 0.0000
RAM (memory) Usage : 0.0174
----------------------------------------------------------------------


----------------------------------------------------------------------
------------------- End of Log File-------------------------------
----------------------------------------------------------------------
