----------------------------------------------------------------------
Log file created at :2026-07-28_14-48-23
----------------------------------------------------------------------

-----------------------System Report-----------------------------
Number of Active CPU Cores : 4
CPU Usage : 2.5 %
----------------------------------------------------------------------

RAM Usage : 91.8 %
Total RAM available : 4157890560
----------------------------------------------------------------------

Network Usage Report
Sent : 92.22 MB
Receive : 374.15 MB
----------------------------------------------------------------------

PID : 0
Name : System Idle Process
PID : 0
UserName : NT AUTHORITY\SYSTEM
Status : running
CPU Usage : 0.0000
RAM (memory) Usage : 0.0002
----------------------------------------------------------------------


----------------------------------------------------------------------
------------------- End of Log File-------------------------------
----------------------------------------------------------------------
PID : 4
Name : System
PID : 4
UserName : NT AUTHORITY\SYSTEM
Status : running
CPU Usage : 0.0000
RAM (memory) Usage : 0.0021
----------------------------------------------------------------------


----------------------------------------------------------------------
------------------- End of Log File-------------------------------
----------------------------------------------------------------------
PID : 100
Name : Registry
PID : 100
UserName : None
Status : running
CPU Usage : 0.0000
RAM (memory) Usage : 0.3074
----------------------------------------------------------------------


----------------------------------------------------------------------
------------------- End of Log File-------------------------------
----------------------------------------------------------------------
PID : 408
Name : svchost.exe
PID : 408
UserName : None
Status : running
CPU Usage : 0.0000
RAM (memory) Usage : 0.0557
----------------------------------------------------------------------


----------------------------------------------------------------------
------------------- End of Log File-------------------------------
----------------------------------------------------------------------
PID : 448
Name : fontdrvhost.exe
PID : 448
UserName : None
Status : running
CPU Usage : 0.0000
RAM (memory) Usage : 0.0002
----------------------------------------------------------------------


----------------------------------------------------------------------
------------------- End of Log File-------------------------------
----------------------------------------------------------------------
PID : 484
Name : smss.exe
PID : 484
UserName : None
Status : running
CPU Usage : 0.0000
RAM (memory) Usage : 0.0004
----------------------------------------------------------------------


----------------------------------------------------------------------
------------------- End of Log File-------------------------------
----------------------------------------------------------------------
PID : 528
Name : fontdrvhost.exe
PID : 528
UserName : None
Status : running
CPU Usage : 0.0000
RAM (memory) Usage : 0.0177
----------------------------------------------------------------------


----------------------------------------------------------------------
------------------- End of Log File-------------------------------
----------------------------------------------------------------------
PID : 728
Name : csrss.exe
PID : 728
UserName : None
Status : running
CPU Usage : 0.0000
RAM (memory) Usage : 0.0195
----------------------------------------------------------------------


----------------------------------------------------------------------
------------------- End of Log File-------------------------------
----------------------------------------------------------------------
PID : 732
Name : svchost.exe
PID : 732
UserName : None
Status : running
CPU Usage : 0.0000
RAM (memory) Usage : 0.6092
----------------------------------------------------------------------


----------------------------------------------------------------------
------------------- End of Log File-------------------------------
----------------------------------------------------------------------
PID : 832
Name : wininit.exe
PID : 832
UserName : None
Status : running
CPU Usage : 0.0000
RAM (memory) Usage : 0.0001
----------------------------------------------------------------------


----------------------------------------------------------------------
------------------- End of Log File-------------------------------
----------------------------------------------------------------------
PID : 840
Name : csrss.exe
PID : 840
UserName : None
Status : running
CPU Usage : 0.0000
RAM (memory) Usage : 0.0475
----------------------------------------------------------------------


----------------------------------------------------------------------
------------------- End of Log File-------------------------------
----------------------------------------------------------------------
PID : 932
Name : winlogon.exe
PID : 932
UserName : None
Status : running
CPU Usage : 0.0000
RAM (memory) Usage : 0.0004
----------------------------------------------------------------------


----------------------------------------------------------------------
------------------- End of Log File-------------------------------
----------------------------------------------------------------------
PID : 976
Name : services.exe
PID : 976
UserName : None
Status : running
CPU Usage : 0.0000
RAM (memory) Usage : 0.1140
----------------------------------------------------------------------


----------------------------------------------------------------------
------------------- End of Log File-------------------------------
----------------------------------------------------------------------
PID : 1000
Name : lsass.exe
PID : 1000
UserName : None
Status : running
CPU Usage : 0.0000
RAM (memory) Usage : 0.2563
----------------------------------------------------------------------


----------------------------------------------------------------------
------------------- End of Log File-------------------------------
----------------------------------------------------------------------
PID : 1060
Name : svchost.exe
PID : 1060
UserName : None
Status : running
CPU Usage : 0.0000
RAM (memory) Usage : 0.1203
----------------------------------------------------------------------


----------------------------------------------------------------------
------------------- End of Log File-------------------------------
----------------------------------------------------------------------
PID : 1116
Name : svchost.exe
PID : 1116
UserName : None
Status : running
CPU Usage : 0.0000
RAM (memory) Usage : 0.3311
----------------------------------------------------------------------


----------------------------------------------------------------------
------------------- End of Log File-------------------------------
----------------------------------------------------------------------
PID : 1168
Name : svchost.exe
PID : 1168
UserName : None
Status : running
CPU Usage : 0.0000
RAM (memory) Usage : 0.0608
----------------------------------------------------------------------


----------------------------------------------------------------------
------------------- End of Log File-------------------------------
----------------------------------------------------------------------
PID : 1212
Name : svchost.exe
PID : 1212
UserName : None
Status : running
CPU Usage : 0.0000
RAM (memory) Usage : 0.0238
----------------------------------------------------------------------


----------------------------------------------------------------------
------------------- End of Log File-------------------------------
----------------------------------------------------------------------
PID : 1240
Name : svchost.exe
PID : 1240
UserName : None
Status : running
CPU Usage : 0.0000
RAM (memory) Usage : 0.0282
----------------------------------------------------------------------


----------------------------------------------------------------------
------------------- End of Log File-------------------------------
----------------------------------------------------------------------
PID : 1272
Name : svchost.exe
PID : 1272
UserName : None
Status : running
CPU Usage : 0.0000
RAM (memory) Usage : 0.1069
----------------------------------------------------------------------


----------------------------------------------------------------------
------------------- End of Log File-------------------------------
----------------------------------------------------------------------
PID : 1288
Name : svchost.exe
PID : 1288
UserName : None
Status : running
CPU Usage : 0.0000
RAM (memory) Usage : 0.0259
----------------------------------------------------------------------


----------------------------------------------------------------------
------------------- End of Log File-------------------------------
----------------------------------------------------------------------
PID : 1372
Name : svchost.exe
PID : 1372
UserName : None
Status : running
CPU Usage : 0.0000
RAM (memory) Usage : 0.0635
----------------------------------------------------------------------


----------------------------------------------------------------------
------------------- End of Log File-------------------------------
----------------------------------------------------------------------
PID : 1432
Name : svchost.exe
PID : 1432
UserName : None
Status : running
CPU Usage : 0.0000
RAM (memory) Usage : 0.1240
----------------------------------------------------------------------


----------------------------------------------------------------------
------------------- End of Log File-------------------------------
----------------------------------------------------------------------
PID : 1448
Name : svchost.exe
PID : 1448
UserName : None
Status : running
CPU Usage : 0.0000
RAM (memory) Usage : 0.0275
----------------------------------------------------------------------


----------------------------------------------------------------------
------------------- End of Log File-------------------------------
----------------------------------------------------------------------
PID : 1460
Name : svchost.exe
PID : 1460
UserName : None
Status : running
CPU Usage : 0.0000
RAM (memory) Usage : 0.1790
----------------------------------------------------------------------


----------------------------------------------------------------------
------------------- End of Log File-------------------------------
----------------------------------------------------------------------
PID : 1540
Name : svchost.exe
PID : 1540
UserName : None
Status : running
CPU Usage : 0.0000
RAM (memory) Usage : 0.1630
----------------------------------------------------------------------


----------------------------------------------------------------------
------------------- End of Log File-------------------------------
----------------------------------------------------------------------
PID : 1592
Name : dwm.exe
PID : 1592
UserName : None
Status : running
CPU Usage : 0.0000
RAM (memory) Usage : 1.1244
----------------------------------------------------------------------


----------------------------------------------------------------------
------------------- End of Log File-------------------------------
----------------------------------------------------------------------
PID : 1612
Name : svchost.exe
PID : 1612
UserName : None
Status : running
CPU Usage : 0.0000
RAM (memory) Usage : 0.0253
----------------------------------------------------------------------


----------------------------------------------------------------------
------------------- End of Log File-------------------------------
----------------------------------------------------------------------
PID : 1624
Name : svchost.exe
PID : 1624
UserName : None
Status : running
CPU Usage : 0.0000
RAM (memory) Usage : 0.0305
----------------------------------------------------------------------


----------------------------------------------------------------------
------------------- End of Log File-------------------------------
----------------------------------------------------------------------
PID : 1792
Name : atiesrxx.exe
PID : 1792
UserName : None
Status : running
CPU Usage : 0.0000
RAM (memory) Usage : 0.0003
----------------------------------------------------------------------


----------------------------------------------------------------------
------------------- End of Log File-------------------------------
----------------------------------------------------------------------
PID : 1800
Name : svchost.exe
PID : 1800
UserName : None
Status : running
CPU Usage : 0.0000
RAM (memory) Usage : 0.1982
----------------------------------------------------------------------


----------------------------------------------------------------------
------------------- End of Log File-------------------------------
----------------------------------------------------------------------
PID : 1828
Name : TextInputHost.exe
PID : 1828
UserName : DESKTOP-51BDU4F\ADMIN
Status : running
CPU Usage : 0.0000
RAM (memory) Usage : 0.4727
----------------------------------------------------------------------


----------------------------------------------------------------------
------------------- End of Log File-------------------------------
----------------------------------------------------------------------
PID : 1888
Name : svchost.exe
PID : 1888
UserName : None
Status : running
CPU Usage : 0.0000
RAM (memory) Usage : 0.1796
----------------------------------------------------------------------


----------------------------------------------------------------------
------------------- End of Log File-------------------------------
----------------------------------------------------------------------
PID : 1928
Name : svchost.exe
PID : 1928
UserName : None
Status : running
CPU Usage : 0.0000
RAM (memory) Usage : 0.0278
----------------------------------------------------------------------


----------------------------------------------------------------------
------------------- End of Log File-------------------------------
----------------------------------------------------------------------
PID : 2032
Name : svchost.exe
PID : 2032
UserName : None
Status : running
CPU Usage : 0.0000
RAM (memory) Usage : 0.0969
----------------------------------------------------------------------


----------------------------------------------------------------------
------------------- End of Log File-------------------------------
----------------------------------------------------------------------
PID : 2096
Name : svchost.exe
PID : 2096
UserName : None
Status : running
CPU Usage : 0.0000
RAM (memory) Usage : 0.0359
----------------------------------------------------------------------


----------------------------------------------------------------------
------------------- End of Log File-------------------------------
----------------------------------------------------------------------
PID : 2120
Name : ApplicationFrameHost.exe
PID : 2120
UserName : DESKTOP-51BDU4F\ADMIN
Status : running
CPU Usage : 0.0000
RAM (memory) Usage : 0.0594
----------------------------------------------------------------------


----------------------------------------------------------------------
------------------- End of Log File-------------------------------
----------------------------------------------------------------------
PID : 2124
Name : MoUsoCoreWorker.exe
PID : 2124
UserName : None
Status : running
CPU Usage : 0.0000
RAM (memory) Usage : 0.6744
----------------------------------------------------------------------


----------------------------------------------------------------------
------------------- End of Log File-------------------------------
----------------------------------------------------------------------
PID : 2144
Name : MemCompression
PID : 2144
UserName : None
Status : running
CPU Usage : 0.0000
RAM (memory) Usage : 1.3244
----------------------------------------------------------------------


----------------------------------------------------------------------
------------------- End of Log File-------------------------------
----------------------------------------------------------------------
PID : 2172
Name : svchost.exe
PID : 2172
UserName : None
Status : running
CPU Usage : 0.0000
RAM (memory) Usage : 0.0059
----------------------------------------------------------------------


----------------------------------------------------------------------
------------------- End of Log File-------------------------------
----------------------------------------------------------------------
PID : 2312
Name : igfxCUIService.exe
PID : 2312
UserName : None
Status : running
CPU Usage : 0.0000
RAM (memory) Usage : 0.0004
----------------------------------------------------------------------


----------------------------------------------------------------------
------------------- End of Log File-------------------------------
----------------------------------------------------------------------
PID : 2380
Name : svchost.exe
PID : 2380
UserName : None
Status : running
CPU Usage : 0.0000
RAM (memory) Usage : 0.0265
----------------------------------------------------------------------


----------------------------------------------------------------------
------------------- End of Log File-------------------------------
----------------------------------------------------------------------
PID : 2388
Name : svchost.exe
PID : 2388
UserName : None
Status : running
CPU Usage : 0.0000
RAM (memory) Usage : 0.0542
----------------------------------------------------------------------


----------------------------------------------------------------------
------------------- End of Log File-------------------------------
----------------------------------------------------------------------
PID : 2484
Name : svchost.exe
PID : 2484
UserName : None
Status : running
CPU Usage : 0.0000
RAM (memory) Usage : 0.1351
----------------------------------------------------------------------


----------------------------------------------------------------------
------------------- End of Log File-------------------------------
----------------------------------------------------------------------
PID : 2568
Name : svchost.exe
PID : 2568
UserName : None
Status : running
CPU Usage : 0.0000
RAM (memory) Usage : 0.0201
----------------------------------------------------------------------


----------------------------------------------------------------------
------------------- End of Log File-------------------------------
----------------------------------------------------------------------
PID : 2660
Name : svchost.exe
PID : 2660
UserName : None
Status : running
CPU Usage : 0.0000
RAM (memory) Usage : 0.0382
----------------------------------------------------------------------


----------------------------------------------------------------------
------------------- End of Log File-------------------------------
----------------------------------------------------------------------
PID : 2684
Name : svchost.exe
PID : 2684
UserName : None
Status : running
CPU Usage : 0.0000
RAM (memory) Usage : 0.0215
----------------------------------------------------------------------


----------------------------------------------------------------------
------------------- End of Log File-------------------------------
----------------------------------------------------------------------
PID : 2740
Name : svchost.exe
PID : 2740
UserName : None
Status : running
CPU Usage : 0.0000
RAM (memory) Usage : 0.0454
----------------------------------------------------------------------


----------------------------------------------------------------------
------------------- End of Log File-------------------------------
----------------------------------------------------------------------
PID : 2748
Name : svchost.exe
PID : 2748
UserName : None
Status : running
CPU Usage : 0.0000
RAM (memory) Usage : 0.0493
----------------------------------------------------------------------


----------------------------------------------------------------------
------------------- End of Log File-------------------------------
----------------------------------------------------------------------
PID : 2768
Name : svchost.exe
PID : 2768
UserName : None
Status : running
CPU Usage : 0.0000
RAM (memory) Usage : 0.0406
----------------------------------------------------------------------


----------------------------------------------------------------------
------------------- End of Log File-------------------------------
----------------------------------------------------------------------
PID : 2840
Name : Code.exe
PID : 2840
UserName : DESKTOP-51BDU4F\ADMIN
Status : running
CPU Usage : 0.0000
RAM (memory) Usage : 0.1166
----------------------------------------------------------------------


----------------------------------------------------------------------
------------------- End of Log File-------------------------------
----------------------------------------------------------------------
PID : 2848
Name : svchost.exe
PID : 2848
UserName : None
Status : running
CPU Usage : 0.0000
RAM (memory) Usage : 0.0369
----------------------------------------------------------------------


----------------------------------------------------------------------
------------------- End of Log File-------------------------------
----------------------------------------------------------------------
PID : 2912
Name : taskhostw.exe
PID : 2912
UserName : DESKTOP-51BDU4F\ADMIN
Status : running
CPU Usage : 0.0000
RAM (memory) Usage : 0.1115
----------------------------------------------------------------------


----------------------------------------------------------------------
------------------- End of Log File-------------------------------
----------------------------------------------------------------------
PID : 2928
Name : svchost.exe
PID : 2928
UserName : None
Status : running
CPU Usage : 0.0000
RAM (memory) Usage : 0.3703
----------------------------------------------------------------------


----------------------------------------------------------------------
------------------- End of Log File-------------------------------
----------------------------------------------------------------------
PID : 2984
Name : svchost.exe
PID : 2984
UserName : None
Status : running
CPU Usage : 0.0000
RAM (memory) Usage : 0.0794
----------------------------------------------------------------------


----------------------------------------------------------------------
------------------- End of Log File-------------------------------
----------------------------------------------------------------------
PID : 3004
Name : dllhost.exe
PID : 3004
UserName : DESKTOP-51BDU4F\ADMIN
Status : running
CPU Usage : 0.0000
RAM (memory) Usage : 0.0670
----------------------------------------------------------------------


----------------------------------------------------------------------
------------------- End of Log File-------------------------------
----------------------------------------------------------------------
PID : 3068
Name : ShellExperienceHost.exe
PID : 3068
UserName : DESKTOP-51BDU4F\ADMIN
Status : stopped
CPU Usage : 0.0000
RAM (memory) Usage : 0.0349
----------------------------------------------------------------------


----------------------------------------------------------------------
------------------- End of Log File-------------------------------
----------------------------------------------------------------------
PID : 3116
Name : spoolsv.exe
PID : 3116
UserName : None
Status : running
CPU Usage : 0.0000
RAM (memory) Usage : 0.0004
----------------------------------------------------------------------


----------------------------------------------------------------------
------------------- End of Log File-------------------------------
----------------------------------------------------------------------
PID : 3140
Name : svchost.exe
PID : 3140
UserName : None
Status : running
CPU Usage : 0.0000
RAM (memory) Usage : 0.0261
----------------------------------------------------------------------


----------------------------------------------------------------------
------------------- End of Log File-------------------------------
----------------------------------------------------------------------
PID : 3156
Name : svchost.exe
PID : 3156
UserName : None
Status : running
CPU Usage : 0.0000
RAM (memory) Usage : 0.1623
----------------------------------------------------------------------


----------------------------------------------------------------------
------------------- End of Log File-------------------------------
----------------------------------------------------------------------
PID : 3240
Name : svchost.exe
PID : 3240
UserName : None
Status : running
CPU Usage : 0.0000
RAM (memory) Usage : 0.0495
----------------------------------------------------------------------


----------------------------------------------------------------------
------------------- End of Log File-------------------------------
----------------------------------------------------------------------
PID : 3432
Name : svchost.exe
PID : 3432
UserName : None
Status : running
CPU Usage : 0.0000
RAM (memory) Usage : 0.0615
----------------------------------------------------------------------


----------------------------------------------------------------------
------------------- End of Log File-------------------------------
----------------------------------------------------------------------
PID : 3516
Name : armsvc.exe
PID : 3516
UserName : None
Status : running
CPU Usage : 0.0000
RAM (memory) Usage : 0.0001
----------------------------------------------------------------------


----------------------------------------------------------------------
------------------- End of Log File-------------------------------
----------------------------------------------------------------------
PID : 3532
Name : svchost.exe
PID : 3532
UserName : None
Status : running
CPU Usage : 0.0000
RAM (memory) Usage : 0.0062
----------------------------------------------------------------------


----------------------------------------------------------------------
------------------- End of Log File-------------------------------
----------------------------------------------------------------------
PID : 3544
Name : svchost.exe
PID : 3544
UserName : None
Status : running
CPU Usage : 0.0000
RAM (memory) Usage : 0.5519
----------------------------------------------------------------------


----------------------------------------------------------------------
------------------- End of Log File-------------------------------
----------------------------------------------------------------------
PID : 3552
Name : svchost.exe
PID : 3552
UserName : None
Status : running
CPU Usage : 0.0000
RAM (memory) Usage : 0.6125
----------------------------------------------------------------------


----------------------------------------------------------------------
------------------- End of Log File-------------------------------
----------------------------------------------------------------------
PID : 3580
Name : svchost.exe
PID : 3580
UserName : None
Status : running
CPU Usage : 0.0000
RAM (memory) Usage : 0.2051
----------------------------------------------------------------------


----------------------------------------------------------------------
------------------- End of Log File-------------------------------
----------------------------------------------------------------------
PID : 3588
Name : mongod.exe
PID : 3588
UserName : None
Status : running
CPU Usage : 0.0000
RAM (memory) Usage : 0.7461
----------------------------------------------------------------------


----------------------------------------------------------------------
------------------- End of Log File-------------------------------
----------------------------------------------------------------------
PID : 3612
Name : svchost.exe
PID : 3612
UserName : None
Status : running
CPU Usage : 0.0000
RAM (memory) Usage : 0.0265
----------------------------------------------------------------------


----------------------------------------------------------------------
------------------- End of Log File-------------------------------
----------------------------------------------------------------------
PID : 3636
Name : svchost.exe
PID : 3636
UserName : None
Status : running
CPU Usage : 0.0000
RAM (memory) Usage : 0.0769
----------------------------------------------------------------------


----------------------------------------------------------------------
------------------- End of Log File-------------------------------
----------------------------------------------------------------------
PID : 3644
Name : SynTPEnhService.exe
PID : 3644
UserName : None
Status : running
CPU Usage : 0.0000
RAM (memory) Usage : 0.0002
----------------------------------------------------------------------


----------------------------------------------------------------------
------------------- End of Log File-------------------------------
----------------------------------------------------------------------
PID : 3656
Name : Code.exe
PID : 3656
UserName : DESKTOP-51BDU4F\ADMIN
Status : running
CPU Usage : 0.0000
RAM (memory) Usage : 0.2842
----------------------------------------------------------------------


----------------------------------------------------------------------
------------------- End of Log File-------------------------------
----------------------------------------------------------------------
PID : 3684
Name : svchost.exe
PID : 3684
UserName : None
Status : running
CPU Usage : 0.0000
RAM (memory) Usage : 0.0081
----------------------------------------------------------------------


----------------------------------------------------------------------
------------------- End of Log File-------------------------------
----------------------------------------------------------------------
PID : 3728
Name : Code.exe
PID : 3728
UserName : DESKTOP-51BDU4F\ADMIN
Status : running
CPU Usage : 0.0000
RAM (memory) Usage : 0.1700
----------------------------------------------------------------------


----------------------------------------------------------------------
------------------- End of Log File-------------------------------
----------------------------------------------------------------------
PID : 3736
Name : svchost.exe
PID : 3736
UserName : None
Status : running
CPU Usage : 0.0000
RAM (memory) Usage : 0.1937
----------------------------------------------------------------------


----------------------------------------------------------------------
------------------- End of Log File-------------------------------
----------------------------------------------------------------------
PID : 3764
Name : svchost.exe
PID : 3764
UserName : None
Status : running
CPU Usage : 0.0000
RAM (memory) Usage : 0.1286
----------------------------------------------------------------------


----------------------------------------------------------------------
------------------- End of Log File-------------------------------
----------------------------------------------------------------------
PID : 4144
Name : svchost.exe
PID : 4144
UserName : None
Status : running
CPU Usage : 0.0000
RAM (memory) Usage : 0.0204
----------------------------------------------------------------------


----------------------------------------------------------------------
------------------- End of Log File-------------------------------
----------------------------------------------------------------------
PID : 4320
Name : svchost.exe
PID : 4320
UserName : DESKTOP-51BDU4F\ADMIN
Status : running
CPU Usage : 0.0000
RAM (memory) Usage : 0.0223
----------------------------------------------------------------------


----------------------------------------------------------------------
------------------- End of Log File-------------------------------
----------------------------------------------------------------------
PID : 4484
Name : svchost.exe
PID : 4484
UserName : None
Status : running
CPU Usage : 0.0000
RAM (memory) Usage : 0.0130
----------------------------------------------------------------------


----------------------------------------------------------------------
------------------- End of Log File-------------------------------
----------------------------------------------------------------------
PID : 4600
Name : svchost.exe
PID : 4600
UserName : DESKTOP-51BDU4F\ADMIN
Status : running
CPU Usage : 0.0000
RAM (memory) Usage : 0.4101
----------------------------------------------------------------------


----------------------------------------------------------------------
------------------- End of Log File-------------------------------
----------------------------------------------------------------------
PID : 4676
Name : sihost.exe
PID : 4676
UserName : DESKTOP-51BDU4F\ADMIN
Status : running
CPU Usage : 0.0000
RAM (memory) Usage : 0.3329
----------------------------------------------------------------------


----------------------------------------------------------------------
------------------- End of Log File-------------------------------
----------------------------------------------------------------------
PID : 4776
Name : nbcode64.exe
PID : 4776
UserName : DESKTOP-51BDU4F\ADMIN
Status : running
CPU Usage : 0.0000
RAM (memory) Usage : 0.0343
----------------------------------------------------------------------


----------------------------------------------------------------------
------------------- End of Log File-------------------------------
----------------------------------------------------------------------
PID : 5132
Name : AggregatorHost.exe
PID : 5132
UserName : None
Status : running
CPU Usage : 0.0000
RAM (memory) Usage : 0.0797
----------------------------------------------------------------------


----------------------------------------------------------------------
------------------- End of Log File-------------------------------
----------------------------------------------------------------------
PID : 5208
Name : conhost.exe
PID : 5208
UserName : DESKTOP-51BDU4F\ADMIN
Status : running
CPU Usage : 0.0000
RAM (memory) Usage : 0.0001
----------------------------------------------------------------------


----------------------------------------------------------------------
------------------- End of Log File-------------------------------
----------------------------------------------------------------------
PID : 5216
Name : svchost.exe
PID : 5216
UserName : DESKTOP-51BDU4F\ADMIN
Status : running
CPU Usage : 0.0000
RAM (memory) Usage : 0.1301
----------------------------------------------------------------------


----------------------------------------------------------------------
------------------- End of Log File-------------------------------
----------------------------------------------------------------------
PID : 5272
Name : svchost.exe
PID : 5272
UserName : None
Status : running
CPU Usage : 0.0000
RAM (memory) Usage : 0.2471
----------------------------------------------------------------------


----------------------------------------------------------------------
------------------- End of Log File-------------------------------
----------------------------------------------------------------------
PID : 5292
Name : svchost.exe
PID : 5292
UserName : None
Status : running
CPU Usage : 0.0000
RAM (memory) Usage : 0.2603
----------------------------------------------------------------------


----------------------------------------------------------------------
------------------- End of Log File-------------------------------
----------------------------------------------------------------------
PID : 5340
Name : RuntimeBroker.exe
PID : 5340
UserName : DESKTOP-51BDU4F\ADMIN
Status : running
CPU Usage : 0.0000
RAM (memory) Usage : 0.3661
----------------------------------------------------------------------


----------------------------------------------------------------------
------------------- End of Log File-------------------------------
----------------------------------------------------------------------
PID : 5356
Name : taskhostw.exe
PID : 5356
UserName : DESKTOP-51BDU4F\ADMIN
Status : running
CPU Usage : 0.0000
RAM (memory) Usage : 0.1471
----------------------------------------------------------------------


----------------------------------------------------------------------
------------------- End of Log File-------------------------------
----------------------------------------------------------------------
PID : 5368
Name : SynTPEnh.exe
PID : 5368
UserName : DESKTOP-51BDU4F\ADMIN
Status : running
CPU Usage : 0.0000
RAM (memory) Usage : 0.1456
----------------------------------------------------------------------


----------------------------------------------------------------------
------------------- End of Log File-------------------------------
----------------------------------------------------------------------
PID : 5440
Name : CodeSetup-stable-1b6a188127eeaf9194f945eb6eb89a657e93c54c.tmp
PID : 5440
UserName : DESKTOP-51BDU4F\ADMIN
Status : running
CPU Usage : 0.0000
RAM (memory) Usage : 0.0207
----------------------------------------------------------------------


----------------------------------------------------------------------
------------------- End of Log File-------------------------------
----------------------------------------------------------------------
PID : 5568
Name : svchost.exe
PID : 5568
UserName : None
Status : running
CPU Usage : 0.0000
RAM (memory) Usage : 0.0385
----------------------------------------------------------------------


----------------------------------------------------------------------
------------------- End of Log File-------------------------------
----------------------------------------------------------------------
PID : 5576
Name : RuntimeBroker.exe
PID : 5576
UserName : DESKTOP-51BDU4F\ADMIN
Status : running
CPU Usage : 0.0000
RAM (memory) Usage : 0.2773
----------------------------------------------------------------------


----------------------------------------------------------------------
------------------- End of Log File-------------------------------
----------------------------------------------------------------------
PID : 5840
Name : svchost.exe
PID : 5840
UserName : None
Status : running
CPU Usage : 0.0000
RAM (memory) Usage : 0.0270
----------------------------------------------------------------------


----------------------------------------------------------------------
------------------- End of Log File-------------------------------
----------------------------------------------------------------------
PID : 5948
Name : explorer.exe
PID : 5948
UserName : DESKTOP-51BDU4F\ADMIN
Status : running
CPU Usage : 0.0000
RAM (memory) Usage : 2.4677
----------------------------------------------------------------------


----------------------------------------------------------------------
------------------- End of Log File-------------------------------
----------------------------------------------------------------------
PID : 6028
Name : svchost.exe
PID : 6028
UserName : DESKTOP-51BDU4F\ADMIN
Status : running
CPU Usage : 0.0000
RAM (memory) Usage : 0.4038
----------------------------------------------------------------------


----------------------------------------------------------------------
------------------- End of Log File-------------------------------
----------------------------------------------------------------------
PID : 6060
Name : svchost.exe
PID : 6060
UserName : None
Status : running
CPU Usage : 0.0000
RAM (memory) Usage : 0.0250
----------------------------------------------------------------------


----------------------------------------------------------------------
------------------- End of Log File-------------------------------
----------------------------------------------------------------------
PID : 6076
Name : msedgewebview2.exe
PID : 6076
UserName : DESKTOP-51BDU4F\ADMIN
Status : running
CPU Usage : 0.0000
RAM (memory) Usage : 0.0329
----------------------------------------------------------------------


----------------------------------------------------------------------
------------------- End of Log File-------------------------------
----------------------------------------------------------------------
PID : 6100
Name : SynTPHelper.exe
PID : 6100
UserName : DESKTOP-51BDU4F\ADMIN
Status : running
CPU Usage : 0.0000
RAM (memory) Usage : 0.0003
----------------------------------------------------------------------


----------------------------------------------------------------------
------------------- End of Log File-------------------------------
----------------------------------------------------------------------
PID : 6112
Name : svchost.exe
PID : 6112
UserName : None
Status : running
CPU Usage : 0.0000
RAM (memory) Usage : 0.3562
----------------------------------------------------------------------


----------------------------------------------------------------------
------------------- End of Log File-------------------------------
----------------------------------------------------------------------
PID : 6268
Name : CrossDeviceService.exe
PID : 6268
UserName : DESKTOP-51BDU4F\ADMIN
Status : running
CPU Usage : 0.0000
RAM (memory) Usage : 0.2174
----------------------------------------------------------------------


----------------------------------------------------------------------
------------------- End of Log File-------------------------------
----------------------------------------------------------------------
PID : 6404
Name : igfxEM.exe
PID : 6404
UserName : DESKTOP-51BDU4F\ADMIN
Status : running
CPU Usage : 0.0000
RAM (memory) Usage : 0.0082
----------------------------------------------------------------------


----------------------------------------------------------------------
------------------- End of Log File-------------------------------
----------------------------------------------------------------------
PID : 6456
Name : LocationNotificationWindows.exe
PID : 6456
UserName : DESKTOP-51BDU4F\ADMIN
Status : running
CPU Usage : 0.0000
RAM (memory) Usage : 0.0000
----------------------------------------------------------------------


----------------------------------------------------------------------
------------------- End of Log File-------------------------------
----------------------------------------------------------------------
PID : 6504
Name : cmd.exe
PID : 6504
UserName : DESKTOP-51BDU4F\ADMIN
Status : running
CPU Usage : 0.0000
RAM (memory) Usage : 0.0528
----------------------------------------------------------------------


----------------------------------------------------------------------
------------------- End of Log File-------------------------------
----------------------------------------------------------------------
PID : 6516
Name : SnippingTool.exe
PID : 6516
UserName : DESKTOP-51BDU4F\ADMIN
Status : running
CPU Usage : 0.0000
RAM (memory) Usage : 0.1319
----------------------------------------------------------------------


----------------------------------------------------------------------
------------------- End of Log File-------------------------------
----------------------------------------------------------------------
PID : 6564
Name : igfxHK.exe
PID : 6564
UserName : DESKTOP-51BDU4F\ADMIN
Status : running
CPU Usage : 0.0000
RAM (memory) Usage : 0.0004
----------------------------------------------------------------------


----------------------------------------------------------------------
------------------- End of Log File-------------------------------
----------------------------------------------------------------------
PID : 6624
Name : igfxTray.exe
PID : 6624
UserName : DESKTOP-51BDU4F\ADMIN
Status : running
CPU Usage : 0.0000
RAM (memory) Usage : 0.0005
----------------------------------------------------------------------


----------------------------------------------------------------------
------------------- End of Log File-------------------------------
----------------------------------------------------------------------
PID : 6764
Name : svchost.exe
PID : 6764
UserName : None
Status : running
CPU Usage : 0.0000
RAM (memory) Usage : 0.0614
----------------------------------------------------------------------


----------------------------------------------------------------------
------------------- End of Log File-------------------------------
----------------------------------------------------------------------
PID : 6900
Name : svchost.exe
PID : 6900
UserName : DESKTOP-51BDU4F\ADMIN
Status : running
CPU Usage : 0.0000
RAM (memory) Usage : 0.0317
----------------------------------------------------------------------


----------------------------------------------------------------------
------------------- End of Log File-------------------------------
----------------------------------------------------------------------
PID : 6948
Name : UserOOBEBroker.exe
PID : 6948
UserName : DESKTOP-51BDU4F\ADMIN
Status : running
CPU Usage : 0.0000
RAM (memory) Usage : 0.0003
----------------------------------------------------------------------


----------------------------------------------------------------------
------------------- End of Log File-------------------------------
----------------------------------------------------------------------
PID : 7156
Name : SearchHost.exe
PID : 7156
UserName : DESKTOP-51BDU4F\ADMIN
Status : stopped
CPU Usage : 0.0000
RAM (memory) Usage : 0.0001
----------------------------------------------------------------------


----------------------------------------------------------------------
------------------- End of Log File-------------------------------
----------------------------------------------------------------------
PID : 7164
Name : StartMenuExperienceHost.exe
PID : 7164
UserName : DESKTOP-51BDU4F\ADMIN
Status : running
CPU Usage : 0.0000
RAM (memory) Usage : 0.8215
----------------------------------------------------------------------


----------------------------------------------------------------------
------------------- End of Log File-------------------------------
----------------------------------------------------------------------
PID : 7236
Name : SearchFilterHost.exe
PID : 7236
UserName : None
Status : running
CPU Usage : 0.0000
RAM (memory) Usage : 0.1869
----------------------------------------------------------------------


----------------------------------------------------------------------
------------------- End of Log File-------------------------------
----------------------------------------------------------------------
PID : 7248
Name : OneDrive.Sync.Service.exe
PID : 7248
UserName : DESKTOP-51BDU4F\ADMIN
Status : running
CPU Usage : 0.0000
RAM (memory) Usage : 0.1960
----------------------------------------------------------------------


----------------------------------------------------------------------
------------------- End of Log File-------------------------------
----------------------------------------------------------------------
PID : 7444
Name : pet.exe
PID : 7444
UserName : DESKTOP-51BDU4F\ADMIN
Status : running
CPU Usage : 0.0000
RAM (memory) Usage : 0.0001
----------------------------------------------------------------------


----------------------------------------------------------------------
------------------- End of Log File-------------------------------
----------------------------------------------------------------------
PID : 7612
Name : svchost.exe
PID : 7612
UserName : None
Status : running
CPU Usage : 0.0000
RAM (memory) Usage : 0.0600
----------------------------------------------------------------------


----------------------------------------------------------------------
------------------- End of Log File-------------------------------
----------------------------------------------------------------------
PID : 7668
Name : cpptools.exe
PID : 7668
UserName : DESKTOP-51BDU4F\ADMIN
Status : stopped
CPU Usage : 0.0000
RAM (memory) Usage : 0.0010
----------------------------------------------------------------------


----------------------------------------------------------------------
------------------- End of Log File-------------------------------
----------------------------------------------------------------------
PID : 7688
Name : RuntimeBroker.exe
PID : 7688
UserName : DESKTOP-51BDU4F\ADMIN
Status : running
CPU Usage : 0.0000
RAM (memory) Usage : 0.0318
----------------------------------------------------------------------


----------------------------------------------------------------------
------------------- End of Log File-------------------------------
----------------------------------------------------------------------
PID : 7732
Name : chrome.exe
PID : 7732
UserName : DESKTOP-51BDU4F\ADMIN
Status : running
CPU Usage : 0.0000
RAM (memory) Usage : 0.9915
----------------------------------------------------------------------


----------------------------------------------------------------------
------------------- End of Log File-------------------------------
----------------------------------------------------------------------
PID : 7784
Name : dllhost.exe
PID : 7784
UserName : DESKTOP-51BDU4F\ADMIN
Status : running
CPU Usage : 0.0000
RAM (memory) Usage : 0.0447
----------------------------------------------------------------------


----------------------------------------------------------------------
------------------- End of Log File-------------------------------
----------------------------------------------------------------------
PID : 8144
Name : ctfmon.exe
PID : 8144
UserName : DESKTOP-51BDU4F\ADMIN
Status : running
CPU Usage : 0.0000
RAM (memory) Usage : 0.2709
----------------------------------------------------------------------


----------------------------------------------------------------------
------------------- End of Log File-------------------------------
----------------------------------------------------------------------
PID : 8180
Name : powershell.exe
PID : 8180
UserName : DESKTOP-51BDU4F\ADMIN
Status : running
CPU Usage : 0.0000
RAM (memory) Usage : 0.1080
----------------------------------------------------------------------


----------------------------------------------------------------------
------------------- End of Log File-------------------------------
----------------------------------------------------------------------
PID : 8356
Name : svchost.exe
PID : 8356
UserName : None
Status : running
CPU Usage : 0.0000
RAM (memory) Usage : 0.0287
----------------------------------------------------------------------


----------------------------------------------------------------------
------------------- End of Log File-------------------------------
----------------------------------------------------------------------
PID : 8448
Name : SearchIndexer.exe
PID : 8448
UserName : None
Status : running
CPU Usage : 0.0000
RAM (memory) Usage : 0.3936
----------------------------------------------------------------------


----------------------------------------------------------------------
------------------- End of Log File-------------------------------
----------------------------------------------------------------------
PID : 8604
Name : msedgewebview2.exe
PID : 8604
UserName : DESKTOP-51BDU4F\ADMIN
Status : running
CPU Usage : 0.0000
RAM (memory) Usage : 0.0055
----------------------------------------------------------------------


----------------------------------------------------------------------
------------------- End of Log File-------------------------------
----------------------------------------------------------------------
PID : 8844
Name : svchost.exe
PID : 8844
UserName : None
Status : running
CPU Usage : 0.0000
RAM (memory) Usage : 0.0269
----------------------------------------------------------------------


----------------------------------------------------------------------
------------------- End of Log File-------------------------------
----------------------------------------------------------------------
PID : 9100
Name : svchost.exe
PID : 9100
UserName : DESKTOP-51BDU4F\ADMIN
Status : running
CPU Usage : 0.0000
RAM (memory) Usage : 0.0543
----------------------------------------------------------------------


----------------------------------------------------------------------
------------------- End of Log File-------------------------------
----------------------------------------------------------------------
PID : 9200
Name : conhost.exe
PID : 9200
UserName : DESKTOP-51BDU4F\ADMIN
Status : running
CPU Usage : 0.0000
RAM (memory) Usage : 0.0001
----------------------------------------------------------------------


----------------------------------------------------------------------
------------------- End of Log File-------------------------------
----------------------------------------------------------------------
PID : 9224
Name : svchost.exe
PID : 9224
UserName : None
Status : running
CPU Usage : 0.0000
RAM (memory) Usage : 0.0232
----------------------------------------------------------------------


----------------------------------------------------------------------
------------------- End of Log File-------------------------------
----------------------------------------------------------------------
PID : 9256
Name : svchost.exe
PID : 9256
UserName : None
Status : running
CPU Usage : 0.0000
RAM (memory) Usage : 0.0221
----------------------------------------------------------------------


----------------------------------------------------------------------
------------------- End of Log File-------------------------------
----------------------------------------------------------------------
PID : 9588
Name : Code.exe
PID : 9588
UserName : DESKTOP-51BDU4F\ADMIN
Status : running
CPU Usage : 0.0000
RAM (memory) Usage : 1.2778
----------------------------------------------------------------------


----------------------------------------------------------------------
------------------- End of Log File-------------------------------
----------------------------------------------------------------------
PID : 9936
Name : chrome.exe
PID : 9936
UserName : DESKTOP-51BDU4F\ADMIN
Status : running
CPU Usage : 0.0000
RAM (memory) Usage : 0.7276
----------------------------------------------------------------------


----------------------------------------------------------------------
------------------- End of Log File-------------------------------
----------------------------------------------------------------------
PID : 10068
Name : svchost.exe
PID : 10068
UserName : None
Status : running
CPU Usage : 0.0000
RAM (memory) Usage : 0.1559
----------------------------------------------------------------------


----------------------------------------------------------------------
------------------- End of Log File-------------------------------
----------------------------------------------------------------------
PID : 10080
Name : AdobeCollabSync.exe
PID : 10080
UserName : DESKTOP-51BDU4F\ADMIN
Status : running
CPU Usage : 0.0000
RAM (memory) Usage : 0.0047
----------------------------------------------------------------------


----------------------------------------------------------------------
------------------- End of Log File-------------------------------
----------------------------------------------------------------------
PID : 10132
Name : AdobeCollabSync.exe
PID : 10132
UserName : DESKTOP-51BDU4F\ADMIN
Status : running
CPU Usage : 0.0000
RAM (memory) Usage : 0.3963
----------------------------------------------------------------------


----------------------------------------------------------------------
------------------- End of Log File-------------------------------
----------------------------------------------------------------------
PID : 10244
Name : chrome.exe
PID : 10244
UserName : DESKTOP-51BDU4F\ADMIN
Status : running
CPU Usage : 0.0000
RAM (memory) Usage : 0.1110
----------------------------------------------------------------------


----------------------------------------------------------------------
------------------- End of Log File-------------------------------
----------------------------------------------------------------------
PID : 10336
Name : svchost.exe
PID : 10336
UserName : DESKTOP-51BDU4F\ADMIN
Status : running
CPU Usage : 0.0000
RAM (memory) Usage : 0.0246
----------------------------------------------------------------------


----------------------------------------------------------------------
------------------- End of Log File-------------------------------
----------------------------------------------------------------------
PID : 10404
Name : chrome.exe
PID : 10404
UserName : DESKTOP-51BDU4F\ADMIN
Status : running
CPU Usage : 0.0000
RAM (memory) Usage : 0.5912
----------------------------------------------------------------------


----------------------------------------------------------------------
------------------- End of Log File-------------------------------
----------------------------------------------------------------------
PID : 10448
Name : Code.exe
PID : 10448
UserName : DESKTOP-51BDU4F\ADMIN
Status : running
CPU Usage : 0.0000
RAM (memory) Usage : 8.1007
----------------------------------------------------------------------


----------------------------------------------------------------------
------------------- End of Log File-------------------------------
----------------------------------------------------------------------
PID : 10580
Name : svchost.exe
PID : 10580
UserName : None
Status : running
CPU Usage : 0.0000
RAM (memory) Usage : 0.0786
----------------------------------------------------------------------


----------------------------------------------------------------------
------------------- End of Log File-------------------------------
----------------------------------------------------------------------
PID : 10744
Name : svchost.exe
PID : 10744
UserName : None
Status : running
CPU Usage : 0.0000
RAM (memory) Usage : 0.1300
----------------------------------------------------------------------


----------------------------------------------------------------------
------------------- End of Log File-------------------------------
----------------------------------------------------------------------
PID : 10944
Name : WidgetService.exe
PID : 10944
UserName : DESKTOP-51BDU4F\ADMIN
Status : running
CPU Usage : 0.0000
RAM (memory) Usage : 0.1798
----------------------------------------------------------------------


----------------------------------------------------------------------
------------------- End of Log File-------------------------------
----------------------------------------------------------------------
PID : 11356
Name : Code.exe
PID : 11356
UserName : DESKTOP-51BDU4F\ADMIN
Status : running
CPU Usage : 0.0000
RAM (memory) Usage : 0.4002
----------------------------------------------------------------------


----------------------------------------------------------------------
------------------- End of Log File-------------------------------
----------------------------------------------------------------------
PID : 11504
Name : chrome.exe
PID : 11504
UserName : DESKTOP-51BDU4F\ADMIN
Status : running
CPU Usage : 0.0000
RAM (memory) Usage : 0.8346
----------------------------------------------------------------------


----------------------------------------------------------------------
------------------- End of Log File-------------------------------
----------------------------------------------------------------------
PID : 11772
Name : Photos.exe
PID : 11772
UserName : DESKTOP-51BDU4F\ADMIN
Status : stopped
CPU Usage : 0.0000
RAM (memory) Usage : 0.0026
----------------------------------------------------------------------


----------------------------------------------------------------------
------------------- End of Log File-------------------------------
----------------------------------------------------------------------
PID : 12020
Name : chrome.exe
PID : 12020
UserName : DESKTOP-51BDU4F\ADMIN
Status : running
CPU Usage : 0.0000
RAM (memory) Usage : 0.0468
----------------------------------------------------------------------


----------------------------------------------------------------------
------------------- End of Log File-------------------------------
----------------------------------------------------------------------
PID : 12036
Name : dllhost.exe
PID : 12036
UserName : DESKTOP-51BDU4F\ADMIN
Status : running
CPU Usage : 0.0000
RAM (memory) Usage : 0.0084
----------------------------------------------------------------------


----------------------------------------------------------------------
------------------- End of Log File-------------------------------
----------------------------------------------------------------------
PID : 12052
Name : svchost.exe
PID : 12052
UserName : DESKTOP-51BDU4F\ADMIN
Status : running
CPU Usage : 0.0000
RAM (memory) Usage : 0.0691
----------------------------------------------------------------------


----------------------------------------------------------------------
------------------- End of Log File-------------------------------
----------------------------------------------------------------------
PID : 12292
Name : Widgets.exe
PID : 12292
UserName : DESKTOP-51BDU4F\ADMIN
Status : running
CPU Usage : 0.0000
RAM (memory) Usage : 0.3715
----------------------------------------------------------------------


----------------------------------------------------------------------
------------------- End of Log File-------------------------------
----------------------------------------------------------------------
PID : 12448
Name : Code.exe
PID : 12448
UserName : DESKTOP-51BDU4F\ADMIN
Status : running
CPU Usage : 0.0000
RAM (memory) Usage : 1.4439
----------------------------------------------------------------------


----------------------------------------------------------------------
------------------- End of Log File-------------------------------
----------------------------------------------------------------------
PID : 12500
Name : chrome.exe
PID : 12500
UserName : DESKTOP-51BDU4F\ADMIN
Status : running
CPU Usage : 0.0000
RAM (memory) Usage : 0.9492
----------------------------------------------------------------------


----------------------------------------------------------------------
------------------- End of Log File-------------------------------
----------------------------------------------------------------------
PID : 12608
Name : svchost.exe
PID : 12608
UserName : None
Status : running
CPU Usage : 0.0000
RAM (memory) Usage : 0.0196
----------------------------------------------------------------------


----------------------------------------------------------------------
------------------- End of Log File-------------------------------
----------------------------------------------------------------------
PID : 12868
Name : msedgewebview2.exe
PID : 12868
UserName : DESKTOP-51BDU4F\ADMIN
Status : running
CPU Usage : 0.0000
RAM (memory) Usage : 0.0364
----------------------------------------------------------------------


----------------------------------------------------------------------
------------------- End of Log File-------------------------------
----------------------------------------------------------------------
PID : 13300
Name : chrome.exe
PID : 13300
UserName : DESKTOP-51BDU4F\ADMIN
Status : running
CPU Usage : 0.0000
RAM (memory) Usage : 0.1537
----------------------------------------------------------------------


----------------------------------------------------------------------
------------------- End of Log File-------------------------------
----------------------------------------------------------------------
PID : 13396
Name : NisSrv.exe
PID : 13396
UserName : None
Status : running
CPU Usage : 0.0000
RAM (memory) Usage : 0.1102
----------------------------------------------------------------------


----------------------------------------------------------------------
------------------- End of Log File-------------------------------
----------------------------------------------------------------------
PID : 13552
Name : RuntimeBroker.exe
PID : 13552
UserName : DESKTOP-51BDU4F\ADMIN
Status : running
CPU Usage : 0.0000
RAM (memory) Usage : 0.1379
----------------------------------------------------------------------


----------------------------------------------------------------------
------------------- End of Log File-------------------------------
----------------------------------------------------------------------
PID : 13688
Name : chrome.exe
PID : 13688
UserName : DESKTOP-51BDU4F\ADMIN
Status : running
CPU Usage : 0.0000
RAM (memory) Usage : 0.8925
----------------------------------------------------------------------


----------------------------------------------------------------------
------------------- End of Log File-------------------------------
----------------------------------------------------------------------
PID : 13776
Name : MpDefenderCoreService.exe
PID : 13776
UserName : None
Status : running
CPU Usage : 0.0000
RAM (memory) Usage : 0.2206
----------------------------------------------------------------------


----------------------------------------------------------------------
------------------- End of Log File-------------------------------
----------------------------------------------------------------------
PID : 14300
Name : SnippingTool.exe
PID : 14300
UserName : DESKTOP-51BDU4F\ADMIN
Status : running
CPU Usage : 0.0000
RAM (memory) Usage : 0.1311
----------------------------------------------------------------------


----------------------------------------------------------------------
------------------- End of Log File-------------------------------
----------------------------------------------------------------------
PID : 14488
Name : DataExchangeHost.exe
PID : 14488
UserName : DESKTOP-51BDU4F\ADMIN
Status : running
CPU Usage : 0.0000
RAM (memory) Usage : 0.0805
----------------------------------------------------------------------


----------------------------------------------------------------------
------------------- End of Log File-------------------------------
----------------------------------------------------------------------
PID : 14748
Name : OpenConsole.exe
PID : 14748
UserName : DESKTOP-51BDU4F\ADMIN
Status : running
CPU Usage : 0.0000
RAM (memory) Usage : 0.0035
----------------------------------------------------------------------


----------------------------------------------------------------------
------------------- End of Log File-------------------------------
----------------------------------------------------------------------
PID : 15224
Name : CodeSetup-stable-1b6a188127eeaf9194f945eb6eb89a657e93c54c.exe
PID : 15224
UserName : DESKTOP-51BDU4F\ADMIN
Status : running
CPU Usage : 0.0000
RAM (memory) Usage : 0.0002
----------------------------------------------------------------------


----------------------------------------------------------------------
------------------- End of Log File-------------------------------
----------------------------------------------------------------------
PID : 15524
Name : conhost.exe
PID : 15524
UserName : None
Status : running
CPU Usage : 0.0000
RAM (memory) Usage : 0.0001
----------------------------------------------------------------------


----------------------------------------------------------------------
------------------- End of Log File-------------------------------
----------------------------------------------------------------------
PID : 15780
Name : chrome.exe
PID : 15780
UserName : DESKTOP-51BDU4F\ADMIN
Status : running
CPU Usage : 0.0000
RAM (memory) Usage : 2.0103
----------------------------------------------------------------------


----------------------------------------------------------------------
------------------- End of Log File-------------------------------
----------------------------------------------------------------------
PID : 15952
Name : WindowsTerminal.exe
PID : 15952
UserName : DESKTOP-51BDU4F\ADMIN
Status : running
CPU Usage : 0.0000
RAM (memory) Usage : 0.8364
----------------------------------------------------------------------


----------------------------------------------------------------------
------------------- End of Log File-------------------------------
----------------------------------------------------------------------
PID : 16072
Name : MsMpEng.exe
PID : 16072
UserName : None
Status : running
CPU Usage : 0.0000
RAM (memory) Usage : 2.9981
----------------------------------------------------------------------


----------------------------------------------------------------------
------------------- End of Log File-------------------------------
----------------------------------------------------------------------
PID : 16252
Name : SystemSettingsBroker.exe
PID : 16252
UserName : DESKTOP-51BDU4F\ADMIN
Status : running
CPU Usage : 0.0000
RAM (memory) Usage : 0.1558
----------------------------------------------------------------------


----------------------------------------------------------------------
------------------- End of Log File-------------------------------
----------------------------------------------------------------------
PID : 16532
Name : SearchProtocolHost.exe
PID : 16532
UserName : None
Status : running
CPU Usage : 0.0000
RAM (memory) Usage : 0.2561
----------------------------------------------------------------------


----------------------------------------------------------------------
------------------- End of Log File-------------------------------
----------------------------------------------------------------------
PID : 16728
Name : cpptools.exe
PID : 16728
UserName : DESKTOP-51BDU4F\ADMIN
Status : running
CPU Usage : 0.0000
RAM (memory) Usage : 0.1237
----------------------------------------------------------------------


----------------------------------------------------------------------
------------------- End of Log File-------------------------------
----------------------------------------------------------------------
PID : 17464
Name : chrome.exe
PID : 17464
UserName : DESKTOP-51BDU4F\ADMIN
Status : running
CPU Usage : 0.0000
RAM (memory) Usage : 0.3374
----------------------------------------------------------------------


----------------------------------------------------------------------
------------------- End of Log File-------------------------------
----------------------------------------------------------------------
PID : 18400
Name : Code.exe
PID : 18400
UserName : DESKTOP-51BDU4F\ADMIN
Status : running
CPU Usage : 0.0000
RAM (memory) Usage : 0.5882
----------------------------------------------------------------------


----------------------------------------------------------------------
------------------- End of Log File-------------------------------
----------------------------------------------------------------------
PID : 18704
Name : chrome.exe
PID : 18704
UserName : DESKTOP-51BDU4F\ADMIN
Status : running
CPU Usage : 0.0000
RAM (memory) Usage : 0.5740
----------------------------------------------------------------------


----------------------------------------------------------------------
------------------- End of Log File-------------------------------
----------------------------------------------------------------------
PID : 18936
Name : python.exe
PID : 18936
UserName : DESKTOP-51BDU4F\ADMIN
Status : running
CPU Usage : 0.0000
RAM (memory) Usage : 0.6163
----------------------------------------------------------------------


----------------------------------------------------------------------
------------------- End of Log File-------------------------------
----------------------------------------------------------------------
PID : 19148
Name : OpenConsole.exe
PID : 19148
UserName : DESKTOP-51BDU4F\ADMIN
Status : running
CPU Usage : 0.0000
RAM (memory) Usage : 0.0294
----------------------------------------------------------------------


----------------------------------------------------------------------
------------------- End of Log File-------------------------------
----------------------------------------------------------------------
PID : 19608
Name : chrome.exe
PID : 19608
UserName : DESKTOP-51BDU4F\ADMIN
Status : running
CPU Usage : 0.0000
RAM (memory) Usage : 0.4945
----------------------------------------------------------------------


----------------------------------------------------------------------
------------------- End of Log File-------------------------------
----------------------------------------------------------------------
PID : 19780
Name : conhost.exe
PID : 19780
UserName : DESKTOP-51BDU4F\ADMIN
Status : running
CPU Usage : 0.0000
RAM (memory) Usage : 0.0036
----------------------------------------------------------------------


----------------------------------------------------------------------
------------------- End of Log File-------------------------------
----------------------------------------------------------------------
PID : 19788
Name : LockApp.exe
PID : 19788
UserName : DESKTOP-51BDU4F\ADMIN
Status : stopped
CPU Usage : 0.0000
RAM (memory) Usage : 0.0001
----------------------------------------------------------------------


----------------------------------------------------------------------
------------------- End of Log File-------------------------------
----------------------------------------------------------------------
PID : 19924
Name : Code.exe
PID : 19924
UserName : DESKTOP-51BDU4F\ADMIN
Status : running
CPU Usage : 0.0000
RAM (memory) Usage : 0.0318
----------------------------------------------------------------------


----------------------------------------------------------------------
------------------- End of Log File-------------------------------
----------------------------------------------------------------------
PID : 19936
Name : msedgewebview2.exe
PID : 19936
UserName : DESKTOP-51BDU4F\ADMIN
Status : running
CPU Usage : 0.0000
RAM (memory) Usage : 0.0107
----------------------------------------------------------------------


----------------------------------------------------------------------
------------------- End of Log File-------------------------------
----------------------------------------------------------------------
PID : 20580
Name : dllhost.exe
PID : 20580
UserName : DESKTOP-51BDU4F\ADMIN
Status : running
CPU Usage : 0.0000
RAM (memory) Usage : 0.0113
----------------------------------------------------------------------


----------------------------------------------------------------------
------------------- End of Log File-------------------------------
----------------------------------------------------------------------
PID : 20916
Name : msedgewebview2.exe
PID : 20916
UserName : DESKTOP-51BDU4F\ADMIN
Status : running
CPU Usage : 0.0000
RAM (memory) Usage : 0.1487
----------------------------------------------------------------------


----------------------------------------------------------------------
------------------- End of Log File-------------------------------
----------------------------------------------------------------------
PID : 21340
Name : chrome.exe
PID : 21340
UserName : DESKTOP-51BDU4F\ADMIN
Status : running
CPU Usage : 0.0000
RAM (memory) Usage : 0.0507
----------------------------------------------------------------------


----------------------------------------------------------------------
------------------- End of Log File-------------------------------
----------------------------------------------------------------------
PID : 21432
Name : powershell.exe
PID : 21432
UserName : DESKTOP-51BDU4F\ADMIN
Status : running
CPU Usage : 0.0000
RAM (memory) Usage : 0.1002
----------------------------------------------------------------------


----------------------------------------------------------------------
------------------- End of Log File-------------------------------
----------------------------------------------------------------------
PID : 21728
Name : OpenConsole.exe
PID : 21728
UserName : DESKTOP-51BDU4F\ADMIN
Status : running
CPU Usage : 0.0000
RAM (memory) Usage : 0.0037
----------------------------------------------------------------------


----------------------------------------------------------------------
------------------- End of Log File-------------------------------
----------------------------------------------------------------------
PID : 21860
Name : OneDrive.exe
PID : 21860
UserName : DESKTOP-51BDU4F\ADMIN
Status : running
CPU Usage : 0.0000
RAM (memory) Usage : 0.1433
----------------------------------------------------------------------


----------------------------------------------------------------------
------------------- End of Log File-------------------------------
----------------------------------------------------------------------
PID : 21896
Name : msedgewebview2.exe
PID : 21896
UserName : DESKTOP-51BDU4F\ADMIN
Status : running
CPU Usage : 0.0000
RAM (memory) Usage : 0.0379
----------------------------------------------------------------------


----------------------------------------------------------------------
------------------- End of Log File-------------------------------
----------------------------------------------------------------------
PID : 21968
Name : Code.exe
PID : 21968
UserName : DESKTOP-51BDU4F\ADMIN
Status : running
CPU Usage : 0.0000
RAM (memory) Usage : 1.8309
----------------------------------------------------------------------


----------------------------------------------------------------------
------------------- End of Log File-------------------------------
----------------------------------------------------------------------
PID : 22372
Name : Code.exe
PID : 22372
UserName : DESKTOP-51BDU4F\ADMIN
Status : running
CPU Usage : 0.0000
RAM (memory) Usage : 30.8032
----------------------------------------------------------------------


----------------------------------------------------------------------
------------------- End of Log File-------------------------------
----------------------------------------------------------------------
PID : 22432
Name : svchost.exe
PID : 22432
UserName : None
Status : running
CPU Usage : 0.0000
RAM (memory) Usage : 0.2225
----------------------------------------------------------------------


----------------------------------------------------------------------
------------------- End of Log File-------------------------------
----------------------------------------------------------------------
PID : 22572
Name : WmiPrvSE.exe
PID : 22572
UserName : None
Status : running
CPU Usage : 0.0000
RAM (memory) Usage : 0.2529
----------------------------------------------------------------------


----------------------------------------------------------------------
------------------- End of Log File-------------------------------
----------------------------------------------------------------------
PID : 23124
Name : svchost.exe
PID : 23124
UserName : None
Status : running
CPU Usage : 0.0000
RAM (memory) Usage : 0.0216
----------------------------------------------------------------------


----------------------------------------------------------------------
------------------- End of Log File-------------------------------
----------------------------------------------------------------------
PID : 23352
Name : Notepad.exe
PID : 23352
UserName : DESKTOP-51BDU4F\ADMIN
Status : running
CPU Usage : 0.0000
RAM (memory) Usage : 0.3917
----------------------------------------------------------------------


----------------------------------------------------------------------
------------------- End of Log File-------------------------------
----------------------------------------------------------------------
PID : 23956
Name : RuntimeBroker.exe
PID : 23956
UserName : DESKTOP-51BDU4F\ADMIN
Status : running
CPU Usage : 0.0000
RAM (memory) Usage : 0.1707
----------------------------------------------------------------------


----------------------------------------------------------------------
------------------- End of Log File-------------------------------
----------------------------------------------------------------------
PID : 24136
Name : svchost.exe
PID : 24136
UserName : None
Status : running
CPU Usage : 0.0000
RAM (memory) Usage : 0.0198
----------------------------------------------------------------------


----------------------------------------------------------------------
------------------- End of Log File-------------------------------
----------------------------------------------------------------------
